[2026-09-28T01:49:34.050+0000] {taskinstance.py:1125} INFO - Dependencies all met for dep_context=non-requeueable deps ti=<TaskInstance: cobertura_pipeline.ejecutar_notebook scheduled__2026-09-28T01:43:14.899558+00:00 [queued]>
[2026-09-28T01:49:34.080+0000] {taskinstance.py:1125} INFO - Dependencies all met for dep_context=requeueable deps ti=<TaskInstance: cobertura_pipeline.ejecutar_notebook scheduled__2026-09-28T01:43:14.899558+00:00 [queued]>
[2026-09-28T01:49:34.080+0000] {taskinstance.py:1331} INFO - Starting attempt 1 of 3
[2026-09-28T01:49:34.120+0000] {taskinstance.py:1350} INFO - Executing <Task(PythonOperator): ejecutar_notebook> on 2026-09-28 01:43:14.899558+00:00
[2026-09-28T01:49:34.138+0000] {standard_task_runner.py:57} INFO - Started process 1176 to run task
[2026-09-28T01:49:34.146+0000] {standard_task_runner.py:84} INFO - Running: ['***', 'tasks', 'run', 'cobertura_pipeline', 'ejecutar_notebook', 'scheduled__2026-09-28T01:43:14.899558+00:00', '--job-id', '1408', '--raw', '--subdir', 'DAGS_FOLDER/1_dag_flujo.py', '--cfg-path', '/tmp/tmpqtu_z231']
[2026-09-28T01:49:34.152+0000] {standard_task_runner.py:85} INFO - Job 1408: Subtask ejecutar_notebook
[2026-09-28T01:49:34.305+0000] {task_command.py:410} INFO - Running <TaskInstance: cobertura_pipeline.ejecutar_notebook scheduled__2026-09-28T01:43:14.899558+00:00 [running]> on host 83378675a687
[2026-09-28T01:49:34.579+0000] {taskinstance.py:1570} INFO - Exporting env vars: AIRFLOW_CTX_DAG_OWNER='***' AIRFLOW_CTX_DAG_ID='cobertura_pipeline' AIRFLOW_CTX_TASK_ID='ejecutar_notebook' AIRFLOW_CTX_EXECUTION_DATE='2026-09-28T01:43:14.899558+00:00' AIRFLOW_CTX_TRY_NUMBER='1' AIRFLOW_CTX_DAG_RUN_ID='scheduled__2026-09-28T01:43:14.899558+00:00'
[2026-09-28T01:49:35.059+0000] {execute.py:83} INFO - Input Notebook:  /opt/***/notebooks/entrenamiento.ipynb
[2026-09-28T01:49:35.060+0000] {execute.py:84} INFO - Output Notebook: /opt/***/logs/notebooks/c4fc041d48495e0eee28767b_intento_1.ipynb
[2026-09-28T01:49:35.060+0000] {execute.py:87} INFO - Working directory: /opt/***
[2026-09-28T01:49:35.117+0000] {translators.py:196} WARNING - Black is not installed, parameters wont be formatted
[2026-09-28T01:49:35.133+0000] {logging_mixin.py:149} WARNING - Executing:   0%|          | 0/6 [00:00<?, ?cell/s]
[2026-09-28T01:49:37.732+0000] {clientwrap.py:44} INFO - Executing notebook with kernel: python3
[2026-09-28T01:49:37.738+0000] {engines.py:218} INFO - Executing Cell 1---------------------------------------
[2026-09-28T01:49:37.788+0000] {engines.py:256} INFO - Ending Cell 1------------------------------------------
[2026-09-28T01:49:37.799+0000] {logging_mixin.py:149} WARNING - Executing:  17%|#6        | 1/6 [00:02<00:13,  2.67s/cell]
[2026-09-28T01:49:37.800+0000] {engines.py:218} INFO - Executing Cell 2---------------------------------------
[2026-09-28T01:49:37.829+0000] {engines.py:256} INFO - Ending Cell 2------------------------------------------
[2026-09-28T01:49:37.836+0000] {engines.py:218} INFO - Executing Cell 3---------------------------------------
[2026-09-28T01:49:39.805+0000] {clientwrap.py:91} INFO - Ejecución: scheduled__2026-09-28T01:43:14.899558+00:00
Entrenamiento: 13625
Prueba: 3454

[2026-09-28T01:49:39.812+0000] {engines.py:256} INFO - Ending Cell 3------------------------------------------
[2026-09-28T01:49:39.820+0000] {logging_mixin.py:149} WARNING - Executing:  50%|#####     | 3/6 [00:04<00:04,  1.44s/cell]
[2026-09-28T01:49:39.821+0000] {engines.py:218} INFO - Executing Cell 4---------------------------------------
[2026-09-28T01:49:41.170+0000] {clientwrap.py:91} INFO - {
  "accuracy": 0.9840764331210191,
  "f1_macro": 0.9462527647977023,
  "filas_train": 13625,
  "filas_test": 3454,
  "batches_recolectados": 7,
  "clases_entrenadas": [
    1,
    2,
    4,
    5,
    6
  ],
  "clases_test": [
    1,
    2,
    4,
    5,
    6
  ],
  "matriz_confusion_orden_1_a_7": [
    [
      2963,
      0,
      0,
      17,
      2,
      2,
      0
    ],
    [
      3,
      120,
      0,
      0,
      0,
      0,
      0
    ],
    [
      0,
      0,
      0,
      0,
      0,
      0,
      0
    ],
    [
      10,
      0,
      0,
      119,
      0,
      0,
      0
    ],
    [
      17,
      0,
      0,
      0,
      68,
      0,
      0
    ],
    [
      4,
      0,
      0,
      0,
      0,
      129,
      0
    ],
    [
      0,
      0,
      0,
      0,
      0,
      0,
      0
    ]
  ]
}

[2026-09-28T01:49:41.178+0000] {engines.py:256} INFO - Ending Cell 4------------------------------------------
[2026-09-28T01:49:41.184+0000] {logging_mixin.py:149} WARNING - Executing:  67%|######6   | 4/6 [00:06<00:02,  1.41s/cell]
[2026-09-28T01:49:41.185+0000] {engines.py:218} INFO - Executing Cell 5---------------------------------------
[2026-09-28T01:49:41.644+0000] {clientwrap.py:91} INFO - Modelo guardado: grupo3/jupyter_dbed0b912c68440ea62dd95a66d06c26/modelo.joblib

[2026-09-28T01:49:41.646+0000] {engines.py:256} INFO - Ending Cell 5------------------------------------------
[2026-09-28T01:49:41.664+0000] {logging_mixin.py:149} WARNING - Executing:  83%|########3 | 5/6 [00:06<00:01,  1.10s/cell]
[2026-09-28T01:49:41.664+0000] {engines.py:218} INFO - Executing Cell 6---------------------------------------
[2026-09-28T01:49:41.707+0000] {clientwrap.py:91} INFO - Modelo activado: jupyter_dbed0b912c68440ea62dd95a66d06c26

[2026-09-28T01:49:41.711+0000] {engines.py:256} INFO - Ending Cell 6------------------------------------------
[2026-09-28T01:49:42.358+0000] {logging_mixin.py:149} WARNING - Executing: 100%|##########| 6/6 [00:07<00:00,  1.20s/cell]
[2026-09-28T01:49:42.365+0000] {logging_mixin.py:149} INFO - Notebook ejecutado y guardado en: /opt/***/logs/notebooks/c4fc041d48495e0eee28767b_intento_1.ipynb
[2026-09-28T01:49:42.365+0000] {python.py:183} INFO - Done. Returned value was: None
[2026-09-28T01:49:42.390+0000] {taskinstance.py:1373} INFO - Marking task as SUCCESS. dag_id=cobertura_pipeline, task_id=ejecutar_notebook, execution_date=20260928T014314, start_date=20260928T014934, end_date=20260928T014942
[2026-09-28T01:49:42.473+0000] {local_task_job_runner.py:232} INFO - Task exited with return code 0
[2026-09-28T01:49:42.540+0000] {taskinstance.py:2674} INFO - 0 downstream tasks scheduled from follow-on schedule check
