[2026-09-28T02:01:33.005+0000] {taskinstance.py:1125} INFO - Dependencies all met for dep_context=non-requeueable deps ti=<TaskInstance: cobertura_pipeline.ejecutar_notebook scheduled__2026-09-28T01:55:14.899558+00:00 [queued]>
[2026-09-28T02:01:33.032+0000] {taskinstance.py:1125} INFO - Dependencies all met for dep_context=requeueable deps ti=<TaskInstance: cobertura_pipeline.ejecutar_notebook scheduled__2026-09-28T01:55:14.899558+00:00 [queued]>
[2026-09-28T02:01:33.033+0000] {taskinstance.py:1331} INFO - Starting attempt 1 of 3
[2026-09-28T02:01:33.075+0000] {taskinstance.py:1350} INFO - Executing <Task(PythonOperator): ejecutar_notebook> on 2026-09-28 01:55:14.899558+00:00
[2026-09-28T02:01:33.093+0000] {standard_task_runner.py:57} INFO - Started process 1488 to run task
[2026-09-28T02:01:33.107+0000] {standard_task_runner.py:84} INFO - Running: ['***', 'tasks', 'run', 'cobertura_pipeline', 'ejecutar_notebook', 'scheduled__2026-09-28T01:55:14.899558+00:00', '--job-id', '1416', '--raw', '--subdir', 'DAGS_FOLDER/1_dag_flujo.py', '--cfg-path', '/tmp/tmppyp5j1r0']
[2026-09-28T02:01:33.115+0000] {standard_task_runner.py:85} INFO - Job 1416: Subtask ejecutar_notebook
[2026-09-28T02:01:33.260+0000] {task_command.py:410} INFO - Running <TaskInstance: cobertura_pipeline.ejecutar_notebook scheduled__2026-09-28T01:55:14.899558+00:00 [running]> on host 83378675a687
[2026-09-28T02:01:33.518+0000] {taskinstance.py:1570} INFO - Exporting env vars: AIRFLOW_CTX_DAG_OWNER='***' AIRFLOW_CTX_DAG_ID='cobertura_pipeline' AIRFLOW_CTX_TASK_ID='ejecutar_notebook' AIRFLOW_CTX_EXECUTION_DATE='2026-09-28T01:55:14.899558+00:00' AIRFLOW_CTX_TRY_NUMBER='1' AIRFLOW_CTX_DAG_RUN_ID='scheduled__2026-09-28T01:55:14.899558+00:00'
[2026-09-28T02:01:34.027+0000] {execute.py:83} INFO - Input Notebook:  /opt/***/notebooks/entrenamiento.ipynb
[2026-09-28T02:01:34.027+0000] {execute.py:84} INFO - Output Notebook: /opt/***/logs/notebooks/2bd7301f540908f96776d9ae_intento_1.ipynb
[2026-09-28T02:01:34.027+0000] {execute.py:87} INFO - Working directory: /opt/***
[2026-09-28T02:01:34.083+0000] {translators.py:196} WARNING - Black is not installed, parameters wont be formatted
[2026-09-28T02:01:34.097+0000] {logging_mixin.py:149} WARNING - Executing:   0%|          | 0/6 [00:00<?, ?cell/s]
[2026-09-28T02:01:36.656+0000] {clientwrap.py:44} INFO - Executing notebook with kernel: python3
[2026-09-28T02:01:36.658+0000] {engines.py:218} INFO - Executing Cell 1---------------------------------------
[2026-09-28T02:01:36.704+0000] {engines.py:256} INFO - Ending Cell 1------------------------------------------
[2026-09-28T02:01:36.715+0000] {logging_mixin.py:149} WARNING - Executing:  17%|#6        | 1/6 [00:02<00:13,  2.62s/cell]
[2026-09-28T02:01:36.715+0000] {engines.py:218} INFO - Executing Cell 2---------------------------------------
[2026-09-28T02:01:36.740+0000] {engines.py:256} INFO - Ending Cell 2------------------------------------------
[2026-09-28T02:01:36.747+0000] {engines.py:218} INFO - Executing Cell 3---------------------------------------
[2026-09-28T02:01:38.751+0000] {clientwrap.py:91} INFO - Ejecución: scheduled__2026-09-28T01:55:14.899558+00:00
Entrenamiento: 15565
Prueba: 3922

[2026-09-28T02:01:38.761+0000] {engines.py:256} INFO - Ending Cell 3------------------------------------------
[2026-09-28T02:01:38.776+0000] {logging_mixin.py:149} WARNING - Executing:  50%|#####     | 3/6 [00:04<00:04,  1.44s/cell]
[2026-09-28T02:01:38.776+0000] {engines.py:218} INFO - Executing Cell 4---------------------------------------
[2026-09-28T02:01:40.238+0000] {clientwrap.py:91} INFO - {
  "accuracy": 0.9847016828148903,
  "f1_macro": 0.9480280578652664,
  "filas_train": 15565,
  "filas_test": 3922,
  "batches_recolectados": 9,
  "clases_entrenadas": [
    1,
    2,
    4,
    5,
    6
  ],
  "clases_test": [
    1,
    2,
    4,
    5,
    6
  ],
  "matriz_confusion_orden_1_a_7": [
    [
      3367,
      0,
      0,
      19,
      5,
      2,
      0
    ],
    [
      3,
      137,
      0,
      0,
      0,
      0,
      0
    ],
    [
      0,
      0,
      0,
      0,
      0,
      0,
      0
    ],
    [
      10,
      0,
      0,
      138,
      0,
      0,
      0
    ],
    [
      16,
      0,
      0,
      0,
      76,
      0,
      0
    ],
    [
      5,
      0,
      0,
      0,
      0,
      144,
      0
    ],
    [
      0,
      0,
      0,
      0,
      0,
      0,
      0
    ]
  ]
}

[2026-09-28T02:01:40.246+0000] {engines.py:256} INFO - Ending Cell 4------------------------------------------
[2026-09-28T02:01:40.255+0000] {logging_mixin.py:149} WARNING - Executing:  67%|######6   | 4/6 [00:06<00:02,  1.45s/cell]
[2026-09-28T02:01:40.256+0000] {engines.py:218} INFO - Executing Cell 5---------------------------------------
[2026-09-28T02:01:40.680+0000] {clientwrap.py:91} INFO - Modelo guardado: grupo3/jupyter_fa60e3778b0045ef80fee58687848693/modelo.joblib

[2026-09-28T02:01:40.686+0000] {engines.py:256} INFO - Ending Cell 5------------------------------------------
[2026-09-28T02:01:40.695+0000] {logging_mixin.py:149} WARNING - Executing:  83%|########3 | 5/6 [00:06<00:01,  1.12s/cell]
[2026-09-28T02:01:40.696+0000] {engines.py:218} INFO - Executing Cell 6---------------------------------------
[2026-09-28T02:01:40.736+0000] {clientwrap.py:91} INFO - Modelo activado: jupyter_fa60e3778b0045ef80fee58687848693

[2026-09-28T02:01:40.742+0000] {engines.py:256} INFO - Ending Cell 6------------------------------------------
[2026-09-28T02:01:41.485+0000] {logging_mixin.py:149} WARNING - Executing: 100%|##########| 6/6 [00:07<00:00,  1.23s/cell]
[2026-09-28T02:01:41.502+0000] {logging_mixin.py:149} INFO - Notebook ejecutado y guardado en: /opt/***/logs/notebooks/2bd7301f540908f96776d9ae_intento_1.ipynb
[2026-09-28T02:01:41.503+0000] {python.py:183} INFO - Done. Returned value was: None
[2026-09-28T02:01:41.540+0000] {taskinstance.py:1373} INFO - Marking task as SUCCESS. dag_id=cobertura_pipeline, task_id=ejecutar_notebook, execution_date=20260928T015514, start_date=20260928T020133, end_date=20260928T020141
[2026-09-28T02:01:41.656+0000] {local_task_job_runner.py:232} INFO - Task exited with return code 0
[2026-09-28T02:01:41.697+0000] {taskinstance.py:2674} INFO - 0 downstream tasks scheduled from follow-on schedule check
