[2026-09-28T01:55:32.114+0000] {taskinstance.py:1125} INFO - Dependencies all met for dep_context=non-requeueable deps ti=<TaskInstance: cobertura_pipeline.ejecutar_notebook scheduled__2026-09-28T01:49:14.899558+00:00 [queued]>
[2026-09-28T01:55:32.155+0000] {taskinstance.py:1125} INFO - Dependencies all met for dep_context=requeueable deps ti=<TaskInstance: cobertura_pipeline.ejecutar_notebook scheduled__2026-09-28T01:49:14.899558+00:00 [queued]>
[2026-09-28T01:55:32.156+0000] {taskinstance.py:1331} INFO - Starting attempt 1 of 3
[2026-09-28T01:55:32.198+0000] {taskinstance.py:1350} INFO - Executing <Task(PythonOperator): ejecutar_notebook> on 2026-09-28 01:49:14.899558+00:00
[2026-09-28T01:55:32.216+0000] {standard_task_runner.py:57} INFO - Started process 1333 to run task
[2026-09-28T01:55:32.228+0000] {standard_task_runner.py:84} INFO - Running: ['***', 'tasks', 'run', 'cobertura_pipeline', 'ejecutar_notebook', 'scheduled__2026-09-28T01:49:14.899558+00:00', '--job-id', '1412', '--raw', '--subdir', 'DAGS_FOLDER/1_dag_flujo.py', '--cfg-path', '/tmp/tmp1uysyt6_']
[2026-09-28T01:55:32.235+0000] {standard_task_runner.py:85} INFO - Job 1412: Subtask ejecutar_notebook
[2026-09-28T01:55:32.382+0000] {task_command.py:410} INFO - Running <TaskInstance: cobertura_pipeline.ejecutar_notebook scheduled__2026-09-28T01:49:14.899558+00:00 [running]> on host 83378675a687
[2026-09-28T01:55:32.653+0000] {taskinstance.py:1570} INFO - Exporting env vars: AIRFLOW_CTX_DAG_OWNER='***' AIRFLOW_CTX_DAG_ID='cobertura_pipeline' AIRFLOW_CTX_TASK_ID='ejecutar_notebook' AIRFLOW_CTX_EXECUTION_DATE='2026-09-28T01:49:14.899558+00:00' AIRFLOW_CTX_TRY_NUMBER='1' AIRFLOW_CTX_DAG_RUN_ID='scheduled__2026-09-28T01:49:14.899558+00:00'
[2026-09-28T01:55:33.199+0000] {execute.py:83} INFO - Input Notebook:  /opt/***/notebooks/entrenamiento.ipynb
[2026-09-28T01:55:33.199+0000] {execute.py:84} INFO - Output Notebook: /opt/***/logs/notebooks/3a4b08a7a5975e3d90801fcf_intento_1.ipynb
[2026-09-28T01:55:33.199+0000] {execute.py:87} INFO - Working directory: /opt/***
[2026-09-28T01:55:33.255+0000] {translators.py:196} WARNING - Black is not installed, parameters wont be formatted
[2026-09-28T01:55:33.269+0000] {logging_mixin.py:149} WARNING - Executing:   0%|          | 0/6 [00:00<?, ?cell/s]
[2026-09-28T01:55:35.681+0000] {clientwrap.py:44} INFO - Executing notebook with kernel: python3
[2026-09-28T01:55:35.683+0000] {engines.py:218} INFO - Executing Cell 1---------------------------------------
[2026-09-28T01:55:35.736+0000] {engines.py:256} INFO - Ending Cell 1------------------------------------------
[2026-09-28T01:55:35.744+0000] {logging_mixin.py:149} WARNING - Executing:  17%|#6        | 1/6 [00:02<00:12,  2.47s/cell]
[2026-09-28T01:55:35.745+0000] {engines.py:218} INFO - Executing Cell 2---------------------------------------
[2026-09-28T01:55:35.770+0000] {engines.py:256} INFO - Ending Cell 2------------------------------------------
[2026-09-28T01:55:35.778+0000] {engines.py:218} INFO - Executing Cell 3---------------------------------------
[2026-09-28T01:55:37.935+0000] {clientwrap.py:91} INFO - Ejecución: scheduled__2026-09-28T01:49:14.899558+00:00
Entrenamiento: 14620
Prueba: 3691

[2026-09-28T01:55:37.940+0000] {engines.py:256} INFO - Ending Cell 3------------------------------------------
[2026-09-28T01:55:37.950+0000] {logging_mixin.py:149} WARNING - Executing:  50%|#####     | 3/6 [00:04<00:04,  1.46s/cell]
[2026-09-28T01:55:37.951+0000] {engines.py:218} INFO - Executing Cell 4---------------------------------------
[2026-09-28T01:55:39.508+0000] {clientwrap.py:91} INFO - {
  "accuracy": 0.9853698184773774,
  "f1_macro": 0.9506646443680056,
  "filas_train": 14620,
  "filas_test": 3691,
  "batches_recolectados": 8,
  "clases_entrenadas": [
    1,
    2,
    4,
    5,
    6
  ],
  "clases_test": [
    1,
    2,
    4,
    5,
    6
  ],
  "matriz_confusion_orden_1_a_7": [
    [
      3173,
      0,
      0,
      18,
      3,
      1,
      0
    ],
    [
      3,
      125,
      0,
      0,
      0,
      0,
      0
    ],
    [
      0,
      0,
      0,
      0,
      0,
      0,
      0
    ],
    [
      11,
      0,
      0,
      126,
      0,
      0,
      0
    ],
    [
      16,
      0,
      0,
      0,
      75,
      0,
      0
    ],
    [
      2,
      0,
      0,
      0,
      0,
      138,
      0
    ],
    [
      0,
      0,
      0,
      0,
      0,
      0,
      0
    ]
  ]
}

[2026-09-28T01:55:39.513+0000] {engines.py:256} INFO - Ending Cell 4------------------------------------------
[2026-09-28T01:55:39.520+0000] {logging_mixin.py:149} WARNING - Executing:  67%|######6   | 4/6 [00:06<00:02,  1.50s/cell]
[2026-09-28T01:55:39.521+0000] {engines.py:218} INFO - Executing Cell 5---------------------------------------
[2026-09-28T01:55:39.938+0000] {clientwrap.py:91} INFO - Modelo guardado: grupo3/jupyter_2e43dbadf0a34016a206567e4b7791dc/modelo.joblib

[2026-09-28T01:55:39.942+0000] {engines.py:256} INFO - Ending Cell 5------------------------------------------
[2026-09-28T01:55:39.948+0000] {logging_mixin.py:149} WARNING - Executing:  83%|########3 | 5/6 [00:06<00:01,  1.14s/cell]
[2026-09-28T01:55:39.949+0000] {engines.py:218} INFO - Executing Cell 6---------------------------------------
[2026-09-28T01:55:39.994+0000] {clientwrap.py:91} INFO - Modelo activado: jupyter_2e43dbadf0a34016a206567e4b7791dc

[2026-09-28T01:55:40.008+0000] {engines.py:256} INFO - Ending Cell 6------------------------------------------
[2026-09-28T01:55:40.751+0000] {logging_mixin.py:149} WARNING - Executing: 100%|##########| 6/6 [00:07<00:00,  1.25s/cell]
[2026-09-28T01:55:40.767+0000] {logging_mixin.py:149} INFO - Notebook ejecutado y guardado en: /opt/***/logs/notebooks/3a4b08a7a5975e3d90801fcf_intento_1.ipynb
[2026-09-28T01:55:40.768+0000] {python.py:183} INFO - Done. Returned value was: None
[2026-09-28T01:55:40.805+0000] {taskinstance.py:1373} INFO - Marking task as SUCCESS. dag_id=cobertura_pipeline, task_id=ejecutar_notebook, execution_date=20260928T014914, start_date=20260928T015532, end_date=20260928T015540
[2026-09-28T01:55:40.898+0000] {local_task_job_runner.py:232} INFO - Task exited with return code 0
[2026-09-28T01:55:40.960+0000] {taskinstance.py:2674} INFO - 0 downstream tasks scheduled from follow-on schedule check
