[2026-09-28T01:19:30.831+0000] {taskinstance.py:1125} INFO - Dependencies all met for dep_context=non-requeueable deps ti=<TaskInstance: cobertura_pipeline.ejecutar_notebook scheduled__2026-09-28T01:13:14.573066+00:00 [queued]>
[2026-09-28T01:19:30.863+0000] {taskinstance.py:1125} INFO - Dependencies all met for dep_context=requeueable deps ti=<TaskInstance: cobertura_pipeline.ejecutar_notebook scheduled__2026-09-28T01:13:14.573066+00:00 [queued]>
[2026-09-28T01:19:30.864+0000] {taskinstance.py:1331} INFO - Starting attempt 1 of 3
[2026-09-28T01:19:30.909+0000] {taskinstance.py:1350} INFO - Executing <Task(PythonOperator): ejecutar_notebook> on 2026-09-28 01:13:14.573066+00:00
[2026-09-28T01:19:30.928+0000] {standard_task_runner.py:57} INFO - Started process 385 to run task
[2026-09-28T01:19:30.941+0000] {standard_task_runner.py:84} INFO - Running: ['***', 'tasks', 'run', 'cobertura_pipeline', 'ejecutar_notebook', 'scheduled__2026-09-28T01:13:14.573066+00:00', '--job-id', '1388', '--raw', '--subdir', 'DAGS_FOLDER/1_dag_flujo.py', '--cfg-path', '/tmp/tmptp9ggy09']
[2026-09-28T01:19:30.948+0000] {standard_task_runner.py:85} INFO - Job 1388: Subtask ejecutar_notebook
[2026-09-28T01:19:31.099+0000] {task_command.py:410} INFO - Running <TaskInstance: cobertura_pipeline.ejecutar_notebook scheduled__2026-09-28T01:13:14.573066+00:00 [running]> on host 83378675a687
[2026-09-28T01:19:31.381+0000] {taskinstance.py:1570} INFO - Exporting env vars: AIRFLOW_CTX_DAG_OWNER='***' AIRFLOW_CTX_DAG_ID='cobertura_pipeline' AIRFLOW_CTX_TASK_ID='ejecutar_notebook' AIRFLOW_CTX_EXECUTION_DATE='2026-09-28T01:13:14.573066+00:00' AIRFLOW_CTX_TRY_NUMBER='1' AIRFLOW_CTX_DAG_RUN_ID='scheduled__2026-09-28T01:13:14.573066+00:00'
[2026-09-28T01:19:31.855+0000] {execute.py:83} INFO - Input Notebook:  /opt/***/notebooks/entrenamiento.ipynb
[2026-09-28T01:19:31.856+0000] {execute.py:84} INFO - Output Notebook: /opt/***/logs/notebooks/8a4b81b409be2cad25112f6b_intento_1.ipynb
[2026-09-28T01:19:31.856+0000] {execute.py:87} INFO - Working directory: /opt/***
[2026-09-28T01:19:31.912+0000] {translators.py:196} WARNING - Black is not installed, parameters wont be formatted
[2026-09-28T01:19:31.927+0000] {logging_mixin.py:149} WARNING - Executing:   0%|          | 0/6 [00:00<?, ?cell/s]
[2026-09-28T01:19:34.916+0000] {clientwrap.py:44} INFO - Executing notebook with kernel: python3
[2026-09-28T01:19:34.918+0000] {engines.py:218} INFO - Executing Cell 1---------------------------------------
[2026-09-28T01:19:34.971+0000] {engines.py:256} INFO - Ending Cell 1------------------------------------------
[2026-09-28T01:19:34.980+0000] {logging_mixin.py:149} WARNING - Executing:  17%|#6        | 1/6 [00:03<00:15,  3.05s/cell]
[2026-09-28T01:19:34.981+0000] {engines.py:218} INFO - Executing Cell 2---------------------------------------
[2026-09-28T01:19:35.012+0000] {engines.py:256} INFO - Ending Cell 2------------------------------------------
[2026-09-28T01:19:35.020+0000] {engines.py:218} INFO - Executing Cell 3---------------------------------------
[2026-09-28T01:19:36.827+0000] {clientwrap.py:91} INFO - Ejecución: scheduled__2026-09-28T01:13:14.573066+00:00
Entrenamiento: 6538
Prueba: 1663

[2026-09-28T01:19:36.832+0000] {engines.py:256} INFO - Ending Cell 3------------------------------------------
[2026-09-28T01:19:36.841+0000] {logging_mixin.py:149} WARNING - Executing:  50%|#####     | 3/6 [00:04<00:04,  1.48s/cell]
[2026-09-28T01:19:36.841+0000] {engines.py:218} INFO - Executing Cell 4---------------------------------------
[2026-09-28T01:19:37.770+0000] {clientwrap.py:91} INFO - {
  "accuracy": 0.9771497294046904,
  "f1_macro": 0.9139992245435252,
  "filas_train": 6538,
  "filas_test": 1663,
  "batches_recolectados": 2,
  "clases_entrenadas": [
    1,
    2,
    4,
    5,
    6
  ],
  "clases_test": [
    1,
    2,
    4,
    5,
    6
  ],
  "matriz_confusion_orden_1_a_7": [
    [
      1427,
      0,
      0,
      9,
      2,
      1,
      0
    ],
    [
      5,
      57,
      0,
      0,
      0,
      0,
      0
    ],
    [
      0,
      0,
      0,
      0,
      0,
      0,
      0
    ],
    [
      6,
      0,
      0,
      60,
      0,
      0,
      0
    ],
    [
      13,
      0,
      0,
      0,
      24,
      0,
      0
    ],
    [
      2,
      0,
      0,
      0,
      0,
      57,
      0
    ],
    [
      0,
      0,
      0,
      0,
      0,
      0,
      0
    ]
  ]
}

[2026-09-28T01:19:37.779+0000] {engines.py:256} INFO - Ending Cell 4------------------------------------------
[2026-09-28T01:19:37.787+0000] {logging_mixin.py:149} WARNING - Executing:  67%|######6   | 4/6 [00:05<00:02,  1.30s/cell]
[2026-09-28T01:19:37.788+0000] {engines.py:218} INFO - Executing Cell 5---------------------------------------
[2026-09-28T01:19:38.149+0000] {clientwrap.py:91} INFO - Modelo guardado: grupo3/jupyter_422b292cfeb941738f03c684786ec2ca/modelo.joblib

[2026-09-28T01:19:38.158+0000] {engines.py:256} INFO - Ending Cell 5------------------------------------------
[2026-09-28T01:19:38.167+0000] {logging_mixin.py:149} WARNING - Executing:  83%|########3 | 5/6 [00:06<00:00,  1.01cell/s]
[2026-09-28T01:19:38.167+0000] {engines.py:218} INFO - Executing Cell 6---------------------------------------
[2026-09-28T01:19:38.216+0000] {clientwrap.py:91} INFO - Modelo activado: jupyter_422b292cfeb941738f03c684786ec2ca

[2026-09-28T01:19:38.220+0000] {engines.py:256} INFO - Ending Cell 6------------------------------------------
[2026-09-28T01:19:40.862+0000] {logging_mixin.py:149} WARNING - Executing: 100%|##########| 6/6 [00:08<00:00,  1.49s/cell]
[2026-09-28T01:19:40.878+0000] {logging_mixin.py:149} INFO - Notebook ejecutado y guardado en: /opt/***/logs/notebooks/8a4b81b409be2cad25112f6b_intento_1.ipynb
[2026-09-28T01:19:40.879+0000] {python.py:183} INFO - Done. Returned value was: None
[2026-09-28T01:19:40.915+0000] {taskinstance.py:1373} INFO - Marking task as SUCCESS. dag_id=cobertura_pipeline, task_id=ejecutar_notebook, execution_date=20260928T011314, start_date=20260928T011930, end_date=20260928T011940
[2026-09-28T01:19:41.026+0000] {local_task_job_runner.py:232} INFO - Task exited with return code 0
[2026-09-28T01:19:41.078+0000] {taskinstance.py:2674} INFO - 0 downstream tasks scheduled from follow-on schedule check
