[2026-09-28T01:31:31.570+0000] {taskinstance.py:1125} INFO - Dependencies all met for dep_context=non-requeueable deps ti=<TaskInstance: cobertura_pipeline.ejecutar_notebook scheduled__2026-09-28T01:25:14.573066+00:00 [queued]>
[2026-09-28T01:31:31.605+0000] {taskinstance.py:1125} INFO - Dependencies all met for dep_context=requeueable deps ti=<TaskInstance: cobertura_pipeline.ejecutar_notebook scheduled__2026-09-28T01:25:14.573066+00:00 [queued]>
[2026-09-28T01:31:31.606+0000] {taskinstance.py:1331} INFO - Starting attempt 1 of 3
[2026-09-28T01:31:31.649+0000] {taskinstance.py:1350} INFO - Executing <Task(PythonOperator): ejecutar_notebook> on 2026-09-28 01:25:14.573066+00:00
[2026-09-28T01:31:31.669+0000] {standard_task_runner.py:57} INFO - Started process 706 to run task
[2026-09-28T01:31:31.681+0000] {standard_task_runner.py:84} INFO - Running: ['***', 'tasks', 'run', 'cobertura_pipeline', 'ejecutar_notebook', 'scheduled__2026-09-28T01:25:14.573066+00:00', '--job-id', '1396', '--raw', '--subdir', 'DAGS_FOLDER/1_dag_flujo.py', '--cfg-path', '/tmp/tmp08rujn4y']
[2026-09-28T01:31:31.689+0000] {standard_task_runner.py:85} INFO - Job 1396: Subtask ejecutar_notebook
[2026-09-28T01:31:31.839+0000] {task_command.py:410} INFO - Running <TaskInstance: cobertura_pipeline.ejecutar_notebook scheduled__2026-09-28T01:25:14.573066+00:00 [running]> on host 83378675a687
[2026-09-28T01:31:32.112+0000] {taskinstance.py:1570} INFO - Exporting env vars: AIRFLOW_CTX_DAG_OWNER='***' AIRFLOW_CTX_DAG_ID='cobertura_pipeline' AIRFLOW_CTX_TASK_ID='ejecutar_notebook' AIRFLOW_CTX_EXECUTION_DATE='2026-09-28T01:25:14.573066+00:00' AIRFLOW_CTX_TRY_NUMBER='1' AIRFLOW_CTX_DAG_RUN_ID='scheduled__2026-09-28T01:25:14.573066+00:00'
[2026-09-28T01:31:32.650+0000] {execute.py:83} INFO - Input Notebook:  /opt/***/notebooks/entrenamiento.ipynb
[2026-09-28T01:31:32.650+0000] {execute.py:84} INFO - Output Notebook: /opt/***/logs/notebooks/27d62494173403cb1e2a6b2f_intento_1.ipynb
[2026-09-28T01:31:32.650+0000] {execute.py:87} INFO - Working directory: /opt/***
[2026-09-28T01:31:32.713+0000] {translators.py:196} WARNING - Black is not installed, parameters wont be formatted
[2026-09-28T01:31:32.743+0000] {logging_mixin.py:149} WARNING - Executing:   0%|          | 0/6 [00:00<?, ?cell/s]
[2026-09-28T01:31:35.340+0000] {clientwrap.py:44} INFO - Executing notebook with kernel: python3
[2026-09-28T01:31:35.341+0000] {engines.py:218} INFO - Executing Cell 1---------------------------------------
[2026-09-28T01:31:35.382+0000] {engines.py:256} INFO - Ending Cell 1------------------------------------------
[2026-09-28T01:31:35.390+0000] {logging_mixin.py:149} WARNING - Executing:  17%|#6        | 1/6 [00:02<00:13,  2.65s/cell]
[2026-09-28T01:31:35.391+0000] {engines.py:218} INFO - Executing Cell 2---------------------------------------
[2026-09-28T01:31:35.413+0000] {engines.py:256} INFO - Ending Cell 2------------------------------------------
[2026-09-28T01:31:35.419+0000] {engines.py:218} INFO - Executing Cell 3---------------------------------------
[2026-09-28T01:31:37.685+0000] {clientwrap.py:91} INFO - Ejecución: scheduled__2026-09-28T01:25:14.573066+00:00
Entrenamiento: 9827
Prueba: 2478

[2026-09-28T01:31:37.691+0000] {engines.py:256} INFO - Ending Cell 3------------------------------------------
[2026-09-28T01:31:37.706+0000] {logging_mixin.py:149} WARNING - Executing:  50%|#####     | 3/6 [00:04<00:04,  1.54s/cell]
[2026-09-28T01:31:37.707+0000] {engines.py:218} INFO - Executing Cell 4---------------------------------------
[2026-09-28T01:31:39.167+0000] {clientwrap.py:91} INFO - {
  "accuracy": 0.9826472962066183,
  "f1_macro": 0.9364771085769691,
  "filas_train": 9827,
  "filas_test": 2478,
  "batches_recolectados": 4,
  "clases_entrenadas": [
    1,
    2,
    4,
    5,
    6
  ],
  "clases_test": [
    1,
    2,
    4,
    5,
    6
  ],
  "matriz_confusion_orden_1_a_7": [
    [
      2143,
      0,
      0,
      13,
      3,
      1,
      0
    ],
    [
      3,
      85,
      0,
      0,
      0,
      0,
      0
    ],
    [
      0,
      0,
      0,
      0,
      0,
      0,
      0
    ],
    [
      9,
      0,
      0,
      77,
      0,
      0,
      0
    ],
    [
      13,
      0,
      0,
      0,
      44,
      0,
      0
    ],
    [
      1,
      0,
      0,
      0,
      0,
      86,
      0
    ],
    [
      0,
      0,
      0,
      0,
      0,
      0,
      0
    ]
  ]
}

[2026-09-28T01:31:39.179+0000] {engines.py:256} INFO - Ending Cell 4------------------------------------------
[2026-09-28T01:31:39.188+0000] {logging_mixin.py:149} WARNING - Executing:  67%|######6   | 4/6 [00:06<00:03,  1.52s/cell]
[2026-09-28T01:31:39.189+0000] {engines.py:218} INFO - Executing Cell 5---------------------------------------
[2026-09-28T01:31:39.593+0000] {clientwrap.py:91} INFO - Modelo guardado: grupo3/jupyter_65a7a34f720641f5b61975b19122f427/modelo.joblib

[2026-09-28T01:31:39.600+0000] {engines.py:256} INFO - Ending Cell 5------------------------------------------
[2026-09-28T01:31:39.607+0000] {logging_mixin.py:149} WARNING - Executing:  83%|########3 | 5/6 [00:06<00:01,  1.16s/cell]
[2026-09-28T01:31:39.607+0000] {engines.py:218} INFO - Executing Cell 6---------------------------------------
[2026-09-28T01:31:39.646+0000] {clientwrap.py:91} INFO - Modelo activado: jupyter_65a7a34f720641f5b61975b19122f427

[2026-09-28T01:31:39.654+0000] {engines.py:256} INFO - Ending Cell 6------------------------------------------
[2026-09-28T01:31:40.298+0000] {logging_mixin.py:149} WARNING - Executing: 100%|##########| 6/6 [00:07<00:00,  1.26s/cell]
[2026-09-28T01:31:40.314+0000] {logging_mixin.py:149} INFO - Notebook ejecutado y guardado en: /opt/***/logs/notebooks/27d62494173403cb1e2a6b2f_intento_1.ipynb
[2026-09-28T01:31:40.315+0000] {python.py:183} INFO - Done. Returned value was: None
[2026-09-28T01:31:40.352+0000] {taskinstance.py:1373} INFO - Marking task as SUCCESS. dag_id=cobertura_pipeline, task_id=ejecutar_notebook, execution_date=20260928T012514, start_date=20260928T013131, end_date=20260928T013140
[2026-09-28T01:31:40.430+0000] {local_task_job_runner.py:232} INFO - Task exited with return code 0
[2026-09-28T01:31:40.497+0000] {taskinstance.py:2674} INFO - 0 downstream tasks scheduled from follow-on schedule check
