[2026-09-25T00:00:05.566+0000] {processor.py:156} INFO - Started process (PID=377221) to work on /opt/airflow/dags/1_dag_flujo.py
[2026-09-25T00:00:05.568+0000] {processor.py:799} INFO - Processing file /opt/airflow/dags/1_dag_flujo.py for tasks to queue
[2026-09-25T00:00:05.570+0000] {logging_mixin.py:149} INFO - [2026-09-25T00:00:05.570+0000] {dagbag.py:541} INFO - Filling up the DagBag from /opt/airflow/dags/1_dag_flujo.py
[2026-09-25T00:00:06.713+0000] {processor.py:809} INFO - DAG(s) dict_keys(['penguins_pipeline']) retrieved from /opt/airflow/dags/1_dag_flujo.py
[2026-09-25T00:00:06.793+0000] {logging_mixin.py:149} INFO - [2026-09-25T00:00:06.792+0000] {dag.py:2726} INFO - Sync 1 DAGs
[2026-09-25T00:00:06.857+0000] {logging_mixin.py:149} INFO - [2026-09-25T00:00:06.856+0000] {dag.py:3490} INFO - Setting next_dagrun for penguins_pipeline to None, run_after=None
[2026-09-25T00:00:06.918+0000] {processor.py:178} INFO - Processing /opt/airflow/dags/1_dag_flujo.py took 1.364 seconds
[2026-09-25T00:00:37.260+0000] {processor.py:156} INFO - Started process (PID=377233) to work on /opt/airflow/dags/1_dag_flujo.py
[2026-09-25T00:00:37.266+0000] {processor.py:799} INFO - Processing file /opt/airflow/dags/1_dag_flujo.py for tasks to queue
[2026-09-25T00:00:37.268+0000] {logging_mixin.py:149} INFO - [2026-09-25T00:00:37.268+0000] {dagbag.py:541} INFO - Filling up the DagBag from /opt/airflow/dags/1_dag_flujo.py
[2026-09-25T00:00:38.451+0000] {processor.py:809} INFO - DAG(s) dict_keys(['penguins_pipeline']) retrieved from /opt/airflow/dags/1_dag_flujo.py
[2026-09-25T00:00:38.520+0000] {logging_mixin.py:149} INFO - [2026-09-25T00:00:38.518+0000] {dag.py:2726} INFO - Sync 1 DAGs
[2026-09-25T00:00:38.585+0000] {logging_mixin.py:149} INFO - [2026-09-25T00:00:38.585+0000] {dag.py:3490} INFO - Setting next_dagrun for penguins_pipeline to None, run_after=None
[2026-09-25T00:00:38.655+0000] {processor.py:178} INFO - Processing /opt/airflow/dags/1_dag_flujo.py took 1.407 seconds
[2026-09-25T00:01:08.985+0000] {processor.py:156} INFO - Started process (PID=377245) to work on /opt/airflow/dags/1_dag_flujo.py
[2026-09-25T00:01:08.989+0000] {processor.py:799} INFO - Processing file /opt/airflow/dags/1_dag_flujo.py for tasks to queue
[2026-09-25T00:01:08.990+0000] {logging_mixin.py:149} INFO - [2026-09-25T00:01:08.990+0000] {dagbag.py:541} INFO - Filling up the DagBag from /opt/airflow/dags/1_dag_flujo.py
[2026-09-25T00:01:10.233+0000] {processor.py:809} INFO - DAG(s) dict_keys(['penguins_pipeline']) retrieved from /opt/airflow/dags/1_dag_flujo.py
[2026-09-25T00:01:10.304+0000] {logging_mixin.py:149} INFO - [2026-09-25T00:01:10.304+0000] {dag.py:2726} INFO - Sync 1 DAGs
[2026-09-25T00:01:10.340+0000] {logging_mixin.py:149} INFO - [2026-09-25T00:01:10.340+0000] {dag.py:3490} INFO - Setting next_dagrun for penguins_pipeline to None, run_after=None
[2026-09-25T00:01:10.412+0000] {processor.py:178} INFO - Processing /opt/airflow/dags/1_dag_flujo.py took 1.435 seconds
[2026-09-25T00:01:40.733+0000] {processor.py:156} INFO - Started process (PID=377258) to work on /opt/airflow/dags/1_dag_flujo.py
[2026-09-25T00:01:40.737+0000] {processor.py:799} INFO - Processing file /opt/airflow/dags/1_dag_flujo.py for tasks to queue
[2026-09-25T00:01:40.739+0000] {logging_mixin.py:149} INFO - [2026-09-25T00:01:40.738+0000] {dagbag.py:541} INFO - Filling up the DagBag from /opt/airflow/dags/1_dag_flujo.py
[2026-09-25T00:01:41.801+0000] {processor.py:809} INFO - DAG(s) dict_keys(['penguins_pipeline']) retrieved from /opt/airflow/dags/1_dag_flujo.py
[2026-09-25T00:01:41.861+0000] {logging_mixin.py:149} INFO - [2026-09-25T00:01:41.860+0000] {dag.py:2726} INFO - Sync 1 DAGs
[2026-09-25T00:01:41.893+0000] {logging_mixin.py:149} INFO - [2026-09-25T00:01:41.892+0000] {dag.py:3490} INFO - Setting next_dagrun for penguins_pipeline to None, run_after=None
[2026-09-25T00:01:41.918+0000] {processor.py:178} INFO - Processing /opt/airflow/dags/1_dag_flujo.py took 1.196 seconds
[2026-09-25T00:02:12.059+0000] {processor.py:156} INFO - Started process (PID=377270) to work on /opt/airflow/dags/1_dag_flujo.py
[2026-09-25T00:02:12.063+0000] {processor.py:799} INFO - Processing file /opt/airflow/dags/1_dag_flujo.py for tasks to queue
[2026-09-25T00:02:12.065+0000] {logging_mixin.py:149} INFO - [2026-09-25T00:02:12.065+0000] {dagbag.py:541} INFO - Filling up the DagBag from /opt/airflow/dags/1_dag_flujo.py
[2026-09-25T00:02:13.332+0000] {processor.py:809} INFO - DAG(s) dict_keys(['penguins_pipeline']) retrieved from /opt/airflow/dags/1_dag_flujo.py
[2026-09-25T00:02:13.396+0000] {logging_mixin.py:149} INFO - [2026-09-25T00:02:13.394+0000] {dag.py:2726} INFO - Sync 1 DAGs
[2026-09-25T00:02:13.441+0000] {logging_mixin.py:149} INFO - [2026-09-25T00:02:13.441+0000] {dag.py:3490} INFO - Setting next_dagrun for penguins_pipeline to None, run_after=None
[2026-09-25T00:02:13.467+0000] {processor.py:178} INFO - Processing /opt/airflow/dags/1_dag_flujo.py took 1.419 seconds
[2026-09-25T00:02:43.782+0000] {processor.py:156} INFO - Started process (PID=377282) to work on /opt/airflow/dags/1_dag_flujo.py
[2026-09-25T00:02:43.786+0000] {processor.py:799} INFO - Processing file /opt/airflow/dags/1_dag_flujo.py for tasks to queue
[2026-09-25T00:02:43.788+0000] {logging_mixin.py:149} INFO - [2026-09-25T00:02:43.788+0000] {dagbag.py:541} INFO - Filling up the DagBag from /opt/airflow/dags/1_dag_flujo.py
[2026-09-25T00:02:44.995+0000] {processor.py:809} INFO - DAG(s) dict_keys(['penguins_pipeline']) retrieved from /opt/airflow/dags/1_dag_flujo.py
[2026-09-25T00:02:45.068+0000] {logging_mixin.py:149} INFO - [2026-09-25T00:02:45.067+0000] {dag.py:2726} INFO - Sync 1 DAGs
[2026-09-25T00:02:45.128+0000] {logging_mixin.py:149} INFO - [2026-09-25T00:02:45.127+0000] {dag.py:3490} INFO - Setting next_dagrun for penguins_pipeline to None, run_after=None
[2026-09-25T00:02:45.187+0000] {processor.py:178} INFO - Processing /opt/airflow/dags/1_dag_flujo.py took 1.416 seconds
[2026-09-25T00:03:15.500+0000] {processor.py:156} INFO - Started process (PID=377294) to work on /opt/airflow/dags/1_dag_flujo.py
[2026-09-25T00:03:15.506+0000] {processor.py:799} INFO - Processing file /opt/airflow/dags/1_dag_flujo.py for tasks to queue
[2026-09-25T00:03:15.508+0000] {logging_mixin.py:149} INFO - [2026-09-25T00:03:15.508+0000] {dagbag.py:541} INFO - Filling up the DagBag from /opt/airflow/dags/1_dag_flujo.py
[2026-09-25T00:03:16.846+0000] {processor.py:809} INFO - DAG(s) dict_keys(['penguins_pipeline']) retrieved from /opt/airflow/dags/1_dag_flujo.py
[2026-09-25T00:03:16.930+0000] {logging_mixin.py:149} INFO - [2026-09-25T00:03:16.929+0000] {dag.py:2726} INFO - Sync 1 DAGs
[2026-09-25T00:03:16.995+0000] {logging_mixin.py:149} INFO - [2026-09-25T00:03:16.994+0000] {dag.py:3490} INFO - Setting next_dagrun for penguins_pipeline to None, run_after=None
[2026-09-25T00:03:17.053+0000] {processor.py:178} INFO - Processing /opt/airflow/dags/1_dag_flujo.py took 1.564 seconds
[2026-09-25T00:03:47.287+0000] {processor.py:156} INFO - Started process (PID=377306) to work on /opt/airflow/dags/1_dag_flujo.py
[2026-09-25T00:03:47.289+0000] {processor.py:799} INFO - Processing file /opt/airflow/dags/1_dag_flujo.py for tasks to queue
[2026-09-25T00:03:47.290+0000] {logging_mixin.py:149} INFO - [2026-09-25T00:03:47.290+0000] {dagbag.py:541} INFO - Filling up the DagBag from /opt/airflow/dags/1_dag_flujo.py
[2026-09-25T00:03:48.476+0000] {processor.py:809} INFO - DAG(s) dict_keys(['penguins_pipeline']) retrieved from /opt/airflow/dags/1_dag_flujo.py
[2026-09-25T00:03:48.557+0000] {logging_mixin.py:149} INFO - [2026-09-25T00:03:48.556+0000] {dag.py:2726} INFO - Sync 1 DAGs
[2026-09-25T00:03:48.623+0000] {logging_mixin.py:149} INFO - [2026-09-25T00:03:48.622+0000] {dag.py:3490} INFO - Setting next_dagrun for penguins_pipeline to None, run_after=None
[2026-09-25T00:03:48.682+0000] {processor.py:178} INFO - Processing /opt/airflow/dags/1_dag_flujo.py took 1.401 seconds
[2026-09-25T00:04:18.985+0000] {processor.py:156} INFO - Started process (PID=377318) to work on /opt/airflow/dags/1_dag_flujo.py
[2026-09-25T00:04:18.995+0000] {processor.py:799} INFO - Processing file /opt/airflow/dags/1_dag_flujo.py for tasks to queue
[2026-09-25T00:04:18.998+0000] {logging_mixin.py:149} INFO - [2026-09-25T00:04:18.997+0000] {dagbag.py:541} INFO - Filling up the DagBag from /opt/airflow/dags/1_dag_flujo.py
[2026-09-25T00:04:20.192+0000] {processor.py:809} INFO - DAG(s) dict_keys(['penguins_pipeline']) retrieved from /opt/airflow/dags/1_dag_flujo.py
[2026-09-25T00:04:20.244+0000] {logging_mixin.py:149} INFO - [2026-09-25T00:04:20.243+0000] {dag.py:2726} INFO - Sync 1 DAGs
[2026-09-25T00:04:20.290+0000] {logging_mixin.py:149} INFO - [2026-09-25T00:04:20.289+0000] {dag.py:3490} INFO - Setting next_dagrun for penguins_pipeline to None, run_after=None
[2026-09-25T00:04:20.329+0000] {processor.py:178} INFO - Processing /opt/airflow/dags/1_dag_flujo.py took 1.357 seconds
[2026-09-25T00:04:50.599+0000] {processor.py:156} INFO - Started process (PID=377330) to work on /opt/airflow/dags/1_dag_flujo.py
[2026-09-25T00:04:50.604+0000] {processor.py:799} INFO - Processing file /opt/airflow/dags/1_dag_flujo.py for tasks to queue
[2026-09-25T00:04:50.606+0000] {logging_mixin.py:149} INFO - [2026-09-25T00:04:50.606+0000] {dagbag.py:541} INFO - Filling up the DagBag from /opt/airflow/dags/1_dag_flujo.py
[2026-09-25T00:04:51.690+0000] {processor.py:809} INFO - DAG(s) dict_keys(['penguins_pipeline']) retrieved from /opt/airflow/dags/1_dag_flujo.py
[2026-09-25T00:04:51.750+0000] {logging_mixin.py:149} INFO - [2026-09-25T00:04:51.749+0000] {dag.py:2726} INFO - Sync 1 DAGs
[2026-09-25T00:04:51.796+0000] {logging_mixin.py:149} INFO - [2026-09-25T00:04:51.796+0000] {dag.py:3490} INFO - Setting next_dagrun for penguins_pipeline to None, run_after=None
[2026-09-25T00:04:51.859+0000] {processor.py:178} INFO - Processing /opt/airflow/dags/1_dag_flujo.py took 1.271 seconds
[2026-09-25T00:05:22.167+0000] {processor.py:156} INFO - Started process (PID=377342) to work on /opt/airflow/dags/1_dag_flujo.py
[2026-09-25T00:05:22.171+0000] {processor.py:799} INFO - Processing file /opt/airflow/dags/1_dag_flujo.py for tasks to queue
[2026-09-25T00:05:22.172+0000] {logging_mixin.py:149} INFO - [2026-09-25T00:05:22.172+0000] {dagbag.py:541} INFO - Filling up the DagBag from /opt/airflow/dags/1_dag_flujo.py
[2026-09-25T00:05:23.433+0000] {processor.py:809} INFO - DAG(s) dict_keys(['penguins_pipeline']) retrieved from /opt/airflow/dags/1_dag_flujo.py
[2026-09-25T00:05:23.510+0000] {logging_mixin.py:149} INFO - [2026-09-25T00:05:23.506+0000] {dag.py:2726} INFO - Sync 1 DAGs
[2026-09-25T00:05:23.577+0000] {logging_mixin.py:149} INFO - [2026-09-25T00:05:23.577+0000] {dag.py:3490} INFO - Setting next_dagrun for penguins_pipeline to None, run_after=None
[2026-09-25T00:05:23.648+0000] {processor.py:178} INFO - Processing /opt/airflow/dags/1_dag_flujo.py took 1.492 seconds
[2026-09-25T00:05:54.007+0000] {processor.py:156} INFO - Started process (PID=377354) to work on /opt/airflow/dags/1_dag_flujo.py
[2026-09-25T00:05:54.011+0000] {processor.py:799} INFO - Processing file /opt/airflow/dags/1_dag_flujo.py for tasks to queue
[2026-09-25T00:05:54.013+0000] {logging_mixin.py:149} INFO - [2026-09-25T00:05:54.013+0000] {dagbag.py:541} INFO - Filling up the DagBag from /opt/airflow/dags/1_dag_flujo.py
[2026-09-25T00:05:55.224+0000] {processor.py:809} INFO - DAG(s) dict_keys(['penguins_pipeline']) retrieved from /opt/airflow/dags/1_dag_flujo.py
[2026-09-25T00:05:55.279+0000] {logging_mixin.py:149} INFO - [2026-09-25T00:05:55.278+0000] {dag.py:2726} INFO - Sync 1 DAGs
[2026-09-25T00:05:55.338+0000] {logging_mixin.py:149} INFO - [2026-09-25T00:05:55.337+0000] {dag.py:3490} INFO - Setting next_dagrun for penguins_pipeline to None, run_after=None
[2026-09-25T00:05:55.400+0000] {processor.py:178} INFO - Processing /opt/airflow/dags/1_dag_flujo.py took 1.405 seconds
[2026-09-25T00:06:25.695+0000] {processor.py:156} INFO - Started process (PID=377366) to work on /opt/airflow/dags/1_dag_flujo.py
[2026-09-25T00:06:25.703+0000] {processor.py:799} INFO - Processing file /opt/airflow/dags/1_dag_flujo.py for tasks to queue
[2026-09-25T00:06:25.706+0000] {logging_mixin.py:149} INFO - [2026-09-25T00:06:25.706+0000] {dagbag.py:541} INFO - Filling up the DagBag from /opt/airflow/dags/1_dag_flujo.py
[2026-09-25T00:06:26.814+0000] {processor.py:809} INFO - DAG(s) dict_keys(['penguins_pipeline']) retrieved from /opt/airflow/dags/1_dag_flujo.py
[2026-09-25T00:06:26.861+0000] {logging_mixin.py:149} INFO - [2026-09-25T00:06:26.860+0000] {dag.py:2726} INFO - Sync 1 DAGs
[2026-09-25T00:06:26.895+0000] {logging_mixin.py:149} INFO - [2026-09-25T00:06:26.895+0000] {dag.py:3490} INFO - Setting next_dagrun for penguins_pipeline to None, run_after=None
[2026-09-25T00:06:26.922+0000] {processor.py:178} INFO - Processing /opt/airflow/dags/1_dag_flujo.py took 1.237 seconds
[2026-09-25T00:06:57.250+0000] {processor.py:156} INFO - Started process (PID=377386) to work on /opt/airflow/dags/1_dag_flujo.py
[2026-09-25T00:06:57.254+0000] {processor.py:799} INFO - Processing file /opt/airflow/dags/1_dag_flujo.py for tasks to queue
[2026-09-25T00:06:57.256+0000] {logging_mixin.py:149} INFO - [2026-09-25T00:06:57.256+0000] {dagbag.py:541} INFO - Filling up the DagBag from /opt/airflow/dags/1_dag_flujo.py
[2026-09-25T00:06:58.513+0000] {processor.py:809} INFO - DAG(s) dict_keys(['penguins_pipeline']) retrieved from /opt/airflow/dags/1_dag_flujo.py
[2026-09-25T00:06:58.587+0000] {logging_mixin.py:149} INFO - [2026-09-25T00:06:58.586+0000] {dag.py:2726} INFO - Sync 1 DAGs
[2026-09-25T00:06:58.669+0000] {logging_mixin.py:149} INFO - [2026-09-25T00:06:58.668+0000] {dag.py:3490} INFO - Setting next_dagrun for penguins_pipeline to None, run_after=None
[2026-09-25T00:06:58.730+0000] {processor.py:178} INFO - Processing /opt/airflow/dags/1_dag_flujo.py took 1.493 seconds
[2026-09-25T00:07:29.072+0000] {processor.py:156} INFO - Started process (PID=377399) to work on /opt/airflow/dags/1_dag_flujo.py
[2026-09-25T00:07:29.076+0000] {processor.py:799} INFO - Processing file /opt/airflow/dags/1_dag_flujo.py for tasks to queue
[2026-09-25T00:07:29.078+0000] {logging_mixin.py:149} INFO - [2026-09-25T00:07:29.078+0000] {dagbag.py:541} INFO - Filling up the DagBag from /opt/airflow/dags/1_dag_flujo.py
[2026-09-25T00:07:30.270+0000] {processor.py:809} INFO - DAG(s) dict_keys(['penguins_pipeline']) retrieved from /opt/airflow/dags/1_dag_flujo.py
[2026-09-25T00:07:30.363+0000] {logging_mixin.py:149} INFO - [2026-09-25T00:07:30.362+0000] {dag.py:2726} INFO - Sync 1 DAGs
[2026-09-25T00:07:30.424+0000] {logging_mixin.py:149} INFO - [2026-09-25T00:07:30.424+0000] {dag.py:3490} INFO - Setting next_dagrun for penguins_pipeline to None, run_after=None
[2026-09-25T00:07:30.474+0000] {processor.py:178} INFO - Processing /opt/airflow/dags/1_dag_flujo.py took 1.413 seconds
[2026-09-25T00:08:00.815+0000] {processor.py:156} INFO - Started process (PID=377411) to work on /opt/airflow/dags/1_dag_flujo.py
[2026-09-25T00:08:00.820+0000] {processor.py:799} INFO - Processing file /opt/airflow/dags/1_dag_flujo.py for tasks to queue
[2026-09-25T00:08:00.821+0000] {logging_mixin.py:149} INFO - [2026-09-25T00:08:00.821+0000] {dagbag.py:541} INFO - Filling up the DagBag from /opt/airflow/dags/1_dag_flujo.py
[2026-09-25T00:08:02.151+0000] {processor.py:809} INFO - DAG(s) dict_keys(['penguins_pipeline']) retrieved from /opt/airflow/dags/1_dag_flujo.py
[2026-09-25T00:08:02.212+0000] {logging_mixin.py:149} INFO - [2026-09-25T00:08:02.210+0000] {dag.py:2726} INFO - Sync 1 DAGs
[2026-09-25T00:08:02.276+0000] {logging_mixin.py:149} INFO - [2026-09-25T00:08:02.276+0000] {dag.py:3490} INFO - Setting next_dagrun for penguins_pipeline to None, run_after=None
[2026-09-25T00:08:02.310+0000] {processor.py:178} INFO - Processing /opt/airflow/dags/1_dag_flujo.py took 1.507 seconds
[2026-09-25T00:08:32.614+0000] {processor.py:156} INFO - Started process (PID=377423) to work on /opt/airflow/dags/1_dag_flujo.py
[2026-09-25T00:08:32.621+0000] {processor.py:799} INFO - Processing file /opt/airflow/dags/1_dag_flujo.py for tasks to queue
[2026-09-25T00:08:32.623+0000] {logging_mixin.py:149} INFO - [2026-09-25T00:08:32.623+0000] {dagbag.py:541} INFO - Filling up the DagBag from /opt/airflow/dags/1_dag_flujo.py
[2026-09-25T00:08:34.067+0000] {processor.py:809} INFO - DAG(s) dict_keys(['penguins_pipeline']) retrieved from /opt/airflow/dags/1_dag_flujo.py
[2026-09-25T00:08:34.137+0000] {logging_mixin.py:149} INFO - [2026-09-25T00:08:34.135+0000] {dag.py:2726} INFO - Sync 1 DAGs
[2026-09-25T00:08:34.199+0000] {logging_mixin.py:149} INFO - [2026-09-25T00:08:34.199+0000] {dag.py:3490} INFO - Setting next_dagrun for penguins_pipeline to None, run_after=None
[2026-09-25T00:08:34.257+0000] {processor.py:178} INFO - Processing /opt/airflow/dags/1_dag_flujo.py took 1.656 seconds
[2026-09-25T00:09:04.344+0000] {processor.py:156} INFO - Started process (PID=377435) to work on /opt/airflow/dags/1_dag_flujo.py
[2026-09-25T00:09:04.358+0000] {processor.py:799} INFO - Processing file /opt/airflow/dags/1_dag_flujo.py for tasks to queue
[2026-09-25T00:09:04.361+0000] {logging_mixin.py:149} INFO - [2026-09-25T00:09:04.360+0000] {dagbag.py:541} INFO - Filling up the DagBag from /opt/airflow/dags/1_dag_flujo.py
[2026-09-25T00:09:05.702+0000] {processor.py:809} INFO - DAG(s) dict_keys(['penguins_pipeline']) retrieved from /opt/airflow/dags/1_dag_flujo.py
[2026-09-25T00:09:05.767+0000] {logging_mixin.py:149} INFO - [2026-09-25T00:09:05.766+0000] {dag.py:2726} INFO - Sync 1 DAGs
[2026-09-25T00:09:05.838+0000] {logging_mixin.py:149} INFO - [2026-09-25T00:09:05.837+0000] {dag.py:3490} INFO - Setting next_dagrun for penguins_pipeline to None, run_after=None
[2026-09-25T00:09:05.887+0000] {processor.py:178} INFO - Processing /opt/airflow/dags/1_dag_flujo.py took 1.555 seconds
[2026-09-25T00:09:36.216+0000] {processor.py:156} INFO - Started process (PID=377447) to work on /opt/airflow/dags/1_dag_flujo.py
[2026-09-25T00:09:36.220+0000] {processor.py:799} INFO - Processing file /opt/airflow/dags/1_dag_flujo.py for tasks to queue
[2026-09-25T00:09:36.222+0000] {logging_mixin.py:149} INFO - [2026-09-25T00:09:36.222+0000] {dagbag.py:541} INFO - Filling up the DagBag from /opt/airflow/dags/1_dag_flujo.py
[2026-09-25T00:09:37.397+0000] {processor.py:809} INFO - DAG(s) dict_keys(['penguins_pipeline']) retrieved from /opt/airflow/dags/1_dag_flujo.py
[2026-09-25T00:09:37.485+0000] {logging_mixin.py:149} INFO - [2026-09-25T00:09:37.484+0000] {dag.py:2726} INFO - Sync 1 DAGs
[2026-09-25T00:09:37.549+0000] {logging_mixin.py:149} INFO - [2026-09-25T00:09:37.548+0000] {dag.py:3490} INFO - Setting next_dagrun for penguins_pipeline to None, run_after=None
[2026-09-25T00:09:37.617+0000] {processor.py:178} INFO - Processing /opt/airflow/dags/1_dag_flujo.py took 1.412 seconds
[2026-09-25T00:10:07.934+0000] {processor.py:156} INFO - Started process (PID=377459) to work on /opt/airflow/dags/1_dag_flujo.py
[2026-09-25T00:10:07.938+0000] {processor.py:799} INFO - Processing file /opt/airflow/dags/1_dag_flujo.py for tasks to queue
[2026-09-25T00:10:07.940+0000] {logging_mixin.py:149} INFO - [2026-09-25T00:10:07.940+0000] {dagbag.py:541} INFO - Filling up the DagBag from /opt/airflow/dags/1_dag_flujo.py
[2026-09-25T00:10:09.018+0000] {processor.py:809} INFO - DAG(s) dict_keys(['penguins_pipeline']) retrieved from /opt/airflow/dags/1_dag_flujo.py
[2026-09-25T00:10:09.074+0000] {logging_mixin.py:149} INFO - [2026-09-25T00:10:09.073+0000] {dag.py:2726} INFO - Sync 1 DAGs
[2026-09-25T00:10:09.143+0000] {logging_mixin.py:149} INFO - [2026-09-25T00:10:09.142+0000] {dag.py:3490} INFO - Setting next_dagrun for penguins_pipeline to None, run_after=None
[2026-09-25T00:10:09.216+0000] {processor.py:178} INFO - Processing /opt/airflow/dags/1_dag_flujo.py took 1.293 seconds
[2026-09-25T00:10:39.531+0000] {processor.py:156} INFO - Started process (PID=377470) to work on /opt/airflow/dags/1_dag_flujo.py
[2026-09-25T00:10:39.535+0000] {processor.py:799} INFO - Processing file /opt/airflow/dags/1_dag_flujo.py for tasks to queue
[2026-09-25T00:10:39.537+0000] {logging_mixin.py:149} INFO - [2026-09-25T00:10:39.536+0000] {dagbag.py:541} INFO - Filling up the DagBag from /opt/airflow/dags/1_dag_flujo.py
[2026-09-25T00:10:40.751+0000] {processor.py:809} INFO - DAG(s) dict_keys(['penguins_pipeline']) retrieved from /opt/airflow/dags/1_dag_flujo.py
[2026-09-25T00:10:40.803+0000] {logging_mixin.py:149} INFO - [2026-09-25T00:10:40.803+0000] {dag.py:2726} INFO - Sync 1 DAGs
[2026-09-25T00:10:40.857+0000] {logging_mixin.py:149} INFO - [2026-09-25T00:10:40.857+0000] {dag.py:3490} INFO - Setting next_dagrun for penguins_pipeline to None, run_after=None
[2026-09-25T00:10:40.921+0000] {processor.py:178} INFO - Processing /opt/airflow/dags/1_dag_flujo.py took 1.400 seconds
[2026-09-25T00:11:11.220+0000] {processor.py:156} INFO - Started process (PID=377483) to work on /opt/airflow/dags/1_dag_flujo.py
[2026-09-25T00:11:11.226+0000] {processor.py:799} INFO - Processing file /opt/airflow/dags/1_dag_flujo.py for tasks to queue
[2026-09-25T00:11:11.228+0000] {logging_mixin.py:149} INFO - [2026-09-25T00:11:11.228+0000] {dagbag.py:541} INFO - Filling up the DagBag from /opt/airflow/dags/1_dag_flujo.py
[2026-09-25T00:11:12.502+0000] {processor.py:809} INFO - DAG(s) dict_keys(['penguins_pipeline']) retrieved from /opt/airflow/dags/1_dag_flujo.py
[2026-09-25T00:11:12.565+0000] {logging_mixin.py:149} INFO - [2026-09-25T00:11:12.564+0000] {dag.py:2726} INFO - Sync 1 DAGs
[2026-09-25T00:11:12.625+0000] {logging_mixin.py:149} INFO - [2026-09-25T00:11:12.625+0000] {dag.py:3490} INFO - Setting next_dagrun for penguins_pipeline to None, run_after=None
[2026-09-25T00:11:12.694+0000] {processor.py:178} INFO - Processing /opt/airflow/dags/1_dag_flujo.py took 1.484 seconds
[2026-09-25T00:11:43.034+0000] {processor.py:156} INFO - Started process (PID=377495) to work on /opt/airflow/dags/1_dag_flujo.py
[2026-09-25T00:11:43.039+0000] {processor.py:799} INFO - Processing file /opt/airflow/dags/1_dag_flujo.py for tasks to queue
[2026-09-25T00:11:43.042+0000] {logging_mixin.py:149} INFO - [2026-09-25T00:11:43.042+0000] {dagbag.py:541} INFO - Filling up the DagBag from /opt/airflow/dags/1_dag_flujo.py
[2026-09-25T00:11:44.124+0000] {processor.py:809} INFO - DAG(s) dict_keys(['penguins_pipeline']) retrieved from /opt/airflow/dags/1_dag_flujo.py
[2026-09-25T00:11:44.205+0000] {logging_mixin.py:149} INFO - [2026-09-25T00:11:44.204+0000] {dag.py:2726} INFO - Sync 1 DAGs
[2026-09-25T00:11:44.259+0000] {logging_mixin.py:149} INFO - [2026-09-25T00:11:44.259+0000] {dag.py:3490} INFO - Setting next_dagrun for penguins_pipeline to None, run_after=None
[2026-09-25T00:11:44.290+0000] {processor.py:178} INFO - Processing /opt/airflow/dags/1_dag_flujo.py took 1.269 seconds
[2026-09-25T00:12:14.605+0000] {processor.py:156} INFO - Started process (PID=377508) to work on /opt/airflow/dags/1_dag_flujo.py
[2026-09-25T00:12:14.611+0000] {processor.py:799} INFO - Processing file /opt/airflow/dags/1_dag_flujo.py for tasks to queue
[2026-09-25T00:12:14.613+0000] {logging_mixin.py:149} INFO - [2026-09-25T00:12:14.613+0000] {dagbag.py:541} INFO - Filling up the DagBag from /opt/airflow/dags/1_dag_flujo.py
[2026-09-25T00:12:15.988+0000] {processor.py:809} INFO - DAG(s) dict_keys(['penguins_pipeline']) retrieved from /opt/airflow/dags/1_dag_flujo.py
[2026-09-25T00:12:16.048+0000] {logging_mixin.py:149} INFO - [2026-09-25T00:12:16.047+0000] {dag.py:2726} INFO - Sync 1 DAGs
[2026-09-25T00:12:16.106+0000] {logging_mixin.py:149} INFO - [2026-09-25T00:12:16.105+0000] {dag.py:3490} INFO - Setting next_dagrun for penguins_pipeline to None, run_after=None
[2026-09-25T00:12:16.168+0000] {processor.py:178} INFO - Processing /opt/airflow/dags/1_dag_flujo.py took 1.574 seconds
[2026-09-25T00:12:46.499+0000] {processor.py:156} INFO - Started process (PID=377520) to work on /opt/airflow/dags/1_dag_flujo.py
[2026-09-25T00:12:46.504+0000] {processor.py:799} INFO - Processing file /opt/airflow/dags/1_dag_flujo.py for tasks to queue
[2026-09-25T00:12:46.506+0000] {logging_mixin.py:149} INFO - [2026-09-25T00:12:46.506+0000] {dagbag.py:541} INFO - Filling up the DagBag from /opt/airflow/dags/1_dag_flujo.py
[2026-09-25T00:12:47.604+0000] {processor.py:809} INFO - DAG(s) dict_keys(['penguins_pipeline']) retrieved from /opt/airflow/dags/1_dag_flujo.py
[2026-09-25T00:12:47.678+0000] {logging_mixin.py:149} INFO - [2026-09-25T00:12:47.677+0000] {dag.py:2726} INFO - Sync 1 DAGs
[2026-09-25T00:12:47.739+0000] {logging_mixin.py:149} INFO - [2026-09-25T00:12:47.739+0000] {dag.py:3490} INFO - Setting next_dagrun for penguins_pipeline to None, run_after=None
[2026-09-25T00:12:47.808+0000] {processor.py:178} INFO - Processing /opt/airflow/dags/1_dag_flujo.py took 1.320 seconds
[2026-09-25T00:13:18.108+0000] {processor.py:156} INFO - Started process (PID=377532) to work on /opt/airflow/dags/1_dag_flujo.py
[2026-09-25T00:13:18.114+0000] {processor.py:799} INFO - Processing file /opt/airflow/dags/1_dag_flujo.py for tasks to queue
[2026-09-25T00:13:18.116+0000] {logging_mixin.py:149} INFO - [2026-09-25T00:13:18.116+0000] {dagbag.py:541} INFO - Filling up the DagBag from /opt/airflow/dags/1_dag_flujo.py
[2026-09-25T00:13:19.268+0000] {processor.py:809} INFO - DAG(s) dict_keys(['penguins_pipeline']) retrieved from /opt/airflow/dags/1_dag_flujo.py
[2026-09-25T00:13:19.343+0000] {logging_mixin.py:149} INFO - [2026-09-25T00:13:19.342+0000] {dag.py:2726} INFO - Sync 1 DAGs
[2026-09-25T00:13:19.418+0000] {logging_mixin.py:149} INFO - [2026-09-25T00:13:19.417+0000] {dag.py:3490} INFO - Setting next_dagrun for penguins_pipeline to None, run_after=None
[2026-09-25T00:13:19.476+0000] {processor.py:178} INFO - Processing /opt/airflow/dags/1_dag_flujo.py took 1.380 seconds
[2026-09-25T00:13:49.752+0000] {processor.py:156} INFO - Started process (PID=377544) to work on /opt/airflow/dags/1_dag_flujo.py
[2026-09-25T00:13:49.756+0000] {processor.py:799} INFO - Processing file /opt/airflow/dags/1_dag_flujo.py for tasks to queue
[2026-09-25T00:13:49.758+0000] {logging_mixin.py:149} INFO - [2026-09-25T00:13:49.757+0000] {dagbag.py:541} INFO - Filling up the DagBag from /opt/airflow/dags/1_dag_flujo.py
[2026-09-25T00:13:51.020+0000] {processor.py:809} INFO - DAG(s) dict_keys(['penguins_pipeline']) retrieved from /opt/airflow/dags/1_dag_flujo.py
[2026-09-25T00:13:51.097+0000] {logging_mixin.py:149} INFO - [2026-09-25T00:13:51.096+0000] {dag.py:2726} INFO - Sync 1 DAGs
[2026-09-25T00:13:51.166+0000] {logging_mixin.py:149} INFO - [2026-09-25T00:13:51.165+0000] {dag.py:3490} INFO - Setting next_dagrun for penguins_pipeline to None, run_after=None
[2026-09-25T00:13:51.193+0000] {processor.py:178} INFO - Processing /opt/airflow/dags/1_dag_flujo.py took 1.452 seconds
[2026-09-25T00:14:21.521+0000] {processor.py:156} INFO - Started process (PID=377557) to work on /opt/airflow/dags/1_dag_flujo.py
[2026-09-25T00:14:21.527+0000] {processor.py:799} INFO - Processing file /opt/airflow/dags/1_dag_flujo.py for tasks to queue
[2026-09-25T00:14:21.528+0000] {logging_mixin.py:149} INFO - [2026-09-25T00:14:21.528+0000] {dagbag.py:541} INFO - Filling up the DagBag from /opt/airflow/dags/1_dag_flujo.py
[2026-09-25T00:14:22.687+0000] {processor.py:809} INFO - DAG(s) dict_keys(['penguins_pipeline']) retrieved from /opt/airflow/dags/1_dag_flujo.py
[2026-09-25T00:14:22.740+0000] {logging_mixin.py:149} INFO - [2026-09-25T00:14:22.739+0000] {dag.py:2726} INFO - Sync 1 DAGs
[2026-09-25T00:14:22.794+0000] {logging_mixin.py:149} INFO - [2026-09-25T00:14:22.793+0000] {dag.py:3490} INFO - Setting next_dagrun for penguins_pipeline to None, run_after=None
[2026-09-25T00:14:22.862+0000] {processor.py:178} INFO - Processing /opt/airflow/dags/1_dag_flujo.py took 1.352 seconds
[2026-09-25T00:14:53.195+0000] {processor.py:156} INFO - Started process (PID=377569) to work on /opt/airflow/dags/1_dag_flujo.py
[2026-09-25T00:14:53.199+0000] {processor.py:799} INFO - Processing file /opt/airflow/dags/1_dag_flujo.py for tasks to queue
[2026-09-25T00:14:53.202+0000] {logging_mixin.py:149} INFO - [2026-09-25T00:14:53.201+0000] {dagbag.py:541} INFO - Filling up the DagBag from /opt/airflow/dags/1_dag_flujo.py
[2026-09-25T00:14:54.386+0000] {processor.py:809} INFO - DAG(s) dict_keys(['penguins_pipeline']) retrieved from /opt/airflow/dags/1_dag_flujo.py
[2026-09-25T00:14:54.464+0000] {logging_mixin.py:149} INFO - [2026-09-25T00:14:54.463+0000] {dag.py:2726} INFO - Sync 1 DAGs
[2026-09-25T00:14:54.521+0000] {logging_mixin.py:149} INFO - [2026-09-25T00:14:54.520+0000] {dag.py:3490} INFO - Setting next_dagrun for penguins_pipeline to None, run_after=None
[2026-09-25T00:14:54.573+0000] {processor.py:178} INFO - Processing /opt/airflow/dags/1_dag_flujo.py took 1.393 seconds
[2026-09-25T00:15:24.930+0000] {processor.py:156} INFO - Started process (PID=377582) to work on /opt/airflow/dags/1_dag_flujo.py
[2026-09-25T00:15:24.936+0000] {processor.py:799} INFO - Processing file /opt/airflow/dags/1_dag_flujo.py for tasks to queue
[2026-09-25T00:15:24.937+0000] {logging_mixin.py:149} INFO - [2026-09-25T00:15:24.937+0000] {dagbag.py:541} INFO - Filling up the DagBag from /opt/airflow/dags/1_dag_flujo.py
[2026-09-25T00:15:26.225+0000] {processor.py:809} INFO - DAG(s) dict_keys(['penguins_pipeline']) retrieved from /opt/airflow/dags/1_dag_flujo.py
[2026-09-25T00:15:26.309+0000] {logging_mixin.py:149} INFO - [2026-09-25T00:15:26.307+0000] {dag.py:2726} INFO - Sync 1 DAGs
[2026-09-25T00:15:26.372+0000] {logging_mixin.py:149} INFO - [2026-09-25T00:15:26.371+0000] {dag.py:3490} INFO - Setting next_dagrun for penguins_pipeline to None, run_after=None
[2026-09-25T00:15:26.428+0000] {processor.py:178} INFO - Processing /opt/airflow/dags/1_dag_flujo.py took 1.512 seconds
[2026-09-25T00:15:56.726+0000] {processor.py:156} INFO - Started process (PID=377594) to work on /opt/airflow/dags/1_dag_flujo.py
[2026-09-25T00:15:56.736+0000] {processor.py:799} INFO - Processing file /opt/airflow/dags/1_dag_flujo.py for tasks to queue
[2026-09-25T00:15:56.738+0000] {logging_mixin.py:149} INFO - [2026-09-25T00:15:56.738+0000] {dagbag.py:541} INFO - Filling up the DagBag from /opt/airflow/dags/1_dag_flujo.py
[2026-09-25T00:15:57.909+0000] {processor.py:809} INFO - DAG(s) dict_keys(['penguins_pipeline']) retrieved from /opt/airflow/dags/1_dag_flujo.py
[2026-09-25T00:15:57.991+0000] {logging_mixin.py:149} INFO - [2026-09-25T00:15:57.990+0000] {dag.py:2726} INFO - Sync 1 DAGs
[2026-09-25T00:15:58.039+0000] {logging_mixin.py:149} INFO - [2026-09-25T00:15:58.039+0000] {dag.py:3490} INFO - Setting next_dagrun for penguins_pipeline to None, run_after=None
[2026-09-25T00:15:58.099+0000] {processor.py:178} INFO - Processing /opt/airflow/dags/1_dag_flujo.py took 1.384 seconds
[2026-09-25T00:16:28.421+0000] {processor.py:156} INFO - Started process (PID=377606) to work on /opt/airflow/dags/1_dag_flujo.py
[2026-09-25T00:16:28.427+0000] {processor.py:799} INFO - Processing file /opt/airflow/dags/1_dag_flujo.py for tasks to queue
[2026-09-25T00:16:28.429+0000] {logging_mixin.py:149} INFO - [2026-09-25T00:16:28.429+0000] {dagbag.py:541} INFO - Filling up the DagBag from /opt/airflow/dags/1_dag_flujo.py
[2026-09-25T00:16:29.769+0000] {processor.py:809} INFO - DAG(s) dict_keys(['penguins_pipeline']) retrieved from /opt/airflow/dags/1_dag_flujo.py
[2026-09-25T00:16:29.840+0000] {logging_mixin.py:149} INFO - [2026-09-25T00:16:29.839+0000] {dag.py:2726} INFO - Sync 1 DAGs
[2026-09-25T00:16:29.911+0000] {logging_mixin.py:149} INFO - [2026-09-25T00:16:29.910+0000] {dag.py:3490} INFO - Setting next_dagrun for penguins_pipeline to None, run_after=None
[2026-09-25T00:16:29.976+0000] {processor.py:178} INFO - Processing /opt/airflow/dags/1_dag_flujo.py took 1.567 seconds
[2026-09-25T00:17:00.276+0000] {processor.py:156} INFO - Started process (PID=377619) to work on /opt/airflow/dags/1_dag_flujo.py
[2026-09-25T00:17:00.282+0000] {processor.py:799} INFO - Processing file /opt/airflow/dags/1_dag_flujo.py for tasks to queue
[2026-09-25T00:17:00.286+0000] {logging_mixin.py:149} INFO - [2026-09-25T00:17:00.285+0000] {dagbag.py:541} INFO - Filling up the DagBag from /opt/airflow/dags/1_dag_flujo.py
[2026-09-25T00:17:01.470+0000] {processor.py:809} INFO - DAG(s) dict_keys(['penguins_pipeline']) retrieved from /opt/airflow/dags/1_dag_flujo.py
[2026-09-25T00:17:01.545+0000] {logging_mixin.py:149} INFO - [2026-09-25T00:17:01.544+0000] {dag.py:2726} INFO - Sync 1 DAGs
[2026-09-25T00:17:01.624+0000] {logging_mixin.py:149} INFO - [2026-09-25T00:17:01.623+0000] {dag.py:3490} INFO - Setting next_dagrun for penguins_pipeline to None, run_after=None
[2026-09-25T00:17:01.681+0000] {processor.py:178} INFO - Processing /opt/airflow/dags/1_dag_flujo.py took 1.413 seconds
[2026-09-25T00:17:32.001+0000] {processor.py:156} INFO - Started process (PID=377638) to work on /opt/airflow/dags/1_dag_flujo.py
[2026-09-25T00:17:32.012+0000] {processor.py:799} INFO - Processing file /opt/airflow/dags/1_dag_flujo.py for tasks to queue
[2026-09-25T00:17:32.014+0000] {logging_mixin.py:149} INFO - [2026-09-25T00:17:32.013+0000] {dagbag.py:541} INFO - Filling up the DagBag from /opt/airflow/dags/1_dag_flujo.py
[2026-09-25T00:17:33.257+0000] {processor.py:809} INFO - DAG(s) dict_keys(['penguins_pipeline']) retrieved from /opt/airflow/dags/1_dag_flujo.py
[2026-09-25T00:17:33.333+0000] {logging_mixin.py:149} INFO - [2026-09-25T00:17:33.332+0000] {dag.py:2726} INFO - Sync 1 DAGs
[2026-09-25T00:17:33.407+0000] {logging_mixin.py:149} INFO - [2026-09-25T00:17:33.406+0000] {dag.py:3490} INFO - Setting next_dagrun for penguins_pipeline to None, run_after=None
[2026-09-25T00:17:33.475+0000] {processor.py:178} INFO - Processing /opt/airflow/dags/1_dag_flujo.py took 1.484 seconds
[2026-09-25T00:18:03.813+0000] {processor.py:156} INFO - Started process (PID=377650) to work on /opt/airflow/dags/1_dag_flujo.py
[2026-09-25T00:18:03.817+0000] {processor.py:799} INFO - Processing file /opt/airflow/dags/1_dag_flujo.py for tasks to queue
[2026-09-25T00:18:03.819+0000] {logging_mixin.py:149} INFO - [2026-09-25T00:18:03.819+0000] {dagbag.py:541} INFO - Filling up the DagBag from /opt/airflow/dags/1_dag_flujo.py
[2026-09-25T00:18:05.130+0000] {processor.py:809} INFO - DAG(s) dict_keys(['penguins_pipeline']) retrieved from /opt/airflow/dags/1_dag_flujo.py
[2026-09-25T00:18:05.204+0000] {logging_mixin.py:149} INFO - [2026-09-25T00:18:05.203+0000] {dag.py:2726} INFO - Sync 1 DAGs
[2026-09-25T00:18:05.284+0000] {logging_mixin.py:149} INFO - [2026-09-25T00:18:05.284+0000] {dag.py:3490} INFO - Setting next_dagrun for penguins_pipeline to None, run_after=None
[2026-09-25T00:18:05.345+0000] {processor.py:178} INFO - Processing /opt/airflow/dags/1_dag_flujo.py took 1.544 seconds
[2026-09-25T00:18:35.534+0000] {processor.py:156} INFO - Started process (PID=377662) to work on /opt/airflow/dags/1_dag_flujo.py
[2026-09-25T00:18:35.538+0000] {processor.py:799} INFO - Processing file /opt/airflow/dags/1_dag_flujo.py for tasks to queue
[2026-09-25T00:18:35.540+0000] {logging_mixin.py:149} INFO - [2026-09-25T00:18:35.539+0000] {dagbag.py:541} INFO - Filling up the DagBag from /opt/airflow/dags/1_dag_flujo.py
[2026-09-25T00:18:36.641+0000] {processor.py:809} INFO - DAG(s) dict_keys(['penguins_pipeline']) retrieved from /opt/airflow/dags/1_dag_flujo.py
[2026-09-25T00:18:36.722+0000] {logging_mixin.py:149} INFO - [2026-09-25T00:18:36.721+0000] {dag.py:2726} INFO - Sync 1 DAGs
[2026-09-25T00:18:36.794+0000] {logging_mixin.py:149} INFO - [2026-09-25T00:18:36.793+0000] {dag.py:3490} INFO - Setting next_dagrun for penguins_pipeline to None, run_after=None
[2026-09-25T00:18:36.855+0000] {processor.py:178} INFO - Processing /opt/airflow/dags/1_dag_flujo.py took 1.332 seconds
[2026-09-25T00:19:07.158+0000] {processor.py:156} INFO - Started process (PID=377674) to work on /opt/airflow/dags/1_dag_flujo.py
[2026-09-25T00:19:07.168+0000] {processor.py:799} INFO - Processing file /opt/airflow/dags/1_dag_flujo.py for tasks to queue
[2026-09-25T00:19:07.170+0000] {logging_mixin.py:149} INFO - [2026-09-25T00:19:07.170+0000] {dagbag.py:541} INFO - Filling up the DagBag from /opt/airflow/dags/1_dag_flujo.py
[2026-09-25T00:19:08.375+0000] {processor.py:809} INFO - DAG(s) dict_keys(['penguins_pipeline']) retrieved from /opt/airflow/dags/1_dag_flujo.py
[2026-09-25T00:19:08.444+0000] {logging_mixin.py:149} INFO - [2026-09-25T00:19:08.443+0000] {dag.py:2726} INFO - Sync 1 DAGs
[2026-09-25T00:19:08.493+0000] {logging_mixin.py:149} INFO - [2026-09-25T00:19:08.492+0000] {dag.py:3490} INFO - Setting next_dagrun for penguins_pipeline to None, run_after=None
[2026-09-25T00:19:08.550+0000] {processor.py:178} INFO - Processing /opt/airflow/dags/1_dag_flujo.py took 1.403 seconds
[2026-09-25T00:19:38.882+0000] {processor.py:156} INFO - Started process (PID=377686) to work on /opt/airflow/dags/1_dag_flujo.py
[2026-09-25T00:19:38.886+0000] {processor.py:799} INFO - Processing file /opt/airflow/dags/1_dag_flujo.py for tasks to queue
[2026-09-25T00:19:38.888+0000] {logging_mixin.py:149} INFO - [2026-09-25T00:19:38.888+0000] {dagbag.py:541} INFO - Filling up the DagBag from /opt/airflow/dags/1_dag_flujo.py
[2026-09-25T00:19:39.945+0000] {processor.py:809} INFO - DAG(s) dict_keys(['penguins_pipeline']) retrieved from /opt/airflow/dags/1_dag_flujo.py
[2026-09-25T00:19:40.018+0000] {logging_mixin.py:149} INFO - [2026-09-25T00:19:40.017+0000] {dag.py:2726} INFO - Sync 1 DAGs
[2026-09-25T00:19:40.095+0000] {logging_mixin.py:149} INFO - [2026-09-25T00:19:40.094+0000] {dag.py:3490} INFO - Setting next_dagrun for penguins_pipeline to None, run_after=None
[2026-09-25T00:19:40.154+0000] {processor.py:178} INFO - Processing /opt/airflow/dags/1_dag_flujo.py took 1.283 seconds
[2026-09-25T00:20:10.494+0000] {processor.py:156} INFO - Started process (PID=377698) to work on /opt/airflow/dags/1_dag_flujo.py
[2026-09-25T00:20:10.498+0000] {processor.py:799} INFO - Processing file /opt/airflow/dags/1_dag_flujo.py for tasks to queue
[2026-09-25T00:20:10.500+0000] {logging_mixin.py:149} INFO - [2026-09-25T00:20:10.499+0000] {dagbag.py:541} INFO - Filling up the DagBag from /opt/airflow/dags/1_dag_flujo.py
[2026-09-25T00:20:11.609+0000] {processor.py:809} INFO - DAG(s) dict_keys(['penguins_pipeline']) retrieved from /opt/airflow/dags/1_dag_flujo.py
[2026-09-25T00:20:11.683+0000] {logging_mixin.py:149} INFO - [2026-09-25T00:20:11.682+0000] {dag.py:2726} INFO - Sync 1 DAGs
[2026-09-25T00:20:11.747+0000] {logging_mixin.py:149} INFO - [2026-09-25T00:20:11.746+0000] {dag.py:3490} INFO - Setting next_dagrun for penguins_pipeline to None, run_after=None
[2026-09-25T00:20:11.788+0000] {processor.py:178} INFO - Processing /opt/airflow/dags/1_dag_flujo.py took 1.304 seconds
[2026-09-25T00:20:42.093+0000] {processor.py:156} INFO - Started process (PID=377710) to work on /opt/airflow/dags/1_dag_flujo.py
[2026-09-25T00:20:42.098+0000] {processor.py:799} INFO - Processing file /opt/airflow/dags/1_dag_flujo.py for tasks to queue
[2026-09-25T00:20:42.100+0000] {logging_mixin.py:149} INFO - [2026-09-25T00:20:42.100+0000] {dagbag.py:541} INFO - Filling up the DagBag from /opt/airflow/dags/1_dag_flujo.py
[2026-09-25T00:20:43.265+0000] {processor.py:809} INFO - DAG(s) dict_keys(['penguins_pipeline']) retrieved from /opt/airflow/dags/1_dag_flujo.py
[2026-09-25T00:20:43.334+0000] {logging_mixin.py:149} INFO - [2026-09-25T00:20:43.332+0000] {dag.py:2726} INFO - Sync 1 DAGs
[2026-09-25T00:20:43.390+0000] {logging_mixin.py:149} INFO - [2026-09-25T00:20:43.389+0000] {dag.py:3490} INFO - Setting next_dagrun for penguins_pipeline to None, run_after=None
[2026-09-25T00:20:43.452+0000] {processor.py:178} INFO - Processing /opt/airflow/dags/1_dag_flujo.py took 1.371 seconds
[2026-09-25T00:21:13.747+0000] {processor.py:156} INFO - Started process (PID=377723) to work on /opt/airflow/dags/1_dag_flujo.py
[2026-09-25T00:21:13.753+0000] {processor.py:799} INFO - Processing file /opt/airflow/dags/1_dag_flujo.py for tasks to queue
[2026-09-25T00:21:13.755+0000] {logging_mixin.py:149} INFO - [2026-09-25T00:21:13.755+0000] {dagbag.py:541} INFO - Filling up the DagBag from /opt/airflow/dags/1_dag_flujo.py
[2026-09-25T00:21:14.943+0000] {processor.py:809} INFO - DAG(s) dict_keys(['penguins_pipeline']) retrieved from /opt/airflow/dags/1_dag_flujo.py
[2026-09-25T00:21:15.003+0000] {logging_mixin.py:149} INFO - [2026-09-25T00:21:15.002+0000] {dag.py:2726} INFO - Sync 1 DAGs
[2026-09-25T00:21:15.058+0000] {logging_mixin.py:149} INFO - [2026-09-25T00:21:15.058+0000] {dag.py:3490} INFO - Setting next_dagrun for penguins_pipeline to None, run_after=None
[2026-09-25T00:21:15.127+0000] {processor.py:178} INFO - Processing /opt/airflow/dags/1_dag_flujo.py took 1.392 seconds
[2026-09-25T00:21:45.437+0000] {processor.py:156} INFO - Started process (PID=377735) to work on /opt/airflow/dags/1_dag_flujo.py
[2026-09-25T00:21:45.439+0000] {processor.py:799} INFO - Processing file /opt/airflow/dags/1_dag_flujo.py for tasks to queue
[2026-09-25T00:21:45.440+0000] {logging_mixin.py:149} INFO - [2026-09-25T00:21:45.440+0000] {dagbag.py:541} INFO - Filling up the DagBag from /opt/airflow/dags/1_dag_flujo.py
[2026-09-25T00:21:46.662+0000] {processor.py:809} INFO - DAG(s) dict_keys(['penguins_pipeline']) retrieved from /opt/airflow/dags/1_dag_flujo.py
[2026-09-25T00:21:46.742+0000] {logging_mixin.py:149} INFO - [2026-09-25T00:21:46.741+0000] {dag.py:2726} INFO - Sync 1 DAGs
[2026-09-25T00:21:46.814+0000] {logging_mixin.py:149} INFO - [2026-09-25T00:21:46.813+0000] {dag.py:3490} INFO - Setting next_dagrun for penguins_pipeline to None, run_after=None
[2026-09-25T00:21:46.848+0000] {processor.py:178} INFO - Processing /opt/airflow/dags/1_dag_flujo.py took 1.416 seconds
[2026-09-25T00:22:17.201+0000] {processor.py:156} INFO - Started process (PID=377747) to work on /opt/airflow/dags/1_dag_flujo.py
[2026-09-25T00:22:17.203+0000] {processor.py:799} INFO - Processing file /opt/airflow/dags/1_dag_flujo.py for tasks to queue
[2026-09-25T00:22:17.204+0000] {logging_mixin.py:149} INFO - [2026-09-25T00:22:17.204+0000] {dagbag.py:541} INFO - Filling up the DagBag from /opt/airflow/dags/1_dag_flujo.py
[2026-09-25T00:22:18.345+0000] {processor.py:809} INFO - DAG(s) dict_keys(['penguins_pipeline']) retrieved from /opt/airflow/dags/1_dag_flujo.py
[2026-09-25T00:22:18.411+0000] {logging_mixin.py:149} INFO - [2026-09-25T00:22:18.410+0000] {dag.py:2726} INFO - Sync 1 DAGs
[2026-09-25T00:22:18.473+0000] {logging_mixin.py:149} INFO - [2026-09-25T00:22:18.472+0000] {dag.py:3490} INFO - Setting next_dagrun for penguins_pipeline to None, run_after=None
[2026-09-25T00:22:18.527+0000] {processor.py:178} INFO - Processing /opt/airflow/dags/1_dag_flujo.py took 1.332 seconds
[2026-09-25T00:22:48.814+0000] {processor.py:156} INFO - Started process (PID=377760) to work on /opt/airflow/dags/1_dag_flujo.py
[2026-09-25T00:22:48.817+0000] {processor.py:799} INFO - Processing file /opt/airflow/dags/1_dag_flujo.py for tasks to queue
[2026-09-25T00:22:48.818+0000] {logging_mixin.py:149} INFO - [2026-09-25T00:22:48.817+0000] {dagbag.py:541} INFO - Filling up the DagBag from /opt/airflow/dags/1_dag_flujo.py
[2026-09-25T00:22:49.933+0000] {processor.py:809} INFO - DAG(s) dict_keys(['penguins_pipeline']) retrieved from /opt/airflow/dags/1_dag_flujo.py
[2026-09-25T00:22:50.000+0000] {logging_mixin.py:149} INFO - [2026-09-25T00:22:49.999+0000] {dag.py:2726} INFO - Sync 1 DAGs
[2026-09-25T00:22:50.045+0000] {logging_mixin.py:149} INFO - [2026-09-25T00:22:50.045+0000] {dag.py:3490} INFO - Setting next_dagrun for penguins_pipeline to None, run_after=None
[2026-09-25T00:22:50.073+0000] {processor.py:178} INFO - Processing /opt/airflow/dags/1_dag_flujo.py took 1.264 seconds
[2026-09-25T00:23:20.368+0000] {processor.py:156} INFO - Started process (PID=377772) to work on /opt/airflow/dags/1_dag_flujo.py
[2026-09-25T00:23:20.371+0000] {processor.py:799} INFO - Processing file /opt/airflow/dags/1_dag_flujo.py for tasks to queue
[2026-09-25T00:23:20.374+0000] {logging_mixin.py:149} INFO - [2026-09-25T00:23:20.373+0000] {dagbag.py:541} INFO - Filling up the DagBag from /opt/airflow/dags/1_dag_flujo.py
[2026-09-25T00:23:21.693+0000] {processor.py:809} INFO - DAG(s) dict_keys(['penguins_pipeline']) retrieved from /opt/airflow/dags/1_dag_flujo.py
[2026-09-25T00:23:21.730+0000] {logging_mixin.py:149} INFO - [2026-09-25T00:23:21.729+0000] {dag.py:2726} INFO - Sync 1 DAGs
[2026-09-25T00:23:21.760+0000] {logging_mixin.py:149} INFO - [2026-09-25T00:23:21.760+0000] {dag.py:3490} INFO - Setting next_dagrun for penguins_pipeline to None, run_after=None
[2026-09-25T00:23:21.807+0000] {processor.py:178} INFO - Processing /opt/airflow/dags/1_dag_flujo.py took 1.447 seconds
[2026-09-25T00:23:52.142+0000] {processor.py:156} INFO - Started process (PID=377785) to work on /opt/airflow/dags/1_dag_flujo.py
[2026-09-25T00:23:52.146+0000] {processor.py:799} INFO - Processing file /opt/airflow/dags/1_dag_flujo.py for tasks to queue
[2026-09-25T00:23:52.147+0000] {logging_mixin.py:149} INFO - [2026-09-25T00:23:52.147+0000] {dagbag.py:541} INFO - Filling up the DagBag from /opt/airflow/dags/1_dag_flujo.py
[2026-09-25T00:23:53.447+0000] {processor.py:809} INFO - DAG(s) dict_keys(['penguins_pipeline']) retrieved from /opt/airflow/dags/1_dag_flujo.py
[2026-09-25T00:23:53.502+0000] {logging_mixin.py:149} INFO - [2026-09-25T00:23:53.501+0000] {dag.py:2726} INFO - Sync 1 DAGs
[2026-09-25T00:23:53.570+0000] {logging_mixin.py:149} INFO - [2026-09-25T00:23:53.569+0000] {dag.py:3490} INFO - Setting next_dagrun for penguins_pipeline to None, run_after=None
[2026-09-25T00:23:53.650+0000] {processor.py:178} INFO - Processing /opt/airflow/dags/1_dag_flujo.py took 1.519 seconds
[2026-09-25T00:24:23.917+0000] {processor.py:156} INFO - Started process (PID=377798) to work on /opt/airflow/dags/1_dag_flujo.py
[2026-09-25T00:24:23.921+0000] {processor.py:799} INFO - Processing file /opt/airflow/dags/1_dag_flujo.py for tasks to queue
[2026-09-25T00:24:23.923+0000] {logging_mixin.py:149} INFO - [2026-09-25T00:24:23.923+0000] {dagbag.py:541} INFO - Filling up the DagBag from /opt/airflow/dags/1_dag_flujo.py
[2026-09-25T00:24:25.140+0000] {processor.py:809} INFO - DAG(s) dict_keys(['penguins_pipeline']) retrieved from /opt/airflow/dags/1_dag_flujo.py
[2026-09-25T00:24:25.212+0000] {logging_mixin.py:149} INFO - [2026-09-25T00:24:25.211+0000] {dag.py:2726} INFO - Sync 1 DAGs
[2026-09-25T00:24:25.284+0000] {logging_mixin.py:149} INFO - [2026-09-25T00:24:25.284+0000] {dag.py:3490} INFO - Setting next_dagrun for penguins_pipeline to None, run_after=None
[2026-09-25T00:24:25.341+0000] {processor.py:178} INFO - Processing /opt/airflow/dags/1_dag_flujo.py took 1.435 seconds
[2026-09-25T00:24:55.607+0000] {processor.py:156} INFO - Started process (PID=377810) to work on /opt/airflow/dags/1_dag_flujo.py
[2026-09-25T00:24:55.612+0000] {processor.py:799} INFO - Processing file /opt/airflow/dags/1_dag_flujo.py for tasks to queue
[2026-09-25T00:24:55.614+0000] {logging_mixin.py:149} INFO - [2026-09-25T00:24:55.614+0000] {dagbag.py:541} INFO - Filling up the DagBag from /opt/airflow/dags/1_dag_flujo.py
[2026-09-25T00:24:56.848+0000] {processor.py:809} INFO - DAG(s) dict_keys(['penguins_pipeline']) retrieved from /opt/airflow/dags/1_dag_flujo.py
[2026-09-25T00:24:56.929+0000] {logging_mixin.py:149} INFO - [2026-09-25T00:24:56.928+0000] {dag.py:2726} INFO - Sync 1 DAGs
[2026-09-25T00:24:57.005+0000] {logging_mixin.py:149} INFO - [2026-09-25T00:24:57.004+0000] {dag.py:3490} INFO - Setting next_dagrun for penguins_pipeline to None, run_after=None
[2026-09-25T00:24:57.063+0000] {processor.py:178} INFO - Processing /opt/airflow/dags/1_dag_flujo.py took 1.467 seconds
[2026-09-25T00:25:27.411+0000] {processor.py:156} INFO - Started process (PID=377823) to work on /opt/airflow/dags/1_dag_flujo.py
[2026-09-25T00:25:27.423+0000] {processor.py:799} INFO - Processing file /opt/airflow/dags/1_dag_flujo.py for tasks to queue
[2026-09-25T00:25:27.425+0000] {logging_mixin.py:149} INFO - [2026-09-25T00:25:27.425+0000] {dagbag.py:541} INFO - Filling up the DagBag from /opt/airflow/dags/1_dag_flujo.py
[2026-09-25T00:25:28.752+0000] {processor.py:809} INFO - DAG(s) dict_keys(['penguins_pipeline']) retrieved from /opt/airflow/dags/1_dag_flujo.py
[2026-09-25T00:25:28.807+0000] {logging_mixin.py:149} INFO - [2026-09-25T00:25:28.806+0000] {dag.py:2726} INFO - Sync 1 DAGs
[2026-09-25T00:25:28.863+0000] {logging_mixin.py:149} INFO - [2026-09-25T00:25:28.863+0000] {dag.py:3490} INFO - Setting next_dagrun for penguins_pipeline to None, run_after=None
[2026-09-25T00:25:28.917+0000] {processor.py:178} INFO - Processing /opt/airflow/dags/1_dag_flujo.py took 1.520 seconds
[2026-09-25T00:25:59.150+0000] {processor.py:156} INFO - Started process (PID=377835) to work on /opt/airflow/dags/1_dag_flujo.py
[2026-09-25T00:25:59.155+0000] {processor.py:799} INFO - Processing file /opt/airflow/dags/1_dag_flujo.py for tasks to queue
[2026-09-25T00:25:59.157+0000] {logging_mixin.py:149} INFO - [2026-09-25T00:25:59.157+0000] {dagbag.py:541} INFO - Filling up the DagBag from /opt/airflow/dags/1_dag_flujo.py
[2026-09-25T00:26:00.442+0000] {processor.py:809} INFO - DAG(s) dict_keys(['penguins_pipeline']) retrieved from /opt/airflow/dags/1_dag_flujo.py
[2026-09-25T00:26:00.508+0000] {logging_mixin.py:149} INFO - [2026-09-25T00:26:00.507+0000] {dag.py:2726} INFO - Sync 1 DAGs
[2026-09-25T00:26:00.548+0000] {logging_mixin.py:149} INFO - [2026-09-25T00:26:00.547+0000] {dag.py:3490} INFO - Setting next_dagrun for penguins_pipeline to None, run_after=None
[2026-09-25T00:26:00.572+0000] {processor.py:178} INFO - Processing /opt/airflow/dags/1_dag_flujo.py took 1.433 seconds
[2026-09-25T00:26:30.906+0000] {processor.py:156} INFO - Started process (PID=377846) to work on /opt/airflow/dags/1_dag_flujo.py
[2026-09-25T00:26:30.911+0000] {processor.py:799} INFO - Processing file /opt/airflow/dags/1_dag_flujo.py for tasks to queue
[2026-09-25T00:26:30.913+0000] {logging_mixin.py:149} INFO - [2026-09-25T00:26:30.913+0000] {dagbag.py:541} INFO - Filling up the DagBag from /opt/airflow/dags/1_dag_flujo.py
[2026-09-25T00:26:32.127+0000] {processor.py:809} INFO - DAG(s) dict_keys(['penguins_pipeline']) retrieved from /opt/airflow/dags/1_dag_flujo.py
[2026-09-25T00:26:32.194+0000] {logging_mixin.py:149} INFO - [2026-09-25T00:26:32.193+0000] {dag.py:2726} INFO - Sync 1 DAGs
[2026-09-25T00:26:32.252+0000] {logging_mixin.py:149} INFO - [2026-09-25T00:26:32.252+0000] {dag.py:3490} INFO - Setting next_dagrun for penguins_pipeline to None, run_after=None
[2026-09-25T00:26:32.305+0000] {processor.py:178} INFO - Processing /opt/airflow/dags/1_dag_flujo.py took 1.413 seconds
[2026-09-25T00:27:02.622+0000] {processor.py:156} INFO - Started process (PID=377858) to work on /opt/airflow/dags/1_dag_flujo.py
[2026-09-25T00:27:02.629+0000] {processor.py:799} INFO - Processing file /opt/airflow/dags/1_dag_flujo.py for tasks to queue
[2026-09-25T00:27:02.631+0000] {logging_mixin.py:149} INFO - [2026-09-25T00:27:02.630+0000] {dagbag.py:541} INFO - Filling up the DagBag from /opt/airflow/dags/1_dag_flujo.py
[2026-09-25T00:27:03.971+0000] {processor.py:809} INFO - DAG(s) dict_keys(['penguins_pipeline']) retrieved from /opt/airflow/dags/1_dag_flujo.py
[2026-09-25T00:27:04.044+0000] {logging_mixin.py:149} INFO - [2026-09-25T00:27:04.043+0000] {dag.py:2726} INFO - Sync 1 DAGs
[2026-09-25T00:27:04.109+0000] {logging_mixin.py:149} INFO - [2026-09-25T00:27:04.109+0000] {dag.py:3490} INFO - Setting next_dagrun for penguins_pipeline to None, run_after=None
[2026-09-25T00:27:04.179+0000] {processor.py:178} INFO - Processing /opt/airflow/dags/1_dag_flujo.py took 1.571 seconds
[2026-09-25T00:27:34.448+0000] {processor.py:156} INFO - Started process (PID=377876) to work on /opt/airflow/dags/1_dag_flujo.py
[2026-09-25T00:27:34.451+0000] {processor.py:799} INFO - Processing file /opt/airflow/dags/1_dag_flujo.py for tasks to queue
[2026-09-25T00:27:34.453+0000] {logging_mixin.py:149} INFO - [2026-09-25T00:27:34.453+0000] {dagbag.py:541} INFO - Filling up the DagBag from /opt/airflow/dags/1_dag_flujo.py
[2026-09-25T00:27:35.666+0000] {processor.py:809} INFO - DAG(s) dict_keys(['penguins_pipeline']) retrieved from /opt/airflow/dags/1_dag_flujo.py
[2026-09-25T00:27:35.737+0000] {logging_mixin.py:149} INFO - [2026-09-25T00:27:35.736+0000] {dag.py:2726} INFO - Sync 1 DAGs
[2026-09-25T00:27:35.797+0000] {logging_mixin.py:149} INFO - [2026-09-25T00:27:35.796+0000] {dag.py:3490} INFO - Setting next_dagrun for penguins_pipeline to None, run_after=None
[2026-09-25T00:27:35.848+0000] {processor.py:178} INFO - Processing /opt/airflow/dags/1_dag_flujo.py took 1.409 seconds
[2026-09-25T00:28:06.164+0000] {processor.py:156} INFO - Started process (PID=377888) to work on /opt/airflow/dags/1_dag_flujo.py
[2026-09-25T00:28:06.178+0000] {processor.py:799} INFO - Processing file /opt/airflow/dags/1_dag_flujo.py for tasks to queue
[2026-09-25T00:28:06.181+0000] {logging_mixin.py:149} INFO - [2026-09-25T00:28:06.180+0000] {dagbag.py:541} INFO - Filling up the DagBag from /opt/airflow/dags/1_dag_flujo.py
[2026-09-25T00:28:07.545+0000] {processor.py:809} INFO - DAG(s) dict_keys(['penguins_pipeline']) retrieved from /opt/airflow/dags/1_dag_flujo.py
[2026-09-25T00:28:07.622+0000] {logging_mixin.py:149} INFO - [2026-09-25T00:28:07.621+0000] {dag.py:2726} INFO - Sync 1 DAGs
[2026-09-25T00:28:07.694+0000] {logging_mixin.py:149} INFO - [2026-09-25T00:28:07.693+0000] {dag.py:3490} INFO - Setting next_dagrun for penguins_pipeline to None, run_after=None
[2026-09-25T00:28:07.758+0000] {processor.py:178} INFO - Processing /opt/airflow/dags/1_dag_flujo.py took 1.609 seconds
[2026-09-25T00:28:37.977+0000] {processor.py:156} INFO - Started process (PID=377900) to work on /opt/airflow/dags/1_dag_flujo.py
[2026-09-25T00:28:37.983+0000] {processor.py:799} INFO - Processing file /opt/airflow/dags/1_dag_flujo.py for tasks to queue
[2026-09-25T00:28:37.985+0000] {logging_mixin.py:149} INFO - [2026-09-25T00:28:37.985+0000] {dagbag.py:541} INFO - Filling up the DagBag from /opt/airflow/dags/1_dag_flujo.py
[2026-09-25T00:28:39.103+0000] {processor.py:809} INFO - DAG(s) dict_keys(['penguins_pipeline']) retrieved from /opt/airflow/dags/1_dag_flujo.py
[2026-09-25T00:28:39.170+0000] {logging_mixin.py:149} INFO - [2026-09-25T00:28:39.169+0000] {dag.py:2726} INFO - Sync 1 DAGs
[2026-09-25T00:28:39.233+0000] {logging_mixin.py:149} INFO - [2026-09-25T00:28:39.232+0000] {dag.py:3490} INFO - Setting next_dagrun for penguins_pipeline to None, run_after=None
[2026-09-25T00:28:39.301+0000] {processor.py:178} INFO - Processing /opt/airflow/dags/1_dag_flujo.py took 1.336 seconds
[2026-09-25T00:29:09.590+0000] {processor.py:156} INFO - Started process (PID=377912) to work on /opt/airflow/dags/1_dag_flujo.py
[2026-09-25T00:29:09.600+0000] {processor.py:799} INFO - Processing file /opt/airflow/dags/1_dag_flujo.py for tasks to queue
[2026-09-25T00:29:09.602+0000] {logging_mixin.py:149} INFO - [2026-09-25T00:29:09.602+0000] {dagbag.py:541} INFO - Filling up the DagBag from /opt/airflow/dags/1_dag_flujo.py
[2026-09-25T00:29:10.887+0000] {processor.py:809} INFO - DAG(s) dict_keys(['penguins_pipeline']) retrieved from /opt/airflow/dags/1_dag_flujo.py
[2026-09-25T00:29:10.937+0000] {logging_mixin.py:149} INFO - [2026-09-25T00:29:10.936+0000] {dag.py:2726} INFO - Sync 1 DAGs
[2026-09-25T00:29:10.988+0000] {logging_mixin.py:149} INFO - [2026-09-25T00:29:10.988+0000] {dag.py:3490} INFO - Setting next_dagrun for penguins_pipeline to None, run_after=None
[2026-09-25T00:29:11.024+0000] {processor.py:178} INFO - Processing /opt/airflow/dags/1_dag_flujo.py took 1.446 seconds
[2026-09-25T00:29:41.357+0000] {processor.py:156} INFO - Started process (PID=377924) to work on /opt/airflow/dags/1_dag_flujo.py
[2026-09-25T00:29:41.370+0000] {processor.py:799} INFO - Processing file /opt/airflow/dags/1_dag_flujo.py for tasks to queue
[2026-09-25T00:29:41.372+0000] {logging_mixin.py:149} INFO - [2026-09-25T00:29:41.372+0000] {dagbag.py:541} INFO - Filling up the DagBag from /opt/airflow/dags/1_dag_flujo.py
[2026-09-25T00:29:42.587+0000] {processor.py:809} INFO - DAG(s) dict_keys(['penguins_pipeline']) retrieved from /opt/airflow/dags/1_dag_flujo.py
[2026-09-25T00:29:42.660+0000] {logging_mixin.py:149} INFO - [2026-09-25T00:29:42.659+0000] {dag.py:2726} INFO - Sync 1 DAGs
[2026-09-25T00:29:42.725+0000] {logging_mixin.py:149} INFO - [2026-09-25T00:29:42.724+0000] {dag.py:3490} INFO - Setting next_dagrun for penguins_pipeline to None, run_after=None
[2026-09-25T00:29:42.782+0000] {processor.py:178} INFO - Processing /opt/airflow/dags/1_dag_flujo.py took 1.439 seconds
[2026-09-25T00:30:13.080+0000] {processor.py:156} INFO - Started process (PID=377935) to work on /opt/airflow/dags/1_dag_flujo.py
[2026-09-25T00:30:13.088+0000] {processor.py:799} INFO - Processing file /opt/airflow/dags/1_dag_flujo.py for tasks to queue
[2026-09-25T00:30:13.090+0000] {logging_mixin.py:149} INFO - [2026-09-25T00:30:13.090+0000] {dagbag.py:541} INFO - Filling up the DagBag from /opt/airflow/dags/1_dag_flujo.py
[2026-09-25T00:30:14.352+0000] {processor.py:809} INFO - DAG(s) dict_keys(['penguins_pipeline']) retrieved from /opt/airflow/dags/1_dag_flujo.py
[2026-09-25T00:30:14.422+0000] {logging_mixin.py:149} INFO - [2026-09-25T00:30:14.421+0000] {dag.py:2726} INFO - Sync 1 DAGs
[2026-09-25T00:30:14.485+0000] {logging_mixin.py:149} INFO - [2026-09-25T00:30:14.485+0000] {dag.py:3490} INFO - Setting next_dagrun for penguins_pipeline to None, run_after=None
[2026-09-25T00:30:14.550+0000] {processor.py:178} INFO - Processing /opt/airflow/dags/1_dag_flujo.py took 1.479 seconds
[2026-09-25T00:30:44.848+0000] {processor.py:156} INFO - Started process (PID=377947) to work on /opt/airflow/dags/1_dag_flujo.py
[2026-09-25T00:30:44.854+0000] {processor.py:799} INFO - Processing file /opt/airflow/dags/1_dag_flujo.py for tasks to queue
[2026-09-25T00:30:44.855+0000] {logging_mixin.py:149} INFO - [2026-09-25T00:30:44.855+0000] {dagbag.py:541} INFO - Filling up the DagBag from /opt/airflow/dags/1_dag_flujo.py
[2026-09-25T00:30:46.071+0000] {processor.py:809} INFO - DAG(s) dict_keys(['penguins_pipeline']) retrieved from /opt/airflow/dags/1_dag_flujo.py
[2026-09-25T00:30:46.147+0000] {logging_mixin.py:149} INFO - [2026-09-25T00:30:46.146+0000] {dag.py:2726} INFO - Sync 1 DAGs
[2026-09-25T00:30:46.215+0000] {logging_mixin.py:149} INFO - [2026-09-25T00:30:46.214+0000] {dag.py:3490} INFO - Setting next_dagrun for penguins_pipeline to None, run_after=None
[2026-09-25T00:30:46.266+0000] {processor.py:178} INFO - Processing /opt/airflow/dags/1_dag_flujo.py took 1.423 seconds
[2026-09-25T00:31:16.584+0000] {processor.py:156} INFO - Started process (PID=377959) to work on /opt/airflow/dags/1_dag_flujo.py
[2026-09-25T00:31:16.596+0000] {processor.py:799} INFO - Processing file /opt/airflow/dags/1_dag_flujo.py for tasks to queue
[2026-09-25T00:31:16.598+0000] {logging_mixin.py:149} INFO - [2026-09-25T00:31:16.597+0000] {dagbag.py:541} INFO - Filling up the DagBag from /opt/airflow/dags/1_dag_flujo.py
[2026-09-25T00:31:17.667+0000] {processor.py:809} INFO - DAG(s) dict_keys(['penguins_pipeline']) retrieved from /opt/airflow/dags/1_dag_flujo.py
[2026-09-25T00:31:17.750+0000] {logging_mixin.py:149} INFO - [2026-09-25T00:31:17.748+0000] {dag.py:2726} INFO - Sync 1 DAGs
[2026-09-25T00:31:17.815+0000] {logging_mixin.py:149} INFO - [2026-09-25T00:31:17.815+0000] {dag.py:3490} INFO - Setting next_dagrun for penguins_pipeline to None, run_after=None
[2026-09-25T00:31:17.874+0000] {processor.py:178} INFO - Processing /opt/airflow/dags/1_dag_flujo.py took 1.301 seconds
[2026-09-25T00:31:48.180+0000] {processor.py:156} INFO - Started process (PID=377971) to work on /opt/airflow/dags/1_dag_flujo.py
[2026-09-25T00:31:48.184+0000] {processor.py:799} INFO - Processing file /opt/airflow/dags/1_dag_flujo.py for tasks to queue
[2026-09-25T00:31:48.186+0000] {logging_mixin.py:149} INFO - [2026-09-25T00:31:48.186+0000] {dagbag.py:541} INFO - Filling up the DagBag from /opt/airflow/dags/1_dag_flujo.py
[2026-09-25T00:31:49.352+0000] {processor.py:809} INFO - DAG(s) dict_keys(['penguins_pipeline']) retrieved from /opt/airflow/dags/1_dag_flujo.py
[2026-09-25T00:31:49.435+0000] {logging_mixin.py:149} INFO - [2026-09-25T00:31:49.434+0000] {dag.py:2726} INFO - Sync 1 DAGs
[2026-09-25T00:31:49.504+0000] {logging_mixin.py:149} INFO - [2026-09-25T00:31:49.503+0000] {dag.py:3490} INFO - Setting next_dagrun for penguins_pipeline to None, run_after=None
[2026-09-25T00:31:49.568+0000] {processor.py:178} INFO - Processing /opt/airflow/dags/1_dag_flujo.py took 1.399 seconds
[2026-09-25T00:32:19.857+0000] {processor.py:156} INFO - Started process (PID=377983) to work on /opt/airflow/dags/1_dag_flujo.py
[2026-09-25T00:32:19.866+0000] {processor.py:799} INFO - Processing file /opt/airflow/dags/1_dag_flujo.py for tasks to queue
[2026-09-25T00:32:19.868+0000] {logging_mixin.py:149} INFO - [2026-09-25T00:32:19.868+0000] {dagbag.py:541} INFO - Filling up the DagBag from /opt/airflow/dags/1_dag_flujo.py
[2026-09-25T00:32:21.072+0000] {processor.py:809} INFO - DAG(s) dict_keys(['penguins_pipeline']) retrieved from /opt/airflow/dags/1_dag_flujo.py
[2026-09-25T00:32:21.147+0000] {logging_mixin.py:149} INFO - [2026-09-25T00:32:21.146+0000] {dag.py:2726} INFO - Sync 1 DAGs
[2026-09-25T00:32:21.212+0000] {logging_mixin.py:149} INFO - [2026-09-25T00:32:21.212+0000] {dag.py:3490} INFO - Setting next_dagrun for penguins_pipeline to None, run_after=None
[2026-09-25T00:32:21.273+0000] {processor.py:178} INFO - Processing /opt/airflow/dags/1_dag_flujo.py took 1.423 seconds
[2026-09-25T00:32:51.572+0000] {processor.py:156} INFO - Started process (PID=377995) to work on /opt/airflow/dags/1_dag_flujo.py
[2026-09-25T00:32:51.576+0000] {processor.py:799} INFO - Processing file /opt/airflow/dags/1_dag_flujo.py for tasks to queue
[2026-09-25T00:32:51.578+0000] {logging_mixin.py:149} INFO - [2026-09-25T00:32:51.578+0000] {dagbag.py:541} INFO - Filling up the DagBag from /opt/airflow/dags/1_dag_flujo.py
[2026-09-25T00:32:52.756+0000] {processor.py:809} INFO - DAG(s) dict_keys(['penguins_pipeline']) retrieved from /opt/airflow/dags/1_dag_flujo.py
[2026-09-25T00:32:52.837+0000] {logging_mixin.py:149} INFO - [2026-09-25T00:32:52.836+0000] {dag.py:2726} INFO - Sync 1 DAGs
[2026-09-25T00:32:52.897+0000] {logging_mixin.py:149} INFO - [2026-09-25T00:32:52.897+0000] {dag.py:3490} INFO - Setting next_dagrun for penguins_pipeline to None, run_after=None
[2026-09-25T00:32:52.953+0000] {processor.py:178} INFO - Processing /opt/airflow/dags/1_dag_flujo.py took 1.392 seconds
[2026-09-25T00:33:23.276+0000] {processor.py:156} INFO - Started process (PID=378007) to work on /opt/airflow/dags/1_dag_flujo.py
[2026-09-25T00:33:23.280+0000] {processor.py:799} INFO - Processing file /opt/airflow/dags/1_dag_flujo.py for tasks to queue
[2026-09-25T00:33:23.283+0000] {logging_mixin.py:149} INFO - [2026-09-25T00:33:23.282+0000] {dagbag.py:541} INFO - Filling up the DagBag from /opt/airflow/dags/1_dag_flujo.py
[2026-09-25T00:33:24.466+0000] {processor.py:809} INFO - DAG(s) dict_keys(['penguins_pipeline']) retrieved from /opt/airflow/dags/1_dag_flujo.py
[2026-09-25T00:33:24.559+0000] {logging_mixin.py:149} INFO - [2026-09-25T00:33:24.558+0000] {dag.py:2726} INFO - Sync 1 DAGs
[2026-09-25T00:33:24.622+0000] {logging_mixin.py:149} INFO - [2026-09-25T00:33:24.621+0000] {dag.py:3490} INFO - Setting next_dagrun for penguins_pipeline to None, run_after=None
[2026-09-25T00:33:24.688+0000] {processor.py:178} INFO - Processing /opt/airflow/dags/1_dag_flujo.py took 1.422 seconds
[2026-09-25T00:33:55.020+0000] {processor.py:156} INFO - Started process (PID=378019) to work on /opt/airflow/dags/1_dag_flujo.py
[2026-09-25T00:33:55.025+0000] {processor.py:799} INFO - Processing file /opt/airflow/dags/1_dag_flujo.py for tasks to queue
[2026-09-25T00:33:55.027+0000] {logging_mixin.py:149} INFO - [2026-09-25T00:33:55.027+0000] {dagbag.py:541} INFO - Filling up the DagBag from /opt/airflow/dags/1_dag_flujo.py
[2026-09-25T00:33:56.218+0000] {processor.py:809} INFO - DAG(s) dict_keys(['penguins_pipeline']) retrieved from /opt/airflow/dags/1_dag_flujo.py
[2026-09-25T00:33:56.291+0000] {logging_mixin.py:149} INFO - [2026-09-25T00:33:56.289+0000] {dag.py:2726} INFO - Sync 1 DAGs
[2026-09-25T00:33:56.342+0000] {logging_mixin.py:149} INFO - [2026-09-25T00:33:56.342+0000] {dag.py:3490} INFO - Setting next_dagrun for penguins_pipeline to None, run_after=None
[2026-09-25T00:33:56.390+0000] {processor.py:178} INFO - Processing /opt/airflow/dags/1_dag_flujo.py took 1.382 seconds
[2026-09-25T00:34:26.728+0000] {processor.py:156} INFO - Started process (PID=378031) to work on /opt/airflow/dags/1_dag_flujo.py
[2026-09-25T00:34:26.731+0000] {processor.py:799} INFO - Processing file /opt/airflow/dags/1_dag_flujo.py for tasks to queue
[2026-09-25T00:34:26.732+0000] {logging_mixin.py:149} INFO - [2026-09-25T00:34:26.732+0000] {dagbag.py:541} INFO - Filling up the DagBag from /opt/airflow/dags/1_dag_flujo.py
[2026-09-25T00:34:27.864+0000] {processor.py:809} INFO - DAG(s) dict_keys(['penguins_pipeline']) retrieved from /opt/airflow/dags/1_dag_flujo.py
[2026-09-25T00:34:27.914+0000] {logging_mixin.py:149} INFO - [2026-09-25T00:34:27.913+0000] {dag.py:2726} INFO - Sync 1 DAGs
[2026-09-25T00:34:27.961+0000] {logging_mixin.py:149} INFO - [2026-09-25T00:34:27.960+0000] {dag.py:3490} INFO - Setting next_dagrun for penguins_pipeline to None, run_after=None
[2026-09-25T00:34:28.003+0000] {processor.py:178} INFO - Processing /opt/airflow/dags/1_dag_flujo.py took 1.283 seconds
[2026-09-25T00:34:58.325+0000] {processor.py:156} INFO - Started process (PID=378043) to work on /opt/airflow/dags/1_dag_flujo.py
[2026-09-25T00:34:58.329+0000] {processor.py:799} INFO - Processing file /opt/airflow/dags/1_dag_flujo.py for tasks to queue
[2026-09-25T00:34:58.331+0000] {logging_mixin.py:149} INFO - [2026-09-25T00:34:58.331+0000] {dagbag.py:541} INFO - Filling up the DagBag from /opt/airflow/dags/1_dag_flujo.py
[2026-09-25T00:34:59.521+0000] {processor.py:809} INFO - DAG(s) dict_keys(['penguins_pipeline']) retrieved from /opt/airflow/dags/1_dag_flujo.py
[2026-09-25T00:34:59.590+0000] {logging_mixin.py:149} INFO - [2026-09-25T00:34:59.589+0000] {dag.py:2726} INFO - Sync 1 DAGs
[2026-09-25T00:34:59.647+0000] {logging_mixin.py:149} INFO - [2026-09-25T00:34:59.647+0000] {dag.py:3490} INFO - Setting next_dagrun for penguins_pipeline to None, run_after=None
[2026-09-25T00:34:59.711+0000] {processor.py:178} INFO - Processing /opt/airflow/dags/1_dag_flujo.py took 1.397 seconds
[2026-09-25T00:35:30.020+0000] {processor.py:156} INFO - Started process (PID=378055) to work on /opt/airflow/dags/1_dag_flujo.py
[2026-09-25T00:35:30.023+0000] {processor.py:799} INFO - Processing file /opt/airflow/dags/1_dag_flujo.py for tasks to queue
[2026-09-25T00:35:30.025+0000] {logging_mixin.py:149} INFO - [2026-09-25T00:35:30.025+0000] {dagbag.py:541} INFO - Filling up the DagBag from /opt/airflow/dags/1_dag_flujo.py
[2026-09-25T00:35:31.133+0000] {processor.py:809} INFO - DAG(s) dict_keys(['penguins_pipeline']) retrieved from /opt/airflow/dags/1_dag_flujo.py
[2026-09-25T00:35:31.191+0000] {logging_mixin.py:149} INFO - [2026-09-25T00:35:31.190+0000] {dag.py:2726} INFO - Sync 1 DAGs
[2026-09-25T00:35:31.236+0000] {logging_mixin.py:149} INFO - [2026-09-25T00:35:31.236+0000] {dag.py:3490} INFO - Setting next_dagrun for penguins_pipeline to None, run_after=None
[2026-09-25T00:35:31.262+0000] {processor.py:178} INFO - Processing /opt/airflow/dags/1_dag_flujo.py took 1.253 seconds
[2026-09-25T00:36:01.571+0000] {processor.py:156} INFO - Started process (PID=378067) to work on /opt/airflow/dags/1_dag_flujo.py
[2026-09-25T00:36:01.575+0000] {processor.py:799} INFO - Processing file /opt/airflow/dags/1_dag_flujo.py for tasks to queue
[2026-09-25T00:36:01.577+0000] {logging_mixin.py:149} INFO - [2026-09-25T00:36:01.576+0000] {dagbag.py:541} INFO - Filling up the DagBag from /opt/airflow/dags/1_dag_flujo.py
[2026-09-25T00:36:02.824+0000] {processor.py:809} INFO - DAG(s) dict_keys(['penguins_pipeline']) retrieved from /opt/airflow/dags/1_dag_flujo.py
[2026-09-25T00:36:02.903+0000] {logging_mixin.py:149} INFO - [2026-09-25T00:36:02.902+0000] {dag.py:2726} INFO - Sync 1 DAGs
[2026-09-25T00:36:02.964+0000] {logging_mixin.py:149} INFO - [2026-09-25T00:36:02.963+0000] {dag.py:3490} INFO - Setting next_dagrun for penguins_pipeline to None, run_after=None
[2026-09-25T00:36:03.021+0000] {processor.py:178} INFO - Processing /opt/airflow/dags/1_dag_flujo.py took 1.461 seconds
[2026-09-25T00:36:33.337+0000] {processor.py:156} INFO - Started process (PID=378079) to work on /opt/airflow/dags/1_dag_flujo.py
[2026-09-25T00:36:33.343+0000] {processor.py:799} INFO - Processing file /opt/airflow/dags/1_dag_flujo.py for tasks to queue
[2026-09-25T00:36:33.345+0000] {logging_mixin.py:149} INFO - [2026-09-25T00:36:33.344+0000] {dagbag.py:541} INFO - Filling up the DagBag from /opt/airflow/dags/1_dag_flujo.py
[2026-09-25T00:36:34.629+0000] {processor.py:809} INFO - DAG(s) dict_keys(['penguins_pipeline']) retrieved from /opt/airflow/dags/1_dag_flujo.py
[2026-09-25T00:36:34.685+0000] {logging_mixin.py:149} INFO - [2026-09-25T00:36:34.684+0000] {dag.py:2726} INFO - Sync 1 DAGs
[2026-09-25T00:36:34.734+0000] {logging_mixin.py:149} INFO - [2026-09-25T00:36:34.734+0000] {dag.py:3490} INFO - Setting next_dagrun for penguins_pipeline to None, run_after=None
[2026-09-25T00:36:34.789+0000] {processor.py:178} INFO - Processing /opt/airflow/dags/1_dag_flujo.py took 1.464 seconds
[2026-09-25T00:37:05.084+0000] {processor.py:156} INFO - Started process (PID=378092) to work on /opt/airflow/dags/1_dag_flujo.py
[2026-09-25T00:37:05.092+0000] {processor.py:799} INFO - Processing file /opt/airflow/dags/1_dag_flujo.py for tasks to queue
[2026-09-25T00:37:05.094+0000] {logging_mixin.py:149} INFO - [2026-09-25T00:37:05.094+0000] {dagbag.py:541} INFO - Filling up the DagBag from /opt/airflow/dags/1_dag_flujo.py
[2026-09-25T00:37:06.390+0000] {processor.py:809} INFO - DAG(s) dict_keys(['penguins_pipeline']) retrieved from /opt/airflow/dags/1_dag_flujo.py
[2026-09-25T00:37:06.447+0000] {logging_mixin.py:149} INFO - [2026-09-25T00:37:06.446+0000] {dag.py:2726} INFO - Sync 1 DAGs
[2026-09-25T00:37:06.508+0000] {logging_mixin.py:149} INFO - [2026-09-25T00:37:06.507+0000] {dag.py:3490} INFO - Setting next_dagrun for penguins_pipeline to None, run_after=None
[2026-09-25T00:37:06.559+0000] {processor.py:178} INFO - Processing /opt/airflow/dags/1_dag_flujo.py took 1.488 seconds
[2026-09-25T00:37:36.908+0000] {processor.py:156} INFO - Started process (PID=378110) to work on /opt/airflow/dags/1_dag_flujo.py
[2026-09-25T00:37:36.912+0000] {processor.py:799} INFO - Processing file /opt/airflow/dags/1_dag_flujo.py for tasks to queue
[2026-09-25T00:37:36.915+0000] {logging_mixin.py:149} INFO - [2026-09-25T00:37:36.915+0000] {dagbag.py:541} INFO - Filling up the DagBag from /opt/airflow/dags/1_dag_flujo.py
[2026-09-25T00:37:37.958+0000] {processor.py:809} INFO - DAG(s) dict_keys(['penguins_pipeline']) retrieved from /opt/airflow/dags/1_dag_flujo.py
[2026-09-25T00:37:38.032+0000] {logging_mixin.py:149} INFO - [2026-09-25T00:37:38.031+0000] {dag.py:2726} INFO - Sync 1 DAGs
[2026-09-25T00:37:38.091+0000] {logging_mixin.py:149} INFO - [2026-09-25T00:37:38.090+0000] {dag.py:3490} INFO - Setting next_dagrun for penguins_pipeline to None, run_after=None
[2026-09-25T00:37:38.154+0000] {processor.py:178} INFO - Processing /opt/airflow/dags/1_dag_flujo.py took 1.253 seconds
[2026-09-25T00:38:08.455+0000] {processor.py:156} INFO - Started process (PID=378124) to work on /opt/airflow/dags/1_dag_flujo.py
[2026-09-25T00:38:08.458+0000] {processor.py:799} INFO - Processing file /opt/airflow/dags/1_dag_flujo.py for tasks to queue
[2026-09-25T00:38:08.460+0000] {logging_mixin.py:149} INFO - [2026-09-25T00:38:08.460+0000] {dagbag.py:541} INFO - Filling up the DagBag from /opt/airflow/dags/1_dag_flujo.py
[2026-09-25T00:38:09.678+0000] {processor.py:809} INFO - DAG(s) dict_keys(['penguins_pipeline']) retrieved from /opt/airflow/dags/1_dag_flujo.py
[2026-09-25T00:38:09.719+0000] {logging_mixin.py:149} INFO - [2026-09-25T00:38:09.718+0000] {dag.py:2726} INFO - Sync 1 DAGs
[2026-09-25T00:38:09.748+0000] {logging_mixin.py:149} INFO - [2026-09-25T00:38:09.748+0000] {dag.py:3490} INFO - Setting next_dagrun for penguins_pipeline to None, run_after=None
[2026-09-25T00:38:09.772+0000] {processor.py:178} INFO - Processing /opt/airflow/dags/1_dag_flujo.py took 1.330 seconds
[2026-09-25T00:38:40.100+0000] {processor.py:156} INFO - Started process (PID=378136) to work on /opt/airflow/dags/1_dag_flujo.py
[2026-09-25T00:38:40.107+0000] {processor.py:799} INFO - Processing file /opt/airflow/dags/1_dag_flujo.py for tasks to queue
[2026-09-25T00:38:40.109+0000] {logging_mixin.py:149} INFO - [2026-09-25T00:38:40.109+0000] {dagbag.py:541} INFO - Filling up the DagBag from /opt/airflow/dags/1_dag_flujo.py
[2026-09-25T00:38:41.206+0000] {processor.py:809} INFO - DAG(s) dict_keys(['penguins_pipeline']) retrieved from /opt/airflow/dags/1_dag_flujo.py
[2026-09-25T00:38:41.273+0000] {logging_mixin.py:149} INFO - [2026-09-25T00:38:41.271+0000] {dag.py:2726} INFO - Sync 1 DAGs
[2026-09-25T00:38:41.340+0000] {logging_mixin.py:149} INFO - [2026-09-25T00:38:41.340+0000] {dag.py:3490} INFO - Setting next_dagrun for penguins_pipeline to None, run_after=None
[2026-09-25T00:38:41.393+0000] {processor.py:178} INFO - Processing /opt/airflow/dags/1_dag_flujo.py took 1.304 seconds
[2026-09-25T00:39:11.719+0000] {processor.py:156} INFO - Started process (PID=378148) to work on /opt/airflow/dags/1_dag_flujo.py
[2026-09-25T00:39:11.722+0000] {processor.py:799} INFO - Processing file /opt/airflow/dags/1_dag_flujo.py for tasks to queue
[2026-09-25T00:39:11.724+0000] {logging_mixin.py:149} INFO - [2026-09-25T00:39:11.723+0000] {dagbag.py:541} INFO - Filling up the DagBag from /opt/airflow/dags/1_dag_flujo.py
[2026-09-25T00:39:12.927+0000] {processor.py:809} INFO - DAG(s) dict_keys(['penguins_pipeline']) retrieved from /opt/airflow/dags/1_dag_flujo.py
[2026-09-25T00:39:12.997+0000] {logging_mixin.py:149} INFO - [2026-09-25T00:39:12.996+0000] {dag.py:2726} INFO - Sync 1 DAGs
[2026-09-25T00:39:13.058+0000] {logging_mixin.py:149} INFO - [2026-09-25T00:39:13.057+0000] {dag.py:3490} INFO - Setting next_dagrun for penguins_pipeline to None, run_after=None
[2026-09-25T00:39:13.114+0000] {processor.py:178} INFO - Processing /opt/airflow/dags/1_dag_flujo.py took 1.405 seconds
[2026-09-25T00:39:43.443+0000] {processor.py:156} INFO - Started process (PID=378159) to work on /opt/airflow/dags/1_dag_flujo.py
[2026-09-25T00:39:43.452+0000] {processor.py:799} INFO - Processing file /opt/airflow/dags/1_dag_flujo.py for tasks to queue
[2026-09-25T00:39:43.454+0000] {logging_mixin.py:149} INFO - [2026-09-25T00:39:43.454+0000] {dagbag.py:541} INFO - Filling up the DagBag from /opt/airflow/dags/1_dag_flujo.py
[2026-09-25T00:39:44.553+0000] {processor.py:809} INFO - DAG(s) dict_keys(['penguins_pipeline']) retrieved from /opt/airflow/dags/1_dag_flujo.py
[2026-09-25T00:39:44.616+0000] {logging_mixin.py:149} INFO - [2026-09-25T00:39:44.615+0000] {dag.py:2726} INFO - Sync 1 DAGs
[2026-09-25T00:39:44.673+0000] {logging_mixin.py:149} INFO - [2026-09-25T00:39:44.672+0000] {dag.py:3490} INFO - Setting next_dagrun for penguins_pipeline to None, run_after=None
[2026-09-25T00:39:44.741+0000] {processor.py:178} INFO - Processing /opt/airflow/dags/1_dag_flujo.py took 1.311 seconds
[2026-09-25T00:40:15.049+0000] {processor.py:156} INFO - Started process (PID=378171) to work on /opt/airflow/dags/1_dag_flujo.py
[2026-09-25T00:40:15.054+0000] {processor.py:799} INFO - Processing file /opt/airflow/dags/1_dag_flujo.py for tasks to queue
[2026-09-25T00:40:15.056+0000] {logging_mixin.py:149} INFO - [2026-09-25T00:40:15.056+0000] {dagbag.py:541} INFO - Filling up the DagBag from /opt/airflow/dags/1_dag_flujo.py
[2026-09-25T00:40:16.161+0000] {processor.py:809} INFO - DAG(s) dict_keys(['penguins_pipeline']) retrieved from /opt/airflow/dags/1_dag_flujo.py
[2026-09-25T00:40:16.231+0000] {logging_mixin.py:149} INFO - [2026-09-25T00:40:16.230+0000] {dag.py:2726} INFO - Sync 1 DAGs
[2026-09-25T00:40:16.295+0000] {logging_mixin.py:149} INFO - [2026-09-25T00:40:16.294+0000] {dag.py:3490} INFO - Setting next_dagrun for penguins_pipeline to None, run_after=None
[2026-09-25T00:40:16.346+0000] {processor.py:178} INFO - Processing /opt/airflow/dags/1_dag_flujo.py took 1.308 seconds
[2026-09-25T00:40:46.664+0000] {processor.py:156} INFO - Started process (PID=378184) to work on /opt/airflow/dags/1_dag_flujo.py
[2026-09-25T00:40:46.667+0000] {processor.py:799} INFO - Processing file /opt/airflow/dags/1_dag_flujo.py for tasks to queue
[2026-09-25T00:40:46.669+0000] {logging_mixin.py:149} INFO - [2026-09-25T00:40:46.669+0000] {dagbag.py:541} INFO - Filling up the DagBag from /opt/airflow/dags/1_dag_flujo.py
[2026-09-25T00:40:47.790+0000] {processor.py:809} INFO - DAG(s) dict_keys(['penguins_pipeline']) retrieved from /opt/airflow/dags/1_dag_flujo.py
[2026-09-25T00:40:47.858+0000] {logging_mixin.py:149} INFO - [2026-09-25T00:40:47.857+0000] {dag.py:2726} INFO - Sync 1 DAGs
[2026-09-25T00:40:47.926+0000] {logging_mixin.py:149} INFO - [2026-09-25T00:40:47.925+0000] {dag.py:3490} INFO - Setting next_dagrun for penguins_pipeline to None, run_after=None
[2026-09-25T00:40:47.984+0000] {processor.py:178} INFO - Processing /opt/airflow/dags/1_dag_flujo.py took 1.331 seconds
[2026-09-25T00:41:18.290+0000] {processor.py:156} INFO - Started process (PID=378196) to work on /opt/airflow/dags/1_dag_flujo.py
[2026-09-25T00:41:18.297+0000] {processor.py:799} INFO - Processing file /opt/airflow/dags/1_dag_flujo.py for tasks to queue
[2026-09-25T00:41:18.299+0000] {logging_mixin.py:149} INFO - [2026-09-25T00:41:18.299+0000] {dagbag.py:541} INFO - Filling up the DagBag from /opt/airflow/dags/1_dag_flujo.py
[2026-09-25T00:41:19.547+0000] {processor.py:809} INFO - DAG(s) dict_keys(['penguins_pipeline']) retrieved from /opt/airflow/dags/1_dag_flujo.py
[2026-09-25T00:41:19.598+0000] {logging_mixin.py:149} INFO - [2026-09-25T00:41:19.597+0000] {dag.py:2726} INFO - Sync 1 DAGs
[2026-09-25T00:41:19.648+0000] {logging_mixin.py:149} INFO - [2026-09-25T00:41:19.648+0000] {dag.py:3490} INFO - Setting next_dagrun for penguins_pipeline to None, run_after=None
[2026-09-25T00:41:19.711+0000] {processor.py:178} INFO - Processing /opt/airflow/dags/1_dag_flujo.py took 1.432 seconds
[2026-09-25T00:41:50.008+0000] {processor.py:156} INFO - Started process (PID=378208) to work on /opt/airflow/dags/1_dag_flujo.py
[2026-09-25T00:41:50.011+0000] {processor.py:799} INFO - Processing file /opt/airflow/dags/1_dag_flujo.py for tasks to queue
[2026-09-25T00:41:50.012+0000] {logging_mixin.py:149} INFO - [2026-09-25T00:41:50.012+0000] {dagbag.py:541} INFO - Filling up the DagBag from /opt/airflow/dags/1_dag_flujo.py
[2026-09-25T00:41:51.088+0000] {processor.py:809} INFO - DAG(s) dict_keys(['penguins_pipeline']) retrieved from /opt/airflow/dags/1_dag_flujo.py
[2026-09-25T00:41:51.162+0000] {logging_mixin.py:149} INFO - [2026-09-25T00:41:51.161+0000] {dag.py:2726} INFO - Sync 1 DAGs
[2026-09-25T00:41:51.227+0000] {logging_mixin.py:149} INFO - [2026-09-25T00:41:51.226+0000] {dag.py:3490} INFO - Setting next_dagrun for penguins_pipeline to None, run_after=None
[2026-09-25T00:41:51.294+0000] {processor.py:178} INFO - Processing /opt/airflow/dags/1_dag_flujo.py took 1.291 seconds
[2026-09-25T00:42:21.617+0000] {processor.py:156} INFO - Started process (PID=378220) to work on /opt/airflow/dags/1_dag_flujo.py
[2026-09-25T00:42:21.620+0000] {processor.py:799} INFO - Processing file /opt/airflow/dags/1_dag_flujo.py for tasks to queue
[2026-09-25T00:42:21.622+0000] {logging_mixin.py:149} INFO - [2026-09-25T00:42:21.621+0000] {dagbag.py:541} INFO - Filling up the DagBag from /opt/airflow/dags/1_dag_flujo.py
[2026-09-25T00:42:22.764+0000] {processor.py:809} INFO - DAG(s) dict_keys(['penguins_pipeline']) retrieved from /opt/airflow/dags/1_dag_flujo.py
[2026-09-25T00:42:22.839+0000] {logging_mixin.py:149} INFO - [2026-09-25T00:42:22.837+0000] {dag.py:2726} INFO - Sync 1 DAGs
[2026-09-25T00:42:22.883+0000] {logging_mixin.py:149} INFO - [2026-09-25T00:42:22.882+0000] {dag.py:3490} INFO - Setting next_dagrun for penguins_pipeline to None, run_after=None
[2026-09-25T00:42:22.910+0000] {processor.py:178} INFO - Processing /opt/airflow/dags/1_dag_flujo.py took 1.315 seconds
[2026-09-25T00:42:53.227+0000] {processor.py:156} INFO - Started process (PID=378232) to work on /opt/airflow/dags/1_dag_flujo.py
[2026-09-25T00:42:53.234+0000] {processor.py:799} INFO - Processing file /opt/airflow/dags/1_dag_flujo.py for tasks to queue
[2026-09-25T00:42:53.238+0000] {logging_mixin.py:149} INFO - [2026-09-25T00:42:53.237+0000] {dagbag.py:541} INFO - Filling up the DagBag from /opt/airflow/dags/1_dag_flujo.py
[2026-09-25T00:42:54.345+0000] {processor.py:809} INFO - DAG(s) dict_keys(['penguins_pipeline']) retrieved from /opt/airflow/dags/1_dag_flujo.py
[2026-09-25T00:42:54.419+0000] {logging_mixin.py:149} INFO - [2026-09-25T00:42:54.418+0000] {dag.py:2726} INFO - Sync 1 DAGs
[2026-09-25T00:42:54.490+0000] {logging_mixin.py:149} INFO - [2026-09-25T00:42:54.490+0000] {dag.py:3490} INFO - Setting next_dagrun for penguins_pipeline to None, run_after=None
[2026-09-25T00:42:54.557+0000] {processor.py:178} INFO - Processing /opt/airflow/dags/1_dag_flujo.py took 1.351 seconds
[2026-09-25T00:43:24.894+0000] {processor.py:156} INFO - Started process (PID=378245) to work on /opt/airflow/dags/1_dag_flujo.py
[2026-09-25T00:43:24.899+0000] {processor.py:799} INFO - Processing file /opt/airflow/dags/1_dag_flujo.py for tasks to queue
[2026-09-25T00:43:24.901+0000] {logging_mixin.py:149} INFO - [2026-09-25T00:43:24.900+0000] {dagbag.py:541} INFO - Filling up the DagBag from /opt/airflow/dags/1_dag_flujo.py
[2026-09-25T00:43:26.019+0000] {processor.py:809} INFO - DAG(s) dict_keys(['penguins_pipeline']) retrieved from /opt/airflow/dags/1_dag_flujo.py
[2026-09-25T00:43:26.089+0000] {logging_mixin.py:149} INFO - [2026-09-25T00:43:26.088+0000] {dag.py:2726} INFO - Sync 1 DAGs
[2026-09-25T00:43:26.158+0000] {logging_mixin.py:149} INFO - [2026-09-25T00:43:26.158+0000] {dag.py:3490} INFO - Setting next_dagrun for penguins_pipeline to None, run_after=None
[2026-09-25T00:43:26.213+0000] {processor.py:178} INFO - Processing /opt/airflow/dags/1_dag_flujo.py took 1.331 seconds
[2026-09-25T00:43:56.511+0000] {processor.py:156} INFO - Started process (PID=378258) to work on /opt/airflow/dags/1_dag_flujo.py
[2026-09-25T00:43:56.514+0000] {processor.py:799} INFO - Processing file /opt/airflow/dags/1_dag_flujo.py for tasks to queue
[2026-09-25T00:43:56.516+0000] {logging_mixin.py:149} INFO - [2026-09-25T00:43:56.516+0000] {dagbag.py:541} INFO - Filling up the DagBag from /opt/airflow/dags/1_dag_flujo.py
[2026-09-25T00:43:57.823+0000] {processor.py:809} INFO - DAG(s) dict_keys(['penguins_pipeline']) retrieved from /opt/airflow/dags/1_dag_flujo.py
[2026-09-25T00:43:57.906+0000] {logging_mixin.py:149} INFO - [2026-09-25T00:43:57.905+0000] {dag.py:2726} INFO - Sync 1 DAGs
[2026-09-25T00:43:57.951+0000] {logging_mixin.py:149} INFO - [2026-09-25T00:43:57.951+0000] {dag.py:3490} INFO - Setting next_dagrun for penguins_pipeline to None, run_after=None
[2026-09-25T00:43:58.013+0000] {processor.py:178} INFO - Processing /opt/airflow/dags/1_dag_flujo.py took 1.513 seconds
[2026-09-25T00:44:28.280+0000] {processor.py:156} INFO - Started process (PID=378270) to work on /opt/airflow/dags/1_dag_flujo.py
[2026-09-25T00:44:28.293+0000] {processor.py:799} INFO - Processing file /opt/airflow/dags/1_dag_flujo.py for tasks to queue
[2026-09-25T00:44:28.295+0000] {logging_mixin.py:149} INFO - [2026-09-25T00:44:28.294+0000] {dagbag.py:541} INFO - Filling up the DagBag from /opt/airflow/dags/1_dag_flujo.py
[2026-09-25T00:44:29.585+0000] {processor.py:809} INFO - DAG(s) dict_keys(['penguins_pipeline']) retrieved from /opt/airflow/dags/1_dag_flujo.py
[2026-09-25T00:44:29.659+0000] {logging_mixin.py:149} INFO - [2026-09-25T00:44:29.657+0000] {dag.py:2726} INFO - Sync 1 DAGs
[2026-09-25T00:44:29.725+0000] {logging_mixin.py:149} INFO - [2026-09-25T00:44:29.725+0000] {dag.py:3490} INFO - Setting next_dagrun for penguins_pipeline to None, run_after=None
[2026-09-25T00:44:29.795+0000] {processor.py:178} INFO - Processing /opt/airflow/dags/1_dag_flujo.py took 1.527 seconds
[2026-09-25T00:44:59.995+0000] {processor.py:156} INFO - Started process (PID=378282) to work on /opt/airflow/dags/1_dag_flujo.py
[2026-09-25T00:44:59.999+0000] {processor.py:799} INFO - Processing file /opt/airflow/dags/1_dag_flujo.py for tasks to queue
[2026-09-25T00:45:00.000+0000] {logging_mixin.py:149} INFO - [2026-09-25T00:45:00.000+0000] {dagbag.py:541} INFO - Filling up the DagBag from /opt/airflow/dags/1_dag_flujo.py
[2026-09-25T00:45:01.022+0000] {processor.py:809} INFO - DAG(s) dict_keys(['penguins_pipeline']) retrieved from /opt/airflow/dags/1_dag_flujo.py
[2026-09-25T00:45:01.056+0000] {logging_mixin.py:149} INFO - [2026-09-25T00:45:01.055+0000] {dag.py:2726} INFO - Sync 1 DAGs
[2026-09-25T00:45:01.086+0000] {logging_mixin.py:149} INFO - [2026-09-25T00:45:01.086+0000] {dag.py:3490} INFO - Setting next_dagrun for penguins_pipeline to None, run_after=None
[2026-09-25T00:45:01.114+0000] {processor.py:178} INFO - Processing /opt/airflow/dags/1_dag_flujo.py took 1.125 seconds
[2026-09-25T00:45:31.414+0000] {processor.py:156} INFO - Started process (PID=378295) to work on /opt/airflow/dags/1_dag_flujo.py
[2026-09-25T00:45:31.419+0000] {processor.py:799} INFO - Processing file /opt/airflow/dags/1_dag_flujo.py for tasks to queue
[2026-09-25T00:45:31.421+0000] {logging_mixin.py:149} INFO - [2026-09-25T00:45:31.421+0000] {dagbag.py:541} INFO - Filling up the DagBag from /opt/airflow/dags/1_dag_flujo.py
[2026-09-25T00:45:32.471+0000] {processor.py:809} INFO - DAG(s) dict_keys(['penguins_pipeline']) retrieved from /opt/airflow/dags/1_dag_flujo.py
[2026-09-25T00:45:32.567+0000] {logging_mixin.py:149} INFO - [2026-09-25T00:45:32.566+0000] {dag.py:2726} INFO - Sync 1 DAGs
[2026-09-25T00:45:32.615+0000] {logging_mixin.py:149} INFO - [2026-09-25T00:45:32.615+0000] {dag.py:3490} INFO - Setting next_dagrun for penguins_pipeline to None, run_after=None
[2026-09-25T00:45:32.643+0000] {processor.py:178} INFO - Processing /opt/airflow/dags/1_dag_flujo.py took 1.243 seconds
[2026-09-25T00:46:02.727+0000] {processor.py:156} INFO - Started process (PID=378307) to work on /opt/airflow/dags/1_dag_flujo.py
[2026-09-25T00:46:02.730+0000] {processor.py:799} INFO - Processing file /opt/airflow/dags/1_dag_flujo.py for tasks to queue
[2026-09-25T00:46:02.733+0000] {logging_mixin.py:149} INFO - [2026-09-25T00:46:02.732+0000] {dagbag.py:541} INFO - Filling up the DagBag from /opt/airflow/dags/1_dag_flujo.py
[2026-09-25T00:46:03.866+0000] {processor.py:809} INFO - DAG(s) dict_keys(['penguins_pipeline']) retrieved from /opt/airflow/dags/1_dag_flujo.py
[2026-09-25T00:46:03.947+0000] {logging_mixin.py:149} INFO - [2026-09-25T00:46:03.946+0000] {dag.py:2726} INFO - Sync 1 DAGs
[2026-09-25T00:46:04.016+0000] {logging_mixin.py:149} INFO - [2026-09-25T00:46:04.015+0000] {dag.py:3490} INFO - Setting next_dagrun for penguins_pipeline to None, run_after=None
[2026-09-25T00:46:04.083+0000] {processor.py:178} INFO - Processing /opt/airflow/dags/1_dag_flujo.py took 1.367 seconds
[2026-09-25T00:46:34.207+0000] {processor.py:156} INFO - Started process (PID=378319) to work on /opt/airflow/dags/1_dag_flujo.py
[2026-09-25T00:46:34.211+0000] {processor.py:799} INFO - Processing file /opt/airflow/dags/1_dag_flujo.py for tasks to queue
[2026-09-25T00:46:34.214+0000] {logging_mixin.py:149} INFO - [2026-09-25T00:46:34.213+0000] {dagbag.py:541} INFO - Filling up the DagBag from /opt/airflow/dags/1_dag_flujo.py
[2026-09-25T00:46:35.404+0000] {processor.py:809} INFO - DAG(s) dict_keys(['penguins_pipeline']) retrieved from /opt/airflow/dags/1_dag_flujo.py
[2026-09-25T00:46:35.485+0000] {logging_mixin.py:149} INFO - [2026-09-25T00:46:35.484+0000] {dag.py:2726} INFO - Sync 1 DAGs
[2026-09-25T00:46:35.555+0000] {logging_mixin.py:149} INFO - [2026-09-25T00:46:35.554+0000] {dag.py:3490} INFO - Setting next_dagrun for penguins_pipeline to None, run_after=None
[2026-09-25T00:46:35.616+0000] {processor.py:178} INFO - Processing /opt/airflow/dags/1_dag_flujo.py took 1.421 seconds
[2026-09-25T00:47:05.915+0000] {processor.py:156} INFO - Started process (PID=378331) to work on /opt/airflow/dags/1_dag_flujo.py
[2026-09-25T00:47:05.919+0000] {processor.py:799} INFO - Processing file /opt/airflow/dags/1_dag_flujo.py for tasks to queue
[2026-09-25T00:47:05.921+0000] {logging_mixin.py:149} INFO - [2026-09-25T00:47:05.920+0000] {dagbag.py:541} INFO - Filling up the DagBag from /opt/airflow/dags/1_dag_flujo.py
[2026-09-25T00:47:07.179+0000] {processor.py:809} INFO - DAG(s) dict_keys(['penguins_pipeline']) retrieved from /opt/airflow/dags/1_dag_flujo.py
[2026-09-25T00:47:07.252+0000] {logging_mixin.py:149} INFO - [2026-09-25T00:47:07.251+0000] {dag.py:2726} INFO - Sync 1 DAGs
[2026-09-25T00:47:07.298+0000] {logging_mixin.py:149} INFO - [2026-09-25T00:47:07.297+0000] {dag.py:3490} INFO - Setting next_dagrun for penguins_pipeline to None, run_after=None
[2026-09-25T00:47:07.326+0000] {processor.py:178} INFO - Processing /opt/airflow/dags/1_dag_flujo.py took 1.421 seconds
[2026-09-25T00:47:37.678+0000] {processor.py:156} INFO - Started process (PID=378343) to work on /opt/airflow/dags/1_dag_flujo.py
[2026-09-25T00:47:37.682+0000] {processor.py:799} INFO - Processing file /opt/airflow/dags/1_dag_flujo.py for tasks to queue
[2026-09-25T00:47:37.684+0000] {logging_mixin.py:149} INFO - [2026-09-25T00:47:37.683+0000] {dagbag.py:541} INFO - Filling up the DagBag from /opt/airflow/dags/1_dag_flujo.py
[2026-09-25T00:47:38.766+0000] {processor.py:809} INFO - DAG(s) dict_keys(['penguins_pipeline']) retrieved from /opt/airflow/dags/1_dag_flujo.py
[2026-09-25T00:47:38.805+0000] {logging_mixin.py:149} INFO - [2026-09-25T00:47:38.804+0000] {dag.py:2726} INFO - Sync 1 DAGs
[2026-09-25T00:47:38.843+0000] {logging_mixin.py:149} INFO - [2026-09-25T00:47:38.843+0000] {dag.py:3490} INFO - Setting next_dagrun for penguins_pipeline to None, run_after=None
[2026-09-25T00:47:38.885+0000] {processor.py:178} INFO - Processing /opt/airflow/dags/1_dag_flujo.py took 1.219 seconds
[2026-09-25T00:48:09.196+0000] {processor.py:156} INFO - Started process (PID=378356) to work on /opt/airflow/dags/1_dag_flujo.py
[2026-09-25T00:48:09.201+0000] {processor.py:799} INFO - Processing file /opt/airflow/dags/1_dag_flujo.py for tasks to queue
[2026-09-25T00:48:09.203+0000] {logging_mixin.py:149} INFO - [2026-09-25T00:48:09.203+0000] {dagbag.py:541} INFO - Filling up the DagBag from /opt/airflow/dags/1_dag_flujo.py
[2026-09-25T00:48:10.507+0000] {processor.py:809} INFO - DAG(s) dict_keys(['penguins_pipeline']) retrieved from /opt/airflow/dags/1_dag_flujo.py
[2026-09-25T00:48:10.582+0000] {logging_mixin.py:149} INFO - [2026-09-25T00:48:10.580+0000] {dag.py:2726} INFO - Sync 1 DAGs
[2026-09-25T00:48:10.656+0000] {logging_mixin.py:149} INFO - [2026-09-25T00:48:10.656+0000] {dag.py:3490} INFO - Setting next_dagrun for penguins_pipeline to None, run_after=None
[2026-09-25T00:48:10.729+0000] {processor.py:178} INFO - Processing /opt/airflow/dags/1_dag_flujo.py took 1.545 seconds
[2026-09-25T00:48:41.060+0000] {processor.py:156} INFO - Started process (PID=378374) to work on /opt/airflow/dags/1_dag_flujo.py
[2026-09-25T00:48:41.069+0000] {processor.py:799} INFO - Processing file /opt/airflow/dags/1_dag_flujo.py for tasks to queue
[2026-09-25T00:48:41.071+0000] {logging_mixin.py:149} INFO - [2026-09-25T00:48:41.070+0000] {dagbag.py:541} INFO - Filling up the DagBag from /opt/airflow/dags/1_dag_flujo.py
[2026-09-25T00:48:42.126+0000] {processor.py:809} INFO - DAG(s) dict_keys(['penguins_pipeline']) retrieved from /opt/airflow/dags/1_dag_flujo.py
[2026-09-25T00:48:42.198+0000] {logging_mixin.py:149} INFO - [2026-09-25T00:48:42.197+0000] {dag.py:2726} INFO - Sync 1 DAGs
[2026-09-25T00:48:42.256+0000] {logging_mixin.py:149} INFO - [2026-09-25T00:48:42.256+0000] {dag.py:3490} INFO - Setting next_dagrun for penguins_pipeline to None, run_after=None
[2026-09-25T00:48:42.313+0000] {processor.py:178} INFO - Processing /opt/airflow/dags/1_dag_flujo.py took 1.264 seconds
[2026-09-25T00:49:12.627+0000] {processor.py:156} INFO - Started process (PID=378386) to work on /opt/airflow/dags/1_dag_flujo.py
[2026-09-25T00:49:12.631+0000] {processor.py:799} INFO - Processing file /opt/airflow/dags/1_dag_flujo.py for tasks to queue
[2026-09-25T00:49:12.633+0000] {logging_mixin.py:149} INFO - [2026-09-25T00:49:12.633+0000] {dagbag.py:541} INFO - Filling up the DagBag from /opt/airflow/dags/1_dag_flujo.py
[2026-09-25T00:49:13.764+0000] {processor.py:809} INFO - DAG(s) dict_keys(['penguins_pipeline']) retrieved from /opt/airflow/dags/1_dag_flujo.py
[2026-09-25T00:49:13.819+0000] {logging_mixin.py:149} INFO - [2026-09-25T00:49:13.818+0000] {dag.py:2726} INFO - Sync 1 DAGs
[2026-09-25T00:49:13.868+0000] {logging_mixin.py:149} INFO - [2026-09-25T00:49:13.868+0000] {dag.py:3490} INFO - Setting next_dagrun for penguins_pipeline to None, run_after=None
[2026-09-25T00:49:13.922+0000] {processor.py:178} INFO - Processing /opt/airflow/dags/1_dag_flujo.py took 1.306 seconds
[2026-09-25T00:49:44.249+0000] {processor.py:156} INFO - Started process (PID=378398) to work on /opt/airflow/dags/1_dag_flujo.py
[2026-09-25T00:49:44.254+0000] {processor.py:799} INFO - Processing file /opt/airflow/dags/1_dag_flujo.py for tasks to queue
[2026-09-25T00:49:44.256+0000] {logging_mixin.py:149} INFO - [2026-09-25T00:49:44.256+0000] {dagbag.py:541} INFO - Filling up the DagBag from /opt/airflow/dags/1_dag_flujo.py
[2026-09-25T00:49:45.504+0000] {processor.py:809} INFO - DAG(s) dict_keys(['penguins_pipeline']) retrieved from /opt/airflow/dags/1_dag_flujo.py
[2026-09-25T00:49:45.572+0000] {logging_mixin.py:149} INFO - [2026-09-25T00:49:45.571+0000] {dag.py:2726} INFO - Sync 1 DAGs
[2026-09-25T00:49:45.794+0000] {logging_mixin.py:149} INFO - [2026-09-25T00:49:45.793+0000] {dag.py:3490} INFO - Setting next_dagrun for penguins_pipeline to None, run_after=None
[2026-09-25T00:49:45.855+0000] {processor.py:178} INFO - Processing /opt/airflow/dags/1_dag_flujo.py took 1.615 seconds
