[2026-09-28T00:51:46.633+0000] {taskinstance.py:1125} INFO - Dependencies all met for dep_context=non-requeueable deps ti=<TaskInstance: cobertura_pipeline.ejecutar_notebook manual__2026-09-28T00:51:05.905013+00:00 [queued]>
[2026-09-28T00:51:46.665+0000] {taskinstance.py:1125} INFO - Dependencies all met for dep_context=requeueable deps ti=<TaskInstance: cobertura_pipeline.ejecutar_notebook manual__2026-09-28T00:51:05.905013+00:00 [queued]>
[2026-09-28T00:51:46.666+0000] {taskinstance.py:1331} INFO - Starting attempt 1 of 3
[2026-09-28T00:51:46.709+0000] {taskinstance.py:1350} INFO - Executing <Task(PythonOperator): ejecutar_notebook> on 2026-09-28 00:51:05.905013+00:00
[2026-09-28T00:51:46.725+0000] {standard_task_runner.py:57} INFO - Started process 616 to run task
[2026-09-28T00:51:46.738+0000] {standard_task_runner.py:84} INFO - Running: ['***', 'tasks', 'run', 'cobertura_pipeline', 'ejecutar_notebook', 'manual__2026-09-28T00:51:05.905013+00:00', '--job-id', '1364', '--raw', '--subdir', 'DAGS_FOLDER/1_dag_flujo.py', '--cfg-path', '/tmp/tmp0unfm6c4']
[2026-09-28T00:51:46.746+0000] {standard_task_runner.py:85} INFO - Job 1364: Subtask ejecutar_notebook
[2026-09-28T00:51:46.892+0000] {task_command.py:410} INFO - Running <TaskInstance: cobertura_pipeline.ejecutar_notebook manual__2026-09-28T00:51:05.905013+00:00 [running]> on host 83378675a687
[2026-09-28T00:51:47.164+0000] {taskinstance.py:1570} INFO - Exporting env vars: AIRFLOW_CTX_DAG_OWNER='***' AIRFLOW_CTX_DAG_ID='cobertura_pipeline' AIRFLOW_CTX_TASK_ID='ejecutar_notebook' AIRFLOW_CTX_EXECUTION_DATE='2026-09-28T00:51:05.905013+00:00' AIRFLOW_CTX_TRY_NUMBER='1' AIRFLOW_CTX_DAG_RUN_ID='manual__2026-09-28T00:51:05.905013+00:00'
[2026-09-28T00:51:47.656+0000] {execute.py:83} INFO - Input Notebook:  /opt/***/notebooks/entrenamiento.ipynb
[2026-09-28T00:51:47.656+0000] {execute.py:84} INFO - Output Notebook: /opt/***/logs/notebooks/08091504bc264ad5cd7d8212_intento_1.ipynb
[2026-09-28T00:51:47.656+0000] {execute.py:87} INFO - Working directory: /opt/***
[2026-09-28T00:51:47.716+0000] {translators.py:196} WARNING - Black is not installed, parameters wont be formatted
[2026-09-28T00:51:47.730+0000] {logging_mixin.py:149} WARNING - Executing:   0%|          | 0/6 [00:00<?, ?cell/s]
[2026-09-28T00:51:50.279+0000] {clientwrap.py:44} INFO - Executing notebook with kernel: python3
[2026-09-28T00:51:50.280+0000] {engines.py:218} INFO - Executing Cell 1---------------------------------------
[2026-09-28T00:51:50.332+0000] {engines.py:256} INFO - Ending Cell 1------------------------------------------
[2026-09-28T00:51:50.341+0000] {logging_mixin.py:149} WARNING - Executing:  17%|#6        | 1/6 [00:02<00:13,  2.61s/cell]
[2026-09-28T00:51:50.342+0000] {engines.py:218} INFO - Executing Cell 2---------------------------------------
[2026-09-28T00:51:50.369+0000] {engines.py:256} INFO - Ending Cell 2------------------------------------------
[2026-09-28T00:51:50.377+0000] {engines.py:218} INFO - Executing Cell 3---------------------------------------
[2026-09-28T00:51:52.775+0000] {clientwrap.py:91} INFO - Ejecución: manual__2026-09-28T00:51:05.905013+00:00
Entrenamiento: 17227
Prueba: 4327

[2026-09-28T00:51:52.781+0000] {engines.py:256} INFO - Ending Cell 3------------------------------------------
[2026-09-28T00:51:52.784+0000] {logging_mixin.py:149} WARNING - Executing:  50%|#####     | 3/6 [00:05<00:04,  1.58s/cell]
[2026-09-28T00:51:52.785+0000] {engines.py:218} INFO - Executing Cell 4---------------------------------------
[2026-09-28T00:51:54.328+0000] {clientwrap.py:91} INFO - {
  "accuracy": 0.985671365842385,
  "f1_macro": 0.9537201941677445,
  "filas_train": 17227,
  "filas_test": 4327,
  "batches_recolectados": 9,
  "clases_entrenadas": [
    1,
    2,
    4,
    5,
    6
  ],
  "clases_test": [
    1,
    2,
    4,
    5,
    6
  ],
  "matriz_confusion_orden_1_a_7": [
    [
      3708,
      0,
      0,
      16,
      5,
      1,
      0
    ],
    [
      3,
      152,
      0,
      0,
      0,
      0,
      0
    ],
    [
      0,
      0,
      0,
      0,
      0,
      0,
      0
    ],
    [
      16,
      0,
      0,
      159,
      1,
      0,
      0
    ],
    [
      14,
      0,
      0,
      0,
      93,
      0,
      0
    ],
    [
      6,
      0,
      0,
      0,
      0,
      153,
      0
    ],
    [
      0,
      0,
      0,
      0,
      0,
      0,
      0
    ]
  ]
}

[2026-09-28T00:51:54.338+0000] {engines.py:256} INFO - Ending Cell 4------------------------------------------
[2026-09-28T00:51:54.347+0000] {logging_mixin.py:149} WARNING - Executing:  67%|######6   | 4/6 [00:06<00:03,  1.58s/cell]
[2026-09-28T00:51:54.347+0000] {engines.py:218} INFO - Executing Cell 5---------------------------------------
[2026-09-28T00:51:54.750+0000] {clientwrap.py:91} INFO - Modelo guardado: grupo3/jupyter_7c29ce530d674a4f95d751d5cecabe94/modelo.joblib

[2026-09-28T00:51:54.757+0000] {engines.py:256} INFO - Ending Cell 5------------------------------------------
[2026-09-28T00:51:54.762+0000] {logging_mixin.py:149} WARNING - Executing:  83%|########3 | 5/6 [00:07<00:01,  1.19s/cell]
[2026-09-28T00:51:54.762+0000] {engines.py:218} INFO - Executing Cell 6---------------------------------------
[2026-09-28T00:51:54.842+0000] {clientwrap.py:91} INFO - Modelo activado: jupyter_7c29ce530d674a4f95d751d5cecabe94

[2026-09-28T00:51:54.861+0000] {engines.py:256} INFO - Ending Cell 6------------------------------------------
[2026-09-28T00:51:54.872+0000] {logging_mixin.py:149} WARNING - Executing: 100%|##########| 6/6 [00:07<00:00,  1.18cell/s]
[2026-09-28T00:51:55.515+0000] {logging_mixin.py:149} WARNING - Executing: 100%|##########| 6/6 [00:07<00:00,  1.30s/cell]
[2026-09-28T00:51:55.558+0000] {logging_mixin.py:149} INFO - Notebook ejecutado y guardado en: /opt/***/logs/notebooks/08091504bc264ad5cd7d8212_intento_1.ipynb
[2026-09-28T00:51:55.559+0000] {python.py:183} INFO - Done. Returned value was: None
[2026-09-28T00:51:55.610+0000] {taskinstance.py:1373} INFO - Marking task as SUCCESS. dag_id=cobertura_pipeline, task_id=ejecutar_notebook, execution_date=20260928T005105, start_date=20260928T005146, end_date=20260928T005155
[2026-09-28T00:51:55.699+0000] {local_task_job_runner.py:232} INFO - Task exited with return code 0
[2026-09-28T00:51:55.756+0000] {taskinstance.py:2674} INFO - 0 downstream tasks scheduled from follow-on schedule check
