[2026-09-28T00:41:58.252+0000] {taskinstance.py:1125} INFO - Dependencies all met for dep_context=non-requeueable deps ti=<TaskInstance: cobertura_reentrenamiento.ejecutar_notebook manual__2026-09-28T00:41:55.736801+00:00 [queued]>
[2026-09-28T00:41:58.282+0000] {taskinstance.py:1125} INFO - Dependencies all met for dep_context=requeueable deps ti=<TaskInstance: cobertura_reentrenamiento.ejecutar_notebook manual__2026-09-28T00:41:55.736801+00:00 [queued]>
[2026-09-28T00:41:58.283+0000] {taskinstance.py:1331} INFO - Starting attempt 1 of 1
[2026-09-28T00:41:58.324+0000] {taskinstance.py:1350} INFO - Executing <Task(PythonOperator): ejecutar_notebook> on 2026-09-28 00:41:55.736801+00:00
[2026-09-28T00:41:58.342+0000] {standard_task_runner.py:57} INFO - Started process 328 to run task
[2026-09-28T00:41:58.355+0000] {standard_task_runner.py:84} INFO - Running: ['***', 'tasks', 'run', 'cobertura_reentrenamiento', 'ejecutar_notebook', 'manual__2026-09-28T00:41:55.736801+00:00', '--job-id', '1351', '--raw', '--subdir', 'DAGS_FOLDER/1_dag_flujo.py', '--cfg-path', '/tmp/tmpp6cn1c7v']
[2026-09-28T00:41:58.362+0000] {standard_task_runner.py:85} INFO - Job 1351: Subtask ejecutar_notebook
[2026-09-28T00:41:58.519+0000] {task_command.py:410} INFO - Running <TaskInstance: cobertura_reentrenamiento.ejecutar_notebook manual__2026-09-28T00:41:55.736801+00:00 [running]> on host 83378675a687
[2026-09-28T00:41:58.799+0000] {taskinstance.py:1570} INFO - Exporting env vars: AIRFLOW_CTX_DAG_OWNER='***' AIRFLOW_CTX_DAG_ID='cobertura_reentrenamiento' AIRFLOW_CTX_TASK_ID='ejecutar_notebook' AIRFLOW_CTX_EXECUTION_DATE='2026-09-28T00:41:55.736801+00:00' AIRFLOW_CTX_TRY_NUMBER='1' AIRFLOW_CTX_DAG_RUN_ID='manual__2026-09-28T00:41:55.736801+00:00'
[2026-09-28T00:41:59.343+0000] {execute.py:83} INFO - Input Notebook:  /opt/***/notebooks/entrenamiento.ipynb
[2026-09-28T00:41:59.343+0000] {execute.py:84} INFO - Output Notebook: /opt/***/logs/notebooks/reentrenamiento_4c96d34b581bc2417c9e01d8_intento_1.ipynb
[2026-09-28T00:41:59.344+0000] {execute.py:87} INFO - Working directory: /opt/***
[2026-09-28T00:41:59.401+0000] {translators.py:196} WARNING - Black is not installed, parameters wont be formatted
[2026-09-28T00:41:59.417+0000] {logging_mixin.py:149} WARNING - Executing:   0%|          | 0/6 [00:00<?, ?cell/s]
[2026-09-28T00:42:02.384+0000] {clientwrap.py:44} INFO - Executing notebook with kernel: python3
[2026-09-28T00:42:02.386+0000] {engines.py:218} INFO - Executing Cell 1---------------------------------------
[2026-09-28T00:42:02.438+0000] {engines.py:256} INFO - Ending Cell 1------------------------------------------
[2026-09-28T00:42:02.447+0000] {logging_mixin.py:149} WARNING - Executing:  17%|#6        | 1/6 [00:03<00:15,  3.03s/cell]
[2026-09-28T00:42:02.448+0000] {engines.py:218} INFO - Executing Cell 2---------------------------------------
[2026-09-28T00:42:02.474+0000] {engines.py:256} INFO - Ending Cell 2------------------------------------------
[2026-09-28T00:42:02.482+0000] {engines.py:218} INFO - Executing Cell 3---------------------------------------
[2026-09-28T00:42:04.765+0000] {clientwrap.py:91} INFO - Ejecución: scheduled__2026-09-27T22:40:40.333823+00:00
Entrenamiento: 14641
Prueba: 3704

[2026-09-28T00:42:04.769+0000] {engines.py:256} INFO - Ending Cell 3------------------------------------------
[2026-09-28T00:42:04.774+0000] {logging_mixin.py:149} WARNING - Executing:  50%|#####     | 3/6 [00:05<00:04,  1.65s/cell]
[2026-09-28T00:42:04.774+0000] {engines.py:218} INFO - Executing Cell 4---------------------------------------
[2026-09-28T00:42:06.428+0000] {clientwrap.py:91} INFO - {
  "accuracy": 0.9848812095032398,
  "f1_macro": 0.9492974131396104,
  "filas_train": 14641,
  "filas_test": 3704,
  "batches_recolectados": 8,
  "clases_entrenadas": [
    1,
    2,
    4,
    5,
    6
  ],
  "clases_test": [
    1,
    2,
    4,
    5,
    6
  ],
  "matriz_confusion_orden_1_a_7": [
    [
      3175,
      0,
      0,
      10,
      5,
      2,
      0
    ],
    [
      6,
      125,
      0,
      0,
      0,
      0,
      0
    ],
    [
      0,
      0,
      0,
      0,
      0,
      0,
      0
    ],
    [
      15,
      0,
      0,
      139,
      1,
      0,
      0
    ],
    [
      14,
      0,
      0,
      0,
      75,
      0,
      0
    ],
    [
      3,
      0,
      0,
      0,
      0,
      134,
      0
    ],
    [
      0,
      0,
      0,
      0,
      0,
      0,
      0
    ]
  ]
}

[2026-09-28T00:42:06.435+0000] {engines.py:256} INFO - Ending Cell 4------------------------------------------
[2026-09-28T00:42:06.443+0000] {logging_mixin.py:149} WARNING - Executing:  67%|######6   | 4/6 [00:07<00:03,  1.65s/cell]
[2026-09-28T00:42:06.444+0000] {engines.py:218} INFO - Executing Cell 5---------------------------------------
[2026-09-28T00:42:06.866+0000] {clientwrap.py:91} INFO - Modelo guardado: grupo3/jupyter_7a0bb6295fb34e1699a25de503e6505c/modelo.joblib

[2026-09-28T00:42:06.875+0000] {engines.py:256} INFO - Ending Cell 5------------------------------------------
[2026-09-28T00:42:06.887+0000] {logging_mixin.py:149} WARNING - Executing:  83%|########3 | 5/6 [00:07<00:01,  1.25s/cell]
[2026-09-28T00:42:06.887+0000] {engines.py:218} INFO - Executing Cell 6---------------------------------------
[2026-09-28T00:42:06.932+0000] {clientwrap.py:91} INFO - Modelo activado: jupyter_7a0bb6295fb34e1699a25de503e6505c

[2026-09-28T00:42:06.938+0000] {engines.py:256} INFO - Ending Cell 6------------------------------------------
[2026-09-28T00:42:07.687+0000] {logging_mixin.py:149} WARNING - Executing: 100%|##########| 6/6 [00:08<00:00,  1.38s/cell]
[2026-09-28T00:42:07.706+0000] {python.py:183} INFO - Done. Returned value was: None
[2026-09-28T00:42:07.743+0000] {taskinstance.py:1373} INFO - Marking task as SUCCESS. dag_id=cobertura_reentrenamiento, task_id=ejecutar_notebook, execution_date=20260928T004155, start_date=20260928T004158, end_date=20260928T004207
[2026-09-28T00:42:07.869+0000] {local_task_job_runner.py:232} INFO - Task exited with return code 0
[2026-09-28T00:42:07.938+0000] {taskinstance.py:2674} INFO - 0 downstream tasks scheduled from follow-on schedule check
