[2026-09-28T01:13:44.725+0000] {taskinstance.py:1125} INFO - Dependencies all met for dep_context=non-requeueable deps ti=<TaskInstance: cobertura_pipeline.ejecutar_notebook scheduled__2026-09-28T01:07:14.573066+00:00 [queued]>
[2026-09-28T01:13:44.757+0000] {taskinstance.py:1125} INFO - Dependencies all met for dep_context=requeueable deps ti=<TaskInstance: cobertura_pipeline.ejecutar_notebook scheduled__2026-09-28T01:07:14.573066+00:00 [queued]>
[2026-09-28T01:13:44.758+0000] {taskinstance.py:1331} INFO - Starting attempt 1 of 3
[2026-09-28T01:13:44.800+0000] {taskinstance.py:1350} INFO - Executing <Task(PythonOperator): ejecutar_notebook> on 2026-09-28 01:07:14.573066+00:00
[2026-09-28T01:13:44.818+0000] {standard_task_runner.py:57} INFO - Started process 191 to run task
[2026-09-28T01:13:44.830+0000] {standard_task_runner.py:84} INFO - Running: ['***', 'tasks', 'run', 'cobertura_pipeline', 'ejecutar_notebook', 'scheduled__2026-09-28T01:07:14.573066+00:00', '--job-id', '1380', '--raw', '--subdir', 'DAGS_FOLDER/1_dag_flujo.py', '--cfg-path', '/tmp/tmpkv3yg5zz']
[2026-09-28T01:13:44.836+0000] {standard_task_runner.py:85} INFO - Job 1380: Subtask ejecutar_notebook
[2026-09-28T01:13:44.992+0000] {task_command.py:410} INFO - Running <TaskInstance: cobertura_pipeline.ejecutar_notebook scheduled__2026-09-28T01:07:14.573066+00:00 [running]> on host 83378675a687
[2026-09-28T01:13:45.243+0000] {taskinstance.py:1570} INFO - Exporting env vars: AIRFLOW_CTX_DAG_OWNER='***' AIRFLOW_CTX_DAG_ID='cobertura_pipeline' AIRFLOW_CTX_TASK_ID='ejecutar_notebook' AIRFLOW_CTX_EXECUTION_DATE='2026-09-28T01:07:14.573066+00:00' AIRFLOW_CTX_TRY_NUMBER='1' AIRFLOW_CTX_DAG_RUN_ID='scheduled__2026-09-28T01:07:14.573066+00:00'
[2026-09-28T01:13:45.701+0000] {execute.py:83} INFO - Input Notebook:  /opt/***/notebooks/entrenamiento.ipynb
[2026-09-28T01:13:45.702+0000] {execute.py:84} INFO - Output Notebook: /opt/***/logs/notebooks/92c9ad5ee5300162d72db565_intento_1.ipynb
[2026-09-28T01:13:45.702+0000] {execute.py:87} INFO - Working directory: /opt/***
[2026-09-28T01:13:45.758+0000] {translators.py:196} WARNING - Black is not installed, parameters wont be formatted
[2026-09-28T01:13:45.775+0000] {logging_mixin.py:149} WARNING - Executing:   0%|          | 0/6 [00:00<?, ?cell/s]
[2026-09-28T01:13:48.411+0000] {clientwrap.py:44} INFO - Executing notebook with kernel: python3
[2026-09-28T01:13:48.413+0000] {engines.py:218} INFO - Executing Cell 1---------------------------------------
[2026-09-28T01:13:48.446+0000] {engines.py:256} INFO - Ending Cell 1------------------------------------------
[2026-09-28T01:13:48.455+0000] {logging_mixin.py:149} WARNING - Executing:  17%|#6        | 1/6 [00:02<00:13,  2.68s/cell]
[2026-09-28T01:13:48.456+0000] {engines.py:218} INFO - Executing Cell 2---------------------------------------
[2026-09-28T01:13:48.480+0000] {engines.py:256} INFO - Ending Cell 2------------------------------------------
[2026-09-28T01:13:48.489+0000] {engines.py:218} INFO - Executing Cell 3---------------------------------------
[2026-09-28T01:13:50.361+0000] {clientwrap.py:91} INFO - Ejecución: scheduled__2026-09-28T01:07:14.573066+00:00
Entrenamiento: 2456
Prueba: 602

[2026-09-28T01:13:50.363+0000] {engines.py:256} INFO - Ending Cell 3------------------------------------------
[2026-09-28T01:13:50.366+0000] {logging_mixin.py:149} WARNING - Executing:  50%|#####     | 3/6 [00:04<00:04,  1.40s/cell]
[2026-09-28T01:13:50.366+0000] {engines.py:218} INFO - Executing Cell 4---------------------------------------
[2026-09-28T01:13:51.267+0000] {clientwrap.py:91} INFO - {
  "accuracy": 0.9634551495016611,
  "f1_macro": 0.8431038961038961,
  "filas_train": 2456,
  "filas_test": 602,
  "batches_recolectados": 1,
  "clases_entrenadas": [
    1,
    2,
    4,
    5,
    6
  ],
  "clases_test": [
    1,
    2,
    4,
    5,
    6
  ],
  "matriz_confusion_orden_1_a_7": [
    [
      514,
      0,
      0,
      4,
      1,
      2,
      0
    ],
    [
      4,
      20,
      0,
      0,
      0,
      0,
      0
    ],
    [
      0,
      0,
      0,
      0,
      0,
      0,
      0
    ],
    [
      2,
      0,
      0,
      21,
      0,
      0,
      0
    ],
    [
      9,
      0,
      0,
      0,
      5,
      0,
      0
    ],
    [
      0,
      0,
      0,
      0,
      0,
      20,
      0
    ],
    [
      0,
      0,
      0,
      0,
      0,
      0,
      0
    ]
  ]
}

[2026-09-28T01:13:51.274+0000] {engines.py:256} INFO - Ending Cell 4------------------------------------------
[2026-09-28T01:13:51.279+0000] {logging_mixin.py:149} WARNING - Executing:  67%|######6   | 4/6 [00:05<00:02,  1.23s/cell]
[2026-09-28T01:13:51.279+0000] {engines.py:218} INFO - Executing Cell 5---------------------------------------
[2026-09-28T01:13:51.534+0000] {clientwrap.py:91} INFO - Modelo guardado: grupo3/jupyter_f8f2eb16c8ff451d9c5009cabe146fc8/modelo.joblib

[2026-09-28T01:13:51.539+0000] {engines.py:256} INFO - Ending Cell 5------------------------------------------
[2026-09-28T01:13:51.548+0000] {logging_mixin.py:149} WARNING - Executing:  83%|########3 | 5/6 [00:05<00:00,  1.09cell/s]
[2026-09-28T01:13:51.549+0000] {engines.py:218} INFO - Executing Cell 6---------------------------------------
[2026-09-28T01:13:51.590+0000] {clientwrap.py:91} INFO - Modelo activado: jupyter_f8f2eb16c8ff451d9c5009cabe146fc8

[2026-09-28T01:13:51.604+0000] {engines.py:256} INFO - Ending Cell 6------------------------------------------
[2026-09-28T01:13:52.280+0000] {logging_mixin.py:149} WARNING - Executing: 100%|##########| 6/6 [00:06<00:00,  1.08s/cell]
[2026-09-28T01:13:52.298+0000] {logging_mixin.py:149} INFO - Notebook ejecutado y guardado en: /opt/***/logs/notebooks/92c9ad5ee5300162d72db565_intento_1.ipynb
[2026-09-28T01:13:52.299+0000] {python.py:183} INFO - Done. Returned value was: None
[2026-09-28T01:13:52.343+0000] {taskinstance.py:1373} INFO - Marking task as SUCCESS. dag_id=cobertura_pipeline, task_id=ejecutar_notebook, execution_date=20260928T010714, start_date=20260928T011344, end_date=20260928T011352
[2026-09-28T01:13:52.459+0000] {local_task_job_runner.py:232} INFO - Task exited with return code 0
[2026-09-28T01:13:52.508+0000] {taskinstance.py:2674} INFO - 0 downstream tasks scheduled from follow-on schedule check
