[2026-09-27T21:59:07.151+0000] {taskinstance.py:1125} INFO - Dependencies all met for dep_context=non-requeueable deps ti=<TaskInstance: cobertura_pipeline.recolectar_api manual__2026-09-27T21:58:50.748490+00:00 [queued]>
[2026-09-27T21:59:07.179+0000] {taskinstance.py:1125} INFO - Dependencies all met for dep_context=requeueable deps ti=<TaskInstance: cobertura_pipeline.recolectar_api manual__2026-09-27T21:58:50.748490+00:00 [queued]>
[2026-09-27T21:59:07.180+0000] {taskinstance.py:1331} INFO - Starting attempt 1 of 1
[2026-09-27T21:59:07.211+0000] {taskinstance.py:1350} INFO - Executing <Task(PythonOperator): recolectar_api> on 2026-09-27 21:58:50.748490+00:00
[2026-09-27T21:59:07.223+0000] {standard_task_runner.py:57} INFO - Started process 99 to run task
[2026-09-27T21:59:07.238+0000] {standard_task_runner.py:84} INFO - Running: ['***', 'tasks', 'run', 'cobertura_pipeline', 'recolectar_api', 'manual__2026-09-27T21:58:50.748490+00:00', '--job-id', '1287', '--raw', '--subdir', 'DAGS_FOLDER/1_dag_flujo.py', '--cfg-path', '/tmp/tmpcwzi42pg']
[2026-09-27T21:59:07.245+0000] {standard_task_runner.py:85} INFO - Job 1287: Subtask recolectar_api
[2026-09-27T21:59:07.387+0000] {task_command.py:410} INFO - Running <TaskInstance: cobertura_pipeline.recolectar_api manual__2026-09-27T21:58:50.748490+00:00 [running]> on host 0a558769b53b
[2026-09-27T21:59:07.642+0000] {taskinstance.py:1570} INFO - Exporting env vars: AIRFLOW_CTX_DAG_OWNER='***' AIRFLOW_CTX_DAG_ID='cobertura_pipeline' AIRFLOW_CTX_TASK_ID='recolectar_api' AIRFLOW_CTX_EXECUTION_DATE='2026-09-27T21:58:50.748490+00:00' AIRFLOW_CTX_TRY_NUMBER='1' AIRFLOW_CTX_DAG_RUN_ID='manual__2026-09-27T21:58:50.748490+00:00'
[2026-09-27T21:59:07.649+0000] {crypto.py:83} WARNING - empty cryptography key - values will not be stored encrypted.
[2026-09-27T21:59:07.651+0000] {base.py:73} INFO - Using connection ID 'postgres_cobertura' for task execution.
[2026-09-27T21:59:07.688+0000] {taskinstance.py:1847} ERROR - Task failed with exception
Traceback (most recent call last):
  File "/home/airflow/.local/lib/python3.7/site-packages/airflow/operators/python.py", line 181, in execute
    return_value = self.execute_callable()
  File "/home/airflow/.local/lib/python3.7/site-packages/airflow/operators/python.py", line 198, in execute_callable
    return self.python_callable(*self.op_args, **self.op_kwargs)
  File "/opt/airflow/dags/1_dag_flujo.py", line 91, in recolectar
    raise RuntimeError('API HTTP {}: {}'.format(respuesta.status_code, respuesta.text[:500]))
RuntimeError: API HTTP 404: {"detail":"Not Found"}
[2026-09-27T21:59:07.715+0000] {taskinstance.py:1373} INFO - Marking task as FAILED. dag_id=cobertura_pipeline, task_id=recolectar_api, execution_date=20260927T215850, start_date=20260927T215907, end_date=20260927T215907
[2026-09-27T21:59:07.749+0000] {standard_task_runner.py:109} ERROR - Failed to execute job 1287 for task recolectar_api (API HTTP 404: {"detail":"Not Found"}; 99)
[2026-09-27T21:59:07.805+0000] {local_task_job_runner.py:232} INFO - Task exited with return code 1
[2026-09-27T21:59:07.896+0000] {taskinstance.py:2674} INFO - 0 downstream tasks scheduled from follow-on schedule check
