[2026-09-28T00:51:17.889+0000] {taskinstance.py:1125} INFO - Dependencies all met for dep_context=non-requeueable deps ti=<TaskInstance: cobertura_pipeline.ejecutar_notebook scheduled__2026-09-28T00:44:53.050674+00:00 [queued]>
[2026-09-28T00:51:17.922+0000] {taskinstance.py:1125} INFO - Dependencies all met for dep_context=requeueable deps ti=<TaskInstance: cobertura_pipeline.ejecutar_notebook scheduled__2026-09-28T00:44:53.050674+00:00 [queued]>
[2026-09-28T00:51:17.923+0000] {taskinstance.py:1331} INFO - Starting attempt 1 of 3
[2026-09-28T00:51:17.960+0000] {taskinstance.py:1350} INFO - Executing <Task(PythonOperator): ejecutar_notebook> on 2026-09-28 00:44:53.050674+00:00
[2026-09-28T00:51:17.978+0000] {standard_task_runner.py:57} INFO - Started process 552 to run task
[2026-09-28T00:51:17.990+0000] {standard_task_runner.py:84} INFO - Running: ['***', 'tasks', 'run', 'cobertura_pipeline', 'ejecutar_notebook', 'scheduled__2026-09-28T00:44:53.050674+00:00', '--job-id', '1360', '--raw', '--subdir', 'DAGS_FOLDER/1_dag_flujo.py', '--cfg-path', '/tmp/tmpoa0td89e']
[2026-09-28T00:51:17.996+0000] {standard_task_runner.py:85} INFO - Job 1360: Subtask ejecutar_notebook
[2026-09-28T00:51:18.158+0000] {task_command.py:410} INFO - Running <TaskInstance: cobertura_pipeline.ejecutar_notebook scheduled__2026-09-28T00:44:53.050674+00:00 [running]> on host 83378675a687
[2026-09-28T00:51:18.422+0000] {taskinstance.py:1570} INFO - Exporting env vars: AIRFLOW_CTX_DAG_OWNER='***' AIRFLOW_CTX_DAG_ID='cobertura_pipeline' AIRFLOW_CTX_TASK_ID='ejecutar_notebook' AIRFLOW_CTX_EXECUTION_DATE='2026-09-28T00:44:53.050674+00:00' AIRFLOW_CTX_TRY_NUMBER='1' AIRFLOW_CTX_DAG_RUN_ID='scheduled__2026-09-28T00:44:53.050674+00:00'
[2026-09-28T00:51:18.927+0000] {execute.py:83} INFO - Input Notebook:  /opt/***/notebooks/entrenamiento.ipynb
[2026-09-28T00:51:18.927+0000] {execute.py:84} INFO - Output Notebook: /opt/***/logs/notebooks/4611c4bef5732e3cd2f31a94_intento_1.ipynb
[2026-09-28T00:51:18.927+0000] {execute.py:87} INFO - Working directory: /opt/***
[2026-09-28T00:51:18.981+0000] {translators.py:196} WARNING - Black is not installed, parameters wont be formatted
[2026-09-28T00:51:18.996+0000] {logging_mixin.py:149} WARNING - Executing:   0%|          | 0/6 [00:00<?, ?cell/s]
[2026-09-28T00:51:21.706+0000] {clientwrap.py:44} INFO - Executing notebook with kernel: python3
[2026-09-28T00:51:21.708+0000] {engines.py:218} INFO - Executing Cell 1---------------------------------------
[2026-09-28T00:51:21.760+0000] {engines.py:256} INFO - Ending Cell 1------------------------------------------
[2026-09-28T00:51:21.769+0000] {logging_mixin.py:149} WARNING - Executing:  17%|#6        | 1/6 [00:02<00:13,  2.77s/cell]
[2026-09-28T00:51:21.770+0000] {engines.py:218} INFO - Executing Cell 2---------------------------------------
[2026-09-28T00:51:21.796+0000] {engines.py:256} INFO - Ending Cell 2------------------------------------------
[2026-09-28T00:51:21.804+0000] {engines.py:218} INFO - Executing Cell 3---------------------------------------
[2026-09-28T00:51:24.122+0000] {clientwrap.py:91} INFO - Ejecución: scheduled__2026-09-28T00:44:53.050674+00:00
Entrenamiento: 16477
Prueba: 4147

[2026-09-28T00:51:24.124+0000] {engines.py:256} INFO - Ending Cell 3------------------------------------------
[2026-09-28T00:51:24.127+0000] {logging_mixin.py:149} WARNING - Executing:  50%|#####     | 3/6 [00:05<00:04,  1.59s/cell]
[2026-09-28T00:51:24.127+0000] {engines.py:218} INFO - Executing Cell 4---------------------------------------
[2026-09-28T00:51:25.878+0000] {clientwrap.py:91} INFO - {
  "accuracy": 0.9848082951531227,
  "f1_macro": 0.9503972069061497,
  "filas_train": 16477,
  "filas_test": 4147,
  "batches_recolectados": 9,
  "clases_entrenadas": [
    1,
    2,
    4,
    5,
    6
  ],
  "clases_test": [
    1,
    2,
    4,
    5,
    6
  ],
  "matriz_confusion_orden_1_a_7": [
    [
      3562,
      0,
      0,
      17,
      3,
      2,
      0
    ],
    [
      4,
      140,
      0,
      0,
      0,
      0,
      0
    ],
    [
      0,
      0,
      0,
      0,
      0,
      0,
      0
    ],
    [
      17,
      0,
      0,
      148,
      1,
      0,
      0
    ],
    [
      13,
      0,
      0,
      1,
      87,
      0,
      0
    ],
    [
      5,
      0,
      0,
      0,
      0,
      147,
      0
    ],
    [
      0,
      0,
      0,
      0,
      0,
      0,
      0
    ]
  ]
}

[2026-09-28T00:51:25.883+0000] {engines.py:256} INFO - Ending Cell 4------------------------------------------
[2026-09-28T00:51:25.892+0000] {logging_mixin.py:149} WARNING - Executing:  67%|######6   | 4/6 [00:06<00:03,  1.65s/cell]
[2026-09-28T00:51:25.893+0000] {engines.py:218} INFO - Executing Cell 5---------------------------------------
[2026-09-28T00:51:26.332+0000] {clientwrap.py:91} INFO - Modelo guardado: grupo3/jupyter_88eb6c3cce694fc790791a8a440e61c3/modelo.joblib

[2026-09-28T00:51:26.340+0000] {engines.py:256} INFO - Ending Cell 5------------------------------------------
[2026-09-28T00:51:26.348+0000] {logging_mixin.py:149} WARNING - Executing:  83%|########3 | 5/6 [00:07<00:01,  1.26s/cell]
[2026-09-28T00:51:26.349+0000] {engines.py:218} INFO - Executing Cell 6---------------------------------------
[2026-09-28T00:51:26.419+0000] {clientwrap.py:91} INFO - Modelo activado: jupyter_88eb6c3cce694fc790791a8a440e61c3

[2026-09-28T00:51:26.429+0000] {engines.py:256} INFO - Ending Cell 6------------------------------------------
[2026-09-28T00:51:27.075+0000] {logging_mixin.py:149} WARNING - Executing: 100%|##########| 6/6 [00:08<00:00,  1.35s/cell]
[2026-09-28T00:51:27.095+0000] {logging_mixin.py:149} INFO - Notebook ejecutado y guardado en: /opt/***/logs/notebooks/4611c4bef5732e3cd2f31a94_intento_1.ipynb
[2026-09-28T00:51:27.096+0000] {python.py:183} INFO - Done. Returned value was: None
[2026-09-28T00:51:27.140+0000] {taskinstance.py:1373} INFO - Marking task as SUCCESS. dag_id=cobertura_pipeline, task_id=ejecutar_notebook, execution_date=20260928T004453, start_date=20260928T005117, end_date=20260928T005127
[2026-09-28T00:51:27.250+0000] {local_task_job_runner.py:232} INFO - Task exited with return code 0
[2026-09-28T00:51:27.289+0000] {taskinstance.py:2674} INFO - 0 downstream tasks scheduled from follow-on schedule check
