[2026-09-28T01:25:30.953+0000] {taskinstance.py:1125} INFO - Dependencies all met for dep_context=non-requeueable deps ti=<TaskInstance: cobertura_pipeline.ejecutar_notebook scheduled__2026-09-28T01:19:14.573066+00:00 [queued]>
[2026-09-28T01:25:30.985+0000] {taskinstance.py:1125} INFO - Dependencies all met for dep_context=requeueable deps ti=<TaskInstance: cobertura_pipeline.ejecutar_notebook scheduled__2026-09-28T01:19:14.573066+00:00 [queued]>
[2026-09-28T01:25:30.986+0000] {taskinstance.py:1331} INFO - Starting attempt 1 of 3
[2026-09-28T01:25:31.028+0000] {taskinstance.py:1350} INFO - Executing <Task(PythonOperator): ejecutar_notebook> on 2026-09-28 01:19:14.573066+00:00
[2026-09-28T01:25:31.049+0000] {standard_task_runner.py:57} INFO - Started process 538 to run task
[2026-09-28T01:25:31.059+0000] {standard_task_runner.py:84} INFO - Running: ['***', 'tasks', 'run', 'cobertura_pipeline', 'ejecutar_notebook', 'scheduled__2026-09-28T01:19:14.573066+00:00', '--job-id', '1392', '--raw', '--subdir', 'DAGS_FOLDER/1_dag_flujo.py', '--cfg-path', '/tmp/tmpwsrx3j7w']
[2026-09-28T01:25:31.065+0000] {standard_task_runner.py:85} INFO - Job 1392: Subtask ejecutar_notebook
[2026-09-28T01:25:31.210+0000] {task_command.py:410} INFO - Running <TaskInstance: cobertura_pipeline.ejecutar_notebook scheduled__2026-09-28T01:19:14.573066+00:00 [running]> on host 83378675a687
[2026-09-28T01:25:31.493+0000] {taskinstance.py:1570} INFO - Exporting env vars: AIRFLOW_CTX_DAG_OWNER='***' AIRFLOW_CTX_DAG_ID='cobertura_pipeline' AIRFLOW_CTX_TASK_ID='ejecutar_notebook' AIRFLOW_CTX_EXECUTION_DATE='2026-09-28T01:19:14.573066+00:00' AIRFLOW_CTX_TRY_NUMBER='1' AIRFLOW_CTX_DAG_RUN_ID='scheduled__2026-09-28T01:19:14.573066+00:00'
[2026-09-28T01:25:31.919+0000] {execute.py:83} INFO - Input Notebook:  /opt/***/notebooks/entrenamiento.ipynb
[2026-09-28T01:25:31.919+0000] {execute.py:84} INFO - Output Notebook: /opt/***/logs/notebooks/00a8d920142d0be9fcd87e97_intento_1.ipynb
[2026-09-28T01:25:31.919+0000] {execute.py:87} INFO - Working directory: /opt/***
[2026-09-28T01:25:31.973+0000] {translators.py:196} WARNING - Black is not installed, parameters wont be formatted
[2026-09-28T01:25:31.986+0000] {logging_mixin.py:149} WARNING - Executing:   0%|          | 0/6 [00:00<?, ?cell/s]
[2026-09-28T01:25:34.662+0000] {clientwrap.py:44} INFO - Executing notebook with kernel: python3
[2026-09-28T01:25:34.663+0000] {engines.py:218} INFO - Executing Cell 1---------------------------------------
[2026-09-28T01:25:34.715+0000] {engines.py:256} INFO - Ending Cell 1------------------------------------------
[2026-09-28T01:25:34.724+0000] {logging_mixin.py:149} WARNING - Executing:  17%|#6        | 1/6 [00:02<00:13,  2.74s/cell]
[2026-09-28T01:25:34.725+0000] {engines.py:218} INFO - Executing Cell 2---------------------------------------
[2026-09-28T01:25:34.751+0000] {engines.py:256} INFO - Ending Cell 2------------------------------------------
[2026-09-28T01:25:34.758+0000] {engines.py:218} INFO - Executing Cell 3---------------------------------------
[2026-09-28T01:25:36.596+0000] {clientwrap.py:91} INFO - Ejecución: scheduled__2026-09-28T01:19:14.573066+00:00
Entrenamiento: 8271
Prueba: 2094

[2026-09-28T01:25:36.606+0000] {engines.py:256} INFO - Ending Cell 3------------------------------------------
[2026-09-28T01:25:36.609+0000] {logging_mixin.py:149} WARNING - Executing:  50%|#####     | 3/6 [00:04<00:04,  1.41s/cell]
[2026-09-28T01:25:36.614+0000] {engines.py:218} INFO - Executing Cell 4---------------------------------------
[2026-09-28T01:25:37.834+0000] {clientwrap.py:91} INFO - {
  "accuracy": 0.9813753581661891,
  "f1_macro": 0.9296285230177848,
  "filas_train": 8271,
  "filas_test": 2094,
  "batches_recolectados": 3,
  "clases_entrenadas": [
    1,
    2,
    4,
    5,
    6
  ],
  "clases_test": [
    1,
    2,
    4,
    5,
    6
  ],
  "matriz_confusion_orden_1_a_7": [
    [
      1812,
      0,
      0,
      9,
      3,
      2,
      0
    ],
    [
      5,
      69,
      0,
      0,
      0,
      0,
      0
    ],
    [
      0,
      0,
      0,
      0,
      0,
      0,
      0
    ],
    [
      8,
      0,
      0,
      68,
      0,
      0,
      0
    ],
    [
      11,
      0,
      0,
      0,
      33,
      0,
      0
    ],
    [
      1,
      0,
      0,
      0,
      0,
      73,
      0
    ],
    [
      0,
      0,
      0,
      0,
      0,
      0,
      0
    ]
  ]
}

[2026-09-28T01:25:37.839+0000] {engines.py:256} INFO - Ending Cell 4------------------------------------------
[2026-09-28T01:25:37.848+0000] {logging_mixin.py:149} WARNING - Executing:  67%|######6   | 4/6 [00:05<00:02,  1.35s/cell]
[2026-09-28T01:25:37.848+0000] {engines.py:218} INFO - Executing Cell 5---------------------------------------
[2026-09-28T01:25:38.246+0000] {clientwrap.py:91} INFO - Modelo guardado: grupo3/jupyter_1209cd791233439d81d6eb7344367b1d/modelo.joblib

[2026-09-28T01:25:38.251+0000] {engines.py:256} INFO - Ending Cell 5------------------------------------------
[2026-09-28T01:25:38.259+0000] {logging_mixin.py:149} WARNING - Executing:  83%|########3 | 5/6 [00:06<00:01,  1.04s/cell]
[2026-09-28T01:25:38.259+0000] {engines.py:218} INFO - Executing Cell 6---------------------------------------
[2026-09-28T01:25:38.310+0000] {clientwrap.py:91} INFO - Modelo activado: jupyter_1209cd791233439d81d6eb7344367b1d

[2026-09-28T01:25:38.315+0000] {engines.py:256} INFO - Ending Cell 6------------------------------------------
[2026-09-28T01:25:38.972+0000] {logging_mixin.py:149} WARNING - Executing: 100%|##########| 6/6 [00:06<00:00,  1.16s/cell]
[2026-09-28T01:25:38.996+0000] {logging_mixin.py:149} INFO - Notebook ejecutado y guardado en: /opt/***/logs/notebooks/00a8d920142d0be9fcd87e97_intento_1.ipynb
[2026-09-28T01:25:38.997+0000] {python.py:183} INFO - Done. Returned value was: None
[2026-09-28T01:25:39.033+0000] {taskinstance.py:1373} INFO - Marking task as SUCCESS. dag_id=cobertura_pipeline, task_id=ejecutar_notebook, execution_date=20260928T011914, start_date=20260928T012530, end_date=20260928T012539
[2026-09-28T01:25:39.122+0000] {local_task_job_runner.py:232} INFO - Task exited with return code 0
[2026-09-28T01:25:39.175+0000] {taskinstance.py:2674} INFO - 0 downstream tasks scheduled from follow-on schedule check
