[2026-09-28T01:37:31.875+0000] {taskinstance.py:1125} INFO - Dependencies all met for dep_context=non-requeueable deps ti=<TaskInstance: cobertura_pipeline.ejecutar_notebook scheduled__2026-09-28T01:31:14.899558+00:00 [queued]>
[2026-09-28T01:37:31.908+0000] {taskinstance.py:1125} INFO - Dependencies all met for dep_context=requeueable deps ti=<TaskInstance: cobertura_pipeline.ejecutar_notebook scheduled__2026-09-28T01:31:14.899558+00:00 [queued]>
[2026-09-28T01:37:31.909+0000] {taskinstance.py:1331} INFO - Starting attempt 1 of 3
[2026-09-28T01:37:31.952+0000] {taskinstance.py:1350} INFO - Executing <Task(PythonOperator): ejecutar_notebook> on 2026-09-28 01:31:14.899558+00:00
[2026-09-28T01:37:31.974+0000] {standard_task_runner.py:57} INFO - Started process 863 to run task
[2026-09-28T01:37:31.986+0000] {standard_task_runner.py:84} INFO - Running: ['***', 'tasks', 'run', 'cobertura_pipeline', 'ejecutar_notebook', 'scheduled__2026-09-28T01:31:14.899558+00:00', '--job-id', '1400', '--raw', '--subdir', 'DAGS_FOLDER/1_dag_flujo.py', '--cfg-path', '/tmp/tmpl2qnh0il']
[2026-09-28T01:37:31.992+0000] {standard_task_runner.py:85} INFO - Job 1400: Subtask ejecutar_notebook
[2026-09-28T01:37:32.138+0000] {task_command.py:410} INFO - Running <TaskInstance: cobertura_pipeline.ejecutar_notebook scheduled__2026-09-28T01:31:14.899558+00:00 [running]> on host 83378675a687
[2026-09-28T01:37:32.399+0000] {taskinstance.py:1570} INFO - Exporting env vars: AIRFLOW_CTX_DAG_OWNER='***' AIRFLOW_CTX_DAG_ID='cobertura_pipeline' AIRFLOW_CTX_TASK_ID='ejecutar_notebook' AIRFLOW_CTX_EXECUTION_DATE='2026-09-28T01:31:14.899558+00:00' AIRFLOW_CTX_TRY_NUMBER='1' AIRFLOW_CTX_DAG_RUN_ID='scheduled__2026-09-28T01:31:14.899558+00:00'
[2026-09-28T01:37:32.880+0000] {execute.py:83} INFO - Input Notebook:  /opt/***/notebooks/entrenamiento.ipynb
[2026-09-28T01:37:32.880+0000] {execute.py:84} INFO - Output Notebook: /opt/***/logs/notebooks/8274c7796484f2eb4da4306e_intento_1.ipynb
[2026-09-28T01:37:32.881+0000] {execute.py:87} INFO - Working directory: /opt/***
[2026-09-28T01:37:32.934+0000] {translators.py:196} WARNING - Black is not installed, parameters wont be formatted
[2026-09-28T01:37:32.951+0000] {logging_mixin.py:149} WARNING - Executing:   0%|          | 0/6 [00:00<?, ?cell/s]
[2026-09-28T01:37:35.709+0000] {clientwrap.py:44} INFO - Executing notebook with kernel: python3
[2026-09-28T01:37:35.711+0000] {engines.py:218} INFO - Executing Cell 1---------------------------------------
[2026-09-28T01:37:35.771+0000] {engines.py:256} INFO - Ending Cell 1------------------------------------------
[2026-09-28T01:37:35.782+0000] {logging_mixin.py:149} WARNING - Executing:  17%|#6        | 1/6 [00:02<00:14,  2.83s/cell]
[2026-09-28T01:37:35.782+0000] {engines.py:218} INFO - Executing Cell 2---------------------------------------
[2026-09-28T01:37:35.826+0000] {engines.py:256} INFO - Ending Cell 2------------------------------------------
[2026-09-28T01:37:35.836+0000] {engines.py:218} INFO - Executing Cell 3---------------------------------------
[2026-09-28T01:37:38.143+0000] {clientwrap.py:91} INFO - Ejecución: scheduled__2026-09-28T01:31:14.899558+00:00
Entrenamiento: 11227
Prueba: 2874

[2026-09-28T01:37:38.152+0000] {engines.py:256} INFO - Ending Cell 3------------------------------------------
[2026-09-28T01:37:38.161+0000] {logging_mixin.py:149} WARNING - Executing:  50%|#####     | 3/6 [00:05<00:04,  1.61s/cell]
[2026-09-28T01:37:38.161+0000] {engines.py:218} INFO - Executing Cell 4---------------------------------------
[2026-09-28T01:37:39.619+0000] {clientwrap.py:91} INFO - {
  "accuracy": 0.9822546972860126,
  "f1_macro": 0.936384356161956,
  "filas_train": 11227,
  "filas_test": 2874,
  "batches_recolectados": 5,
  "clases_entrenadas": [
    1,
    2,
    4,
    5,
    6
  ],
  "clases_test": [
    1,
    2,
    4,
    5,
    6
  ],
  "matriz_confusion_orden_1_a_7": [
    [
      2473,
      0,
      0,
      16,
      3,
      2,
      0
    ],
    [
      3,
      100,
      0,
      0,
      0,
      0,
      0
    ],
    [
      0,
      0,
      0,
      0,
      0,
      0,
      0
    ],
    [
      10,
      0,
      0,
      95,
      1,
      0,
      0
    ],
    [
      14,
      0,
      0,
      0,
      51,
      0,
      0
    ],
    [
      2,
      0,
      0,
      0,
      0,
      104,
      0
    ],
    [
      0,
      0,
      0,
      0,
      0,
      0,
      0
    ]
  ]
}

[2026-09-28T01:37:39.627+0000] {engines.py:256} INFO - Ending Cell 4------------------------------------------
[2026-09-28T01:37:39.635+0000] {logging_mixin.py:149} WARNING - Executing:  67%|######6   | 4/6 [00:06<00:03,  1.57s/cell]
[2026-09-28T01:37:39.635+0000] {engines.py:218} INFO - Executing Cell 5---------------------------------------
[2026-09-28T01:37:40.069+0000] {clientwrap.py:91} INFO - Modelo guardado: grupo3/jupyter_cf46317530ca41af8668732cd880aae3/modelo.joblib

[2026-09-28T01:37:40.075+0000] {engines.py:256} INFO - Ending Cell 5------------------------------------------
[2026-09-28T01:37:40.083+0000] {logging_mixin.py:149} WARNING - Executing:  83%|########3 | 5/6 [00:07<00:01,  1.20s/cell]
[2026-09-28T01:37:40.083+0000] {engines.py:218} INFO - Executing Cell 6---------------------------------------
[2026-09-28T01:37:40.125+0000] {clientwrap.py:91} INFO - Modelo activado: jupyter_cf46317530ca41af8668732cd880aae3

[2026-09-28T01:37:40.135+0000] {engines.py:256} INFO - Ending Cell 6------------------------------------------
[2026-09-28T01:37:40.883+0000] {logging_mixin.py:149} WARNING - Executing: 100%|##########| 6/6 [00:07<00:00,  1.32s/cell]
[2026-09-28T01:37:40.913+0000] {logging_mixin.py:149} INFO - Notebook ejecutado y guardado en: /opt/***/logs/notebooks/8274c7796484f2eb4da4306e_intento_1.ipynb
[2026-09-28T01:37:40.923+0000] {python.py:183} INFO - Done. Returned value was: None
[2026-09-28T01:37:40.963+0000] {taskinstance.py:1373} INFO - Marking task as SUCCESS. dag_id=cobertura_pipeline, task_id=ejecutar_notebook, execution_date=20260928T013114, start_date=20260928T013731, end_date=20260928T013740
[2026-09-28T01:37:41.071+0000] {local_task_job_runner.py:232} INFO - Task exited with return code 0
[2026-09-28T01:37:41.125+0000] {taskinstance.py:2674} INFO - 0 downstream tasks scheduled from follow-on schedule check
